[22-Jun-2017 21:21:22 America/Los_Angeles] PHP Warning:  Invalid argument supplied for foreach() in /home1/dbjranger/public_html/clients/sy-admin/news/news.edit.php on line 204
[22-Jun-2017 23:09:56 America/Los_Angeles] PHP Warning:  imagecreatefrompng(): '/home1/dbjranger/public_html/clients/' is not a valid PNG file in /home1/dbjranger/public_html/clients/sy-admin/photo.process.functions.php on line 199
[22-Jun-2017 23:09:56 America/Los_Angeles] PHP Warning:  imagesx() expects parameter 1 to be resource, boolean given in /home1/dbjranger/public_html/clients/sy-admin/photo.process.functions.php on line 201
[22-Jun-2017 23:09:56 America/Los_Angeles] PHP Warning:  imagesy() expects parameter 1 to be resource, boolean given in /home1/dbjranger/public_html/clients/sy-admin/photo.process.functions.php on line 202
[22-Jun-2017 23:09:56 America/Los_Angeles] PHP Warning:  imagecopy() expects parameter 2 to be resource, boolean given in /home1/dbjranger/public_html/clients/sy-admin/photo.process.functions.php on line 220
[22-Jun-2017 23:09:56 America/Los_Angeles] PHP Warning:  imagedestroy() expects parameter 1 to be resource, boolean given in /home1/dbjranger/public_html/clients/sy-admin/photo.process.functions.php on line 249
[22-Jun-2017 23:10:03 America/Los_Angeles] PHP Warning:  imagecreatefrompng(): '/home1/dbjranger/public_html/clients/' is not a valid PNG file in /home1/dbjranger/public_html/clients/sy-admin/photo.process.functions.php on line 199
[22-Jun-2017 23:10:03 America/Los_Angeles] PHP Warning:  imagesx() expects parameter 1 to be resource, boolean given in /home1/dbjranger/public_html/clients/sy-admin/photo.process.functions.php on line 201
[22-Jun-2017 23:10:03 America/Los_Angeles] PHP Warning:  imagesy() expects parameter 1 to be resource, boolean given in /home1/dbjranger/public_html/clients/sy-admin/photo.process.functions.php on line 202
[22-Jun-2017 23:10:03 America/Los_Angeles] PHP Warning:  imagecopy() expects parameter 2 to be resource, boolean given in /home1/dbjranger/public_html/clients/sy-admin/photo.process.functions.php on line 220
[22-Jun-2017 23:10:03 America/Los_Angeles] PHP Warning:  imagedestroy() expects parameter 1 to be resource, boolean given in /home1/dbjranger/public_html/clients/sy-admin/photo.process.functions.php on line 249
[22-Jun-2017 23:10:08 America/Los_Angeles] PHP Warning:  imagecreatefrompng(): '/home1/dbjranger/public_html/clients/' is not a valid PNG file in /home1/dbjranger/public_html/clients/sy-admin/photo.process.functions.php on line 199
[22-Jun-2017 23:10:08 America/Los_Angeles] PHP Warning:  imagesx() expects parameter 1 to be resource, boolean given in /home1/dbjranger/public_html/clients/sy-admin/photo.process.functions.php on line 201
[22-Jun-2017 23:10:08 America/Los_Angeles] PHP Warning:  imagesy() expects parameter 1 to be resource, boolean given in /home1/dbjranger/public_html/clients/sy-admin/photo.process.functions.php on line 202
[22-Jun-2017 23:10:08 America/Los_Angeles] PHP Warning:  imagecopy() expects parameter 2 to be resource, boolean given in /home1/dbjranger/public_html/clients/sy-admin/photo.process.functions.php on line 220
[22-Jun-2017 23:10:08 America/Los_Angeles] PHP Warning:  imagedestroy() expects parameter 1 to be resource, boolean given in /home1/dbjranger/public_html/clients/sy-admin/photo.process.functions.php on line 249
[22-Jun-2017 23:10:13 America/Los_Angeles] PHP Warning:  imagecreatefrompng(): '/home1/dbjranger/public_html/clients/' is not a valid PNG file in /home1/dbjranger/public_html/clients/sy-admin/photo.process.functions.php on line 199
[22-Jun-2017 23:10:13 America/Los_Angeles] PHP Warning:  imagesx() expects parameter 1 to be resource, boolean given in /home1/dbjranger/public_html/clients/sy-admin/photo.process.functions.php on line 201
[22-Jun-2017 23:10:13 America/Los_Angeles] PHP Warning:  imagesy() expects parameter 1 to be resource, boolean given in /home1/dbjranger/public_html/clients/sy-admin/photo.process.functions.php on line 202
[22-Jun-2017 23:10:13 America/Los_Angeles] PHP Warning:  imagecopy() expects parameter 2 to be resource, boolean given in /home1/dbjranger/public_html/clients/sy-admin/photo.process.functions.php on line 220
[22-Jun-2017 23:10:13 America/Los_Angeles] PHP Warning:  imagedestroy() expects parameter 1 to be resource, boolean given in /home1/dbjranger/public_html/clients/sy-admin/photo.process.functions.php on line 249
[22-Jun-2017 23:18:00 America/Los_Angeles] PHP Warning:  Invalid argument supplied for foreach() in /home1/dbjranger/public_html/clients/sy-admin/news/news.edit.php on line 204
[22-Jun-2017 23:38:33 America/Los_Angeles] PHP Warning:  unlink(): No such file or directory in /home1/dbjranger/public_html/clients/sy-admin/settings/settings.watermark.upload.php on line 35
[22-Jun-2017 23:41:30 America/Los_Angeles] PHP Warning:  Invalid argument supplied for foreach() in /home1/dbjranger/public_html/clients/sy-admin/news/news.edit.php on line 204
[22-Jun-2017 23:48:07 America/Los_Angeles] PHP Warning:  Invalid argument supplied for foreach() in /home1/dbjranger/public_html/clients/sy-admin/news/news.edit.php on line 204
[22-Jun-2017 23:50:00 America/Los_Angeles] PHP Warning:  Invalid argument supplied for foreach() in /home1/dbjranger/public_html/clients/sy-admin/news/news.edit.php on line 204
[22-Jun-2017 23:50:26 America/Los_Angeles] PHP Warning:  Invalid argument supplied for foreach() in /home1/dbjranger/public_html/clients/sy-admin/news/news.edit.php on line 204
[23-Jun-2017 02:16:55 America/Los_Angeles] PHP Warning:  Invalid argument supplied for foreach() in /home1/dbjranger/public_html/clients/sy-admin/news/news.edit.php on line 204
[24-Jun-2017 06:14:16 America/Los_Angeles] PHP Warning:  Invalid argument supplied for foreach() in /home1/dbjranger/public_html/clients/sy-admin/news/news.edit.php on line 204
[24-Jun-2017 06:15:17 America/Los_Angeles] PHP Warning:  Invalid argument supplied for foreach() in /home1/dbjranger/public_html/clients/sy-admin/news/news.edit.php on line 204
[24-Jun-2017 06:20:05 America/Los_Angeles] PHP Warning:  Invalid argument supplied for foreach() in /home1/dbjranger/public_html/clients/sy-admin/news/news.edit.php on line 204
[24-Jun-2017 06:20:34 America/Los_Angeles] PHP Warning:  Invalid argument supplied for foreach() in /home1/dbjranger/public_html/clients/sy-admin/news/news.edit.php on line 204
[24-Jun-2017 06:42:56 America/Los_Angeles] PHP Warning:  Invalid argument supplied for foreach() in /home1/dbjranger/public_html/clients/sy-admin/news/news.edit.php on line 204
[25-Jun-2017 18:47:58 America/Los_Angeles] PHP Warning:  Invalid argument supplied for foreach() in /home1/dbjranger/public_html/clients/sy-admin/news/news.edit.php on line 204
[25-Jun-2017 19:31:18 America/Los_Angeles] PHP Warning:  Invalid argument supplied for foreach() in /home1/dbjranger/public_html/clients/sy-admin/news/news.edit.php on line 204
[25-Jun-2017 19:31:45 America/Los_Angeles] PHP Warning:  Invalid argument supplied for foreach() in /home1/dbjranger/public_html/clients/sy-admin/news/news.edit.php on line 204
[25-Jun-2017 19:33:12 America/Los_Angeles] PHP Warning:  Invalid argument supplied for foreach() in /home1/dbjranger/public_html/clients/sy-admin/news/news.edit.php on line 204
[25-Jun-2017 19:33:18 America/Los_Angeles] PHP Warning:  Invalid argument supplied for foreach() in /home1/dbjranger/public_html/clients/sy-admin/news/news.edit.php on line 204
[25-Jun-2017 19:47:57 America/Los_Angeles] PHP Warning:  Invalid argument supplied for foreach() in /home1/dbjranger/public_html/clients/sy-admin/news/news.edit.php on line 204
[25-Jun-2017 19:49:24 America/Los_Angeles] PHP Warning:  Invalid argument supplied for foreach() in /home1/dbjranger/public_html/clients/sy-admin/news/news.edit.php on line 204
[25-Jun-2017 19:49:28 America/Los_Angeles] PHP Warning:  Invalid argument supplied for foreach() in /home1/dbjranger/public_html/clients/sy-admin/news/news.edit.php on line 204
[25-Jun-2017 19:54:55 America/Los_Angeles] PHP Warning:  Invalid argument supplied for foreach() in /home1/dbjranger/public_html/clients/sy-admin/news/news.edit.php on line 204
[08-Jul-2017 13:35:22 America/Los_Angeles] PHP Warning:  Invalid argument supplied for foreach() in /home1/dbjranger/public_html/clients/sy-admin/news/news.edit.php on line 204
[28-Jul-2017 01:18:38 America/Los_Angeles] PHP Parse error:  syntax error, unexpected 'href' (T_STRING) in /home1/dbjranger/public_html/clients/sy-inc/menu_mobile.php on line 32
[28-Jul-2017 01:20:20 America/Los_Angeles] PHP Parse error:  syntax error, unexpected '}' in /home1/dbjranger/public_html/clients/sy-inc/menu_mobile.php on line 32
[28-Jul-2017 01:55:59 America/Los_Angeles] PHP Parse error:  syntax error, unexpected end of file in /home1/dbjranger/public_html/clients/sy-inc/menu_mobile.php on line 167
[28-Jul-2017 02:06:00 America/Los_Angeles] PHP Parse error:  syntax error, unexpected 'elseif' (T_ELSEIF) in /home1/dbjranger/public_html/clients/sy-inc/menu_mobile.php on line 61
[28-Jul-2017 02:06:09 America/Los_Angeles] PHP Parse error:  syntax error, unexpected 'elseif' (T_ELSEIF) in /home1/dbjranger/public_html/clients/sy-inc/menu_mobile.php on line 61
[28-Jul-2017 02:07:30 America/Los_Angeles] PHP Parse error:  syntax error, unexpected 'elseif' (T_ELSEIF) in /home1/dbjranger/public_html/clients/sy-inc/menu_mobile.php on line 61
[28-Jul-2017 13:01:55 America/Los_Angeles] PHP Fatal error:  Call to undefined function explod() in /home1/dbjranger/public_html/clients/sy-inc/store/store_package_photo.php on line 430
[28-Jul-2017 13:07:14 America/Los_Angeles] PHP Fatal error:  Call to undefined function arry() in /home1/dbjranger/public_html/clients/sy-inc/store/store_package_photo.php on line 431
[28-Jul-2017 13:08:22 America/Los_Angeles] PHP Fatal error:  Call to undefined function arry() in /home1/dbjranger/public_html/clients/sy-inc/store/store_package_photo.php on line 431
[30-Jul-2017 10:40:02 America/Los_Angeles] PHP Catchable fatal error:  Object of class mysqli_result could not be converted to string in /home1/dbjranger/public_html/clients/sy-inc/store/store_package_photo.php on line 444
[30-Jul-2017 10:50:37 America/Los_Angeles] PHP Catchable fatal error:  Object of class mysqli_result could not be converted to string in /home1/dbjranger/public_html/clients/sy-inc/store/store_package_photo.php on line 439
[01-Aug-2017 20:51:46 America/Los_Angeles] PHP Parse error:  syntax error, unexpected '$total' (T_VARIABLE) in /home1/dbjranger/public_html/clients/sy-inc/menu_mobile.php on line 25
[03-Aug-2017 16:16:48 America/Chicago] PHP Parse error:  syntax error, unexpected '}' in /home1/dbjranger/public_html/clients/sy-inc/store/store_photo_buy_functions.php on line 244
[03-Aug-2017 16:19:54 America/Chicago] PHP Parse error:  syntax error, unexpected '}' in /home1/dbjranger/public_html/clients/sy-inc/store/store_photo_buy_functions.php on line 1044
[03-Aug-2017 16:21:33 America/Chicago] PHP Parse error:  syntax error, unexpected '}' in /home1/dbjranger/public_html/clients/sy-inc/store/store_photo_buy_functions.php on line 1044
[03-Aug-2017 16:23:47 America/Chicago] PHP Parse error:  syntax error, unexpected '}' in /home1/dbjranger/public_html/clients/sy-inc/store/store_photo_buy_functions.php on line 1042
[03-Aug-2017 16:24:34 America/Chicago] PHP Parse error:  syntax error, unexpected '}' in /home1/dbjranger/public_html/clients/sy-inc/store/store_photo_buy_functions.php on line 1073
[03-Aug-2017 16:29:41 America/Chicago] PHP Parse error:  syntax error, unexpected '}' in /home1/dbjranger/public_html/clients/sy-inc/store/store_photo_buy_functions.php on line 1044
[03-Aug-2017 16:39:59 America/Chicago] PHP Parse error:  syntax error, unexpected '}' in /home1/dbjranger/public_html/clients/sy-inc/store/store_photo_buy_functions.php on line 1044
[03-Aug-2017 16:45:36 America/Chicago] PHP Parse error:  syntax error, unexpected '}' in /home1/dbjranger/public_html/clients/sy-inc/store/store_photo_buy_functions.php on line 1045
[03-Aug-2017 16:46:25 America/Chicago] PHP Parse error:  syntax error, unexpected '}' in /home1/dbjranger/public_html/clients/sy-inc/store/store_photo_buy_functions.php on line 1060
[03-Aug-2017 16:48:00 America/Chicago] PHP Parse error:  syntax error, unexpected '}' in /home1/dbjranger/public_html/clients/sy-inc/store/store_photo_buy_functions.php on line 1083
[04-Aug-2017 11:19:38 America/Chicago] PHP Parse error:  syntax error, unexpected end of file in /home1/dbjranger/public_html/clients/sy-inc/store/store_photo_buy_functions.php on line 1231
[04-Aug-2017 11:29:31 America/Chicago] PHP Parse error:  syntax error, unexpected end of file in /home1/dbjranger/public_html/clients/sy-inc/store/store_photo_buy_functions.php on line 1231
[04-Aug-2017 11:29:39 America/Chicago] PHP Parse error:  syntax error, unexpected end of file in /home1/dbjranger/public_html/clients/sy-inc/store/store_photo_buy_functions.php on line 1231
[04-Aug-2017 11:29:40 America/Chicago] PHP Parse error:  syntax error, unexpected end of file in /home1/dbjranger/public_html/clients/sy-inc/store/store_photo_buy_functions.php on line 1231
[04-Aug-2017 11:29:44 America/Chicago] PHP Parse error:  syntax error, unexpected end of file in /home1/dbjranger/public_html/clients/sy-inc/store/store_photo_buy_functions.php on line 1231
[04-Aug-2017 11:29:47 America/Chicago] PHP Parse error:  syntax error, unexpected end of file in /home1/dbjranger/public_html/clients/sy-inc/store/store_photo_buy_functions.php on line 1231
[08-Aug-2017 14:08:38 America/Los_Angeles] PHP Warning:  strpos() expects parameter 1 to be string, array given in /home1/dbjranger/public_html/clients/sy-inc/store/store_package_photo.php on line 781
[08-Aug-2017 14:08:38 America/Los_Angeles] PHP Warning:  strpos() expects parameter 1 to be string, array given in /home1/dbjranger/public_html/clients/sy-inc/store/store_package_photo.php on line 781
[08-Aug-2017 14:08:38 America/Los_Angeles] PHP Warning:  strpos() expects parameter 1 to be string, array given in /home1/dbjranger/public_html/clients/sy-inc/store/store_package_photo.php on line 781
[08-Aug-2017 14:08:38 America/Los_Angeles] PHP Warning:  strpos() expects parameter 1 to be string, array given in /home1/dbjranger/public_html/clients/sy-inc/store/store_package_photo.php on line 781
[08-Aug-2017 14:08:38 America/Los_Angeles] PHP Warning:  strpos() expects parameter 1 to be string, array given in /home1/dbjranger/public_html/clients/sy-inc/store/store_package_photo.php on line 781
[08-Aug-2017 14:08:38 America/Los_Angeles] PHP Warning:  strpos() expects parameter 1 to be string, array given in /home1/dbjranger/public_html/clients/sy-inc/store/store_package_photo.php on line 781
[08-Aug-2017 14:08:38 America/Los_Angeles] PHP Warning:  strpos() expects parameter 1 to be string, array given in /home1/dbjranger/public_html/clients/sy-inc/store/store_package_photo.php on line 781
[08-Aug-2017 14:08:38 America/Los_Angeles] PHP Warning:  strpos() expects parameter 1 to be string, array given in /home1/dbjranger/public_html/clients/sy-inc/store/store_package_photo.php on line 781
[08-Aug-2017 14:08:38 America/Los_Angeles] PHP Warning:  strpos() expects parameter 1 to be string, array given in /home1/dbjranger/public_html/clients/sy-inc/store/store_package_photo.php on line 781
[08-Aug-2017 14:08:38 America/Los_Angeles] PHP Warning:  strpos() expects parameter 1 to be string, array given in /home1/dbjranger/public_html/clients/sy-inc/store/store_package_photo.php on line 781
[08-Aug-2017 14:08:38 America/Los_Angeles] PHP Warning:  strpos() expects parameter 1 to be string, array given in /home1/dbjranger/public_html/clients/sy-inc/store/store_package_photo.php on line 781
[08-Aug-2017 14:08:38 America/Los_Angeles] PHP Warning:  strpos() expects parameter 1 to be string, array given in /home1/dbjranger/public_html/clients/sy-inc/store/store_package_photo.php on line 781
[08-Aug-2017 14:08:38 America/Los_Angeles] PHP Warning:  strpos() expects parameter 1 to be string, array given in /home1/dbjranger/public_html/clients/sy-inc/store/store_package_photo.php on line 781
[08-Aug-2017 14:08:38 America/Los_Angeles] PHP Warning:  strpos() expects parameter 1 to be string, array given in /home1/dbjranger/public_html/clients/sy-inc/store/store_package_photo.php on line 781
[08-Aug-2017 14:08:38 America/Los_Angeles] PHP Warning:  strpos() expects parameter 1 to be string, array given in /home1/dbjranger/public_html/clients/sy-inc/store/store_package_photo.php on line 781
[08-Aug-2017 14:08:38 America/Los_Angeles] PHP Warning:  strpos() expects parameter 1 to be string, array given in /home1/dbjranger/public_html/clients/sy-inc/store/store_package_photo.php on line 781
[08-Aug-2017 14:08:38 America/Los_Angeles] PHP Warning:  strpos() expects parameter 1 to be string, array given in /home1/dbjranger/public_html/clients/sy-inc/store/store_package_photo.php on line 781
[08-Aug-2017 14:12:36 America/Los_Angeles] PHP Warning:  strpos() expects parameter 1 to be string, array given in /home1/dbjranger/public_html/clients/sy-inc/store/store_package_photo.php on line 782
[08-Aug-2017 14:12:36 America/Los_Angeles] PHP Warning:  strpos() expects parameter 1 to be string, array given in /home1/dbjranger/public_html/clients/sy-inc/store/store_package_photo.php on line 782
[08-Aug-2017 14:12:36 America/Los_Angeles] PHP Warning:  strpos() expects parameter 1 to be string, array given in /home1/dbjranger/public_html/clients/sy-inc/store/store_package_photo.php on line 782
[08-Aug-2017 14:12:36 America/Los_Angeles] PHP Warning:  strpos() expects parameter 1 to be string, array given in /home1/dbjranger/public_html/clients/sy-inc/store/store_package_photo.php on line 782
[08-Aug-2017 14:12:36 America/Los_Angeles] PHP Warning:  strpos() expects parameter 1 to be string, array given in /home1/dbjranger/public_html/clients/sy-inc/store/store_package_photo.php on line 782
[08-Aug-2017 14:12:36 America/Los_Angeles] PHP Warning:  strpos() expects parameter 1 to be string, array given in /home1/dbjranger/public_html/clients/sy-inc/store/store_package_photo.php on line 782
[08-Aug-2017 14:12:36 America/Los_Angeles] PHP Warning:  strpos() expects parameter 1 to be string, array given in /home1/dbjranger/public_html/clients/sy-inc/store/store_package_photo.php on line 782
[08-Aug-2017 14:12:36 America/Los_Angeles] PHP Warning:  strpos() expects parameter 1 to be string, array given in /home1/dbjranger/public_html/clients/sy-inc/store/store_package_photo.php on line 782
[08-Aug-2017 14:12:36 America/Los_Angeles] PHP Warning:  strpos() expects parameter 1 to be string, array given in /home1/dbjranger/public_html/clients/sy-inc/store/store_package_photo.php on line 782
[08-Aug-2017 14:12:36 America/Los_Angeles] PHP Warning:  strpos() expects parameter 1 to be string, array given in /home1/dbjranger/public_html/clients/sy-inc/store/store_package_photo.php on line 782
[08-Aug-2017 14:12:36 America/Los_Angeles] PHP Warning:  strpos() expects parameter 1 to be string, array given in /home1/dbjranger/public_html/clients/sy-inc/store/store_package_photo.php on line 782
[08-Aug-2017 14:12:36 America/Los_Angeles] PHP Warning:  strpos() expects parameter 1 to be string, array given in /home1/dbjranger/public_html/clients/sy-inc/store/store_package_photo.php on line 782
[08-Aug-2017 14:12:36 America/Los_Angeles] PHP Warning:  strpos() expects parameter 1 to be string, array given in /home1/dbjranger/public_html/clients/sy-inc/store/store_package_photo.php on line 782
[08-Aug-2017 14:12:36 America/Los_Angeles] PHP Warning:  strpos() expects parameter 1 to be string, array given in /home1/dbjranger/public_html/clients/sy-inc/store/store_package_photo.php on line 782
[08-Aug-2017 14:12:36 America/Los_Angeles] PHP Warning:  strpos() expects parameter 1 to be string, array given in /home1/dbjranger/public_html/clients/sy-inc/store/store_package_photo.php on line 782
[08-Aug-2017 14:12:36 America/Los_Angeles] PHP Warning:  strpos() expects parameter 1 to be string, array given in /home1/dbjranger/public_html/clients/sy-inc/store/store_package_photo.php on line 782
[08-Aug-2017 14:12:36 America/Los_Angeles] PHP Warning:  strpos() expects parameter 1 to be string, array given in /home1/dbjranger/public_html/clients/sy-inc/store/store_package_photo.php on line 782
[08-Aug-2017 14:16:53 America/Los_Angeles] PHP Warning:  strpos() expects parameter 1 to be string, array given in /home1/dbjranger/public_html/clients/sy-inc/store/store_package_photo.php on line 782
[08-Aug-2017 14:16:53 America/Los_Angeles] PHP Warning:  strpos() expects parameter 1 to be string, array given in /home1/dbjranger/public_html/clients/sy-inc/store/store_package_photo.php on line 782
[08-Aug-2017 14:16:53 America/Los_Angeles] PHP Warning:  strpos() expects parameter 1 to be string, array given in /home1/dbjranger/public_html/clients/sy-inc/store/store_package_photo.php on line 782
[08-Aug-2017 14:16:53 America/Los_Angeles] PHP Warning:  strpos() expects parameter 1 to be string, array given in /home1/dbjranger/public_html/clients/sy-inc/store/store_package_photo.php on line 782
[08-Aug-2017 14:16:53 America/Los_Angeles] PHP Warning:  strpos() expects parameter 1 to be string, array given in /home1/dbjranger/public_html/clients/sy-inc/store/store_package_photo.php on line 782
[08-Aug-2017 14:16:53 America/Los_Angeles] PHP Warning:  strpos() expects parameter 1 to be string, array given in /home1/dbjranger/public_html/clients/sy-inc/store/store_package_photo.php on line 782
[08-Aug-2017 14:16:53 America/Los_Angeles] PHP Warning:  strpos() expects parameter 1 to be string, array given in /home1/dbjranger/public_html/clients/sy-inc/store/store_package_photo.php on line 782
[08-Aug-2017 14:16:53 America/Los_Angeles] PHP Warning:  strpos() expects parameter 1 to be string, array given in /home1/dbjranger/public_html/clients/sy-inc/store/store_package_photo.php on line 782
[08-Aug-2017 14:16:53 America/Los_Angeles] PHP Warning:  strpos() expects parameter 1 to be string, array given in /home1/dbjranger/public_html/clients/sy-inc/store/store_package_photo.php on line 782
[08-Aug-2017 14:16:53 America/Los_Angeles] PHP Warning:  strpos() expects parameter 1 to be string, array given in /home1/dbjranger/public_html/clients/sy-inc/store/store_package_photo.php on line 782
[08-Aug-2017 14:16:53 America/Los_Angeles] PHP Warning:  strpos() expects parameter 1 to be string, array given in /home1/dbjranger/public_html/clients/sy-inc/store/store_package_photo.php on line 782
[08-Aug-2017 14:16:53 America/Los_Angeles] PHP Warning:  strpos() expects parameter 1 to be string, array given in /home1/dbjranger/public_html/clients/sy-inc/store/store_package_photo.php on line 782
[08-Aug-2017 14:16:53 America/Los_Angeles] PHP Warning:  strpos() expects parameter 1 to be string, array given in /home1/dbjranger/public_html/clients/sy-inc/store/store_package_photo.php on line 782
[08-Aug-2017 14:16:53 America/Los_Angeles] PHP Warning:  strpos() expects parameter 1 to be string, array given in /home1/dbjranger/public_html/clients/sy-inc/store/store_package_photo.php on line 782
[08-Aug-2017 14:16:53 America/Los_Angeles] PHP Warning:  strpos() expects parameter 1 to be string, array given in /home1/dbjranger/public_html/clients/sy-inc/store/store_package_photo.php on line 782
[08-Aug-2017 14:16:54 America/Los_Angeles] PHP Warning:  strpos() expects parameter 1 to be string, array given in /home1/dbjranger/public_html/clients/sy-inc/store/store_package_photo.php on line 782
[08-Aug-2017 14:16:54 America/Los_Angeles] PHP Warning:  strpos() expects parameter 1 to be string, array given in /home1/dbjranger/public_html/clients/sy-inc/store/store_package_photo.php on line 782
[08-Aug-2017 14:18:18 America/Los_Angeles] PHP Warning:  strpos() expects parameter 1 to be string, array given in /home1/dbjranger/public_html/clients/sy-inc/store/store_package_photo.php on line 782
[08-Aug-2017 14:18:18 America/Los_Angeles] PHP Warning:  strpos() expects parameter 1 to be string, array given in /home1/dbjranger/public_html/clients/sy-inc/store/store_package_photo.php on line 782
[08-Aug-2017 14:18:18 America/Los_Angeles] PHP Warning:  strpos() expects parameter 1 to be string, array given in /home1/dbjranger/public_html/clients/sy-inc/store/store_package_photo.php on line 782
[08-Aug-2017 14:18:18 America/Los_Angeles] PHP Warning:  strpos() expects parameter 1 to be string, array given in /home1/dbjranger/public_html/clients/sy-inc/store/store_package_photo.php on line 782
[08-Aug-2017 14:18:18 America/Los_Angeles] PHP Warning:  strpos() expects parameter 1 to be string, array given in /home1/dbjranger/public_html/clients/sy-inc/store/store_package_photo.php on line 782
[08-Aug-2017 14:18:18 America/Los_Angeles] PHP Warning:  strpos() expects parameter 1 to be string, array given in /home1/dbjranger/public_html/clients/sy-inc/store/store_package_photo.php on line 782
[08-Aug-2017 14:18:18 America/Los_Angeles] PHP Warning:  strpos() expects parameter 1 to be string, array given in /home1/dbjranger/public_html/clients/sy-inc/store/store_package_photo.php on line 782
[08-Aug-2017 14:18:18 America/Los_Angeles] PHP Warning:  strpos() expects parameter 1 to be string, array given in /home1/dbjranger/public_html/clients/sy-inc/store/store_package_photo.php on line 782
[08-Aug-2017 14:18:18 America/Los_Angeles] PHP Warning:  strpos() expects parameter 1 to be string, array given in /home1/dbjranger/public_html/clients/sy-inc/store/store_package_photo.php on line 782
[08-Aug-2017 14:18:18 America/Los_Angeles] PHP Warning:  strpos() expects parameter 1 to be string, array given in /home1/dbjranger/public_html/clients/sy-inc/store/store_package_photo.php on line 782
[08-Aug-2017 14:18:18 America/Los_Angeles] PHP Warning:  strpos() expects parameter 1 to be string, array given in /home1/dbjranger/public_html/clients/sy-inc/store/store_package_photo.php on line 782
[08-Aug-2017 14:18:18 America/Los_Angeles] PHP Warning:  strpos() expects parameter 1 to be string, array given in /home1/dbjranger/public_html/clients/sy-inc/store/store_package_photo.php on line 782
[08-Aug-2017 14:18:18 America/Los_Angeles] PHP Warning:  strpos() expects parameter 1 to be string, array given in /home1/dbjranger/public_html/clients/sy-inc/store/store_package_photo.php on line 782
[08-Aug-2017 14:18:18 America/Los_Angeles] PHP Warning:  strpos() expects parameter 1 to be string, array given in /home1/dbjranger/public_html/clients/sy-inc/store/store_package_photo.php on line 782
[08-Aug-2017 14:18:18 America/Los_Angeles] PHP Warning:  strpos() expects parameter 1 to be string, array given in /home1/dbjranger/public_html/clients/sy-inc/store/store_package_photo.php on line 782
[08-Aug-2017 14:18:18 America/Los_Angeles] PHP Warning:  strpos() expects parameter 1 to be string, array given in /home1/dbjranger/public_html/clients/sy-inc/store/store_package_photo.php on line 782
[08-Aug-2017 14:18:18 America/Los_Angeles] PHP Warning:  strpos() expects parameter 1 to be string, array given in /home1/dbjranger/public_html/clients/sy-inc/store/store_package_photo.php on line 782
[11-Aug-2017 12:49:42 America/Chicago] PHP Parse error:  syntax error, unexpected end of file in /home1/dbjranger/public_html/clients/sy-inc/store/store_photo_buy_functions.php on line 979
[15-Aug-2017 14:38:52 America/Los_Angeles] PHP Warning:  Division by zero in /home1/dbjranger/public_html/clients/sy-inc/store/store_package_photo.php on line 754
[15-Aug-2017 14:38:52 America/Los_Angeles] PHP Warning:  Division by zero in /home1/dbjranger/public_html/clients/sy-inc/store/store_package_photo.php on line 754
[15-Aug-2017 14:38:52 America/Los_Angeles] PHP Warning:  Division by zero in /home1/dbjranger/public_html/clients/sy-inc/store/store_package_photo.php on line 754
[15-Aug-2017 14:38:52 America/Los_Angeles] PHP Warning:  Division by zero in /home1/dbjranger/public_html/clients/sy-inc/store/store_package_photo.php on line 754
[15-Aug-2017 14:38:52 America/Los_Angeles] PHP Warning:  Division by zero in /home1/dbjranger/public_html/clients/sy-inc/store/store_package_photo.php on line 754
[15-Aug-2017 14:38:52 America/Los_Angeles] PHP Warning:  Division by zero in /home1/dbjranger/public_html/clients/sy-inc/store/store_package_photo.php on line 754
[15-Aug-2017 14:38:52 America/Los_Angeles] PHP Warning:  Division by zero in /home1/dbjranger/public_html/clients/sy-inc/store/store_package_photo.php on line 754
[15-Aug-2017 14:38:52 America/Los_Angeles] PHP Warning:  Division by zero in /home1/dbjranger/public_html/clients/sy-inc/store/store_package_photo.php on line 754
[15-Aug-2017 14:38:52 America/Los_Angeles] PHP Warning:  Division by zero in /home1/dbjranger/public_html/clients/sy-inc/store/store_package_photo.php on line 754
[15-Aug-2017 14:38:52 America/Los_Angeles] PHP Warning:  Division by zero in /home1/dbjranger/public_html/clients/sy-inc/store/store_package_photo.php on line 754
[15-Aug-2017 14:38:52 America/Los_Angeles] PHP Warning:  Division by zero in /home1/dbjranger/public_html/clients/sy-inc/store/store_package_photo.php on line 754
[15-Aug-2017 14:38:52 America/Los_Angeles] PHP Warning:  Division by zero in /home1/dbjranger/public_html/clients/sy-inc/store/store_package_photo.php on line 754
[15-Aug-2017 14:38:52 America/Los_Angeles] PHP Warning:  Division by zero in /home1/dbjranger/public_html/clients/sy-inc/store/store_package_photo.php on line 754
[15-Aug-2017 14:42:27 America/Los_Angeles] PHP Warning:  Division by zero in /home1/dbjranger/public_html/clients/sy-inc/store/store_package_photo.php on line 754
[15-Aug-2017 14:42:27 America/Los_Angeles] PHP Warning:  Division by zero in /home1/dbjranger/public_html/clients/sy-inc/store/store_package_photo.php on line 754
[15-Aug-2017 14:42:27 America/Los_Angeles] PHP Warning:  Division by zero in /home1/dbjranger/public_html/clients/sy-inc/store/store_package_photo.php on line 754
[15-Aug-2017 14:42:27 America/Los_Angeles] PHP Warning:  Division by zero in /home1/dbjranger/public_html/clients/sy-inc/store/store_package_photo.php on line 754
[15-Aug-2017 14:42:27 America/Los_Angeles] PHP Warning:  Division by zero in /home1/dbjranger/public_html/clients/sy-inc/store/store_package_photo.php on line 754
[15-Aug-2017 14:42:27 America/Los_Angeles] PHP Warning:  Division by zero in /home1/dbjranger/public_html/clients/sy-inc/store/store_package_photo.php on line 754
[15-Aug-2017 14:42:27 America/Los_Angeles] PHP Warning:  Division by zero in /home1/dbjranger/public_html/clients/sy-inc/store/store_package_photo.php on line 754
[15-Aug-2017 14:42:27 America/Los_Angeles] PHP Warning:  Division by zero in /home1/dbjranger/public_html/clients/sy-inc/store/store_package_photo.php on line 754
[15-Aug-2017 14:42:28 America/Los_Angeles] PHP Warning:  Division by zero in /home1/dbjranger/public_html/clients/sy-inc/store/store_package_photo.php on line 754
[15-Aug-2017 14:42:28 America/Los_Angeles] PHP Warning:  Division by zero in /home1/dbjranger/public_html/clients/sy-inc/store/store_package_photo.php on line 754
[15-Aug-2017 14:42:28 America/Los_Angeles] PHP Warning:  Division by zero in /home1/dbjranger/public_html/clients/sy-inc/store/store_package_photo.php on line 754
[15-Aug-2017 14:42:28 America/Los_Angeles] PHP Warning:  Division by zero in /home1/dbjranger/public_html/clients/sy-inc/store/store_package_photo.php on line 754
[15-Aug-2017 14:42:28 America/Los_Angeles] PHP Warning:  Division by zero in /home1/dbjranger/public_html/clients/sy-inc/store/store_package_photo.php on line 754
[15-Aug-2017 18:59:10 America/Los_Angeles] PHP Warning:  Division by zero in /home1/dbjranger/public_html/clients/sy-inc/store/store_package_photo.php on line 720
[15-Aug-2017 18:59:10 America/Los_Angeles] PHP Warning:  Division by zero in /home1/dbjranger/public_html/clients/sy-inc/store/store_package_photo.php on line 720
[15-Aug-2017 18:59:10 America/Los_Angeles] PHP Warning:  Division by zero in /home1/dbjranger/public_html/clients/sy-inc/store/store_package_photo.php on line 720
[15-Aug-2017 18:59:10 America/Los_Angeles] PHP Warning:  Division by zero in /home1/dbjranger/public_html/clients/sy-inc/store/store_package_photo.php on line 720
[15-Aug-2017 18:59:10 America/Los_Angeles] PHP Warning:  Division by zero in /home1/dbjranger/public_html/clients/sy-inc/store/store_package_photo.php on line 720
[15-Aug-2017 18:59:10 America/Los_Angeles] PHP Warning:  Division by zero in /home1/dbjranger/public_html/clients/sy-inc/store/store_package_photo.php on line 720
[15-Aug-2017 18:59:10 America/Los_Angeles] PHP Warning:  Division by zero in /home1/dbjranger/public_html/clients/sy-inc/store/store_package_photo.php on line 720
[15-Aug-2017 18:59:10 America/Los_Angeles] PHP Warning:  Division by zero in /home1/dbjranger/public_html/clients/sy-inc/store/store_package_photo.php on line 720
[15-Aug-2017 18:59:10 America/Los_Angeles] PHP Warning:  Division by zero in /home1/dbjranger/public_html/clients/sy-inc/store/store_package_photo.php on line 720
[15-Aug-2017 18:59:10 America/Los_Angeles] PHP Warning:  Division by zero in /home1/dbjranger/public_html/clients/sy-inc/store/store_package_photo.php on line 720
[15-Aug-2017 18:59:10 America/Los_Angeles] PHP Warning:  Division by zero in /home1/dbjranger/public_html/clients/sy-inc/store/store_package_photo.php on line 720
[15-Aug-2017 18:59:10 America/Los_Angeles] PHP Warning:  Division by zero in /home1/dbjranger/public_html/clients/sy-inc/store/store_package_photo.php on line 720
[15-Aug-2017 18:59:10 America/Los_Angeles] PHP Warning:  Division by zero in /home1/dbjranger/public_html/clients/sy-inc/store/store_package_photo.php on line 720
[17-Aug-2017 14:36:39 America/Los_Angeles] PHP Warning:  Invalid argument supplied for foreach() in /home1/dbjranger/public_html/clients/sy-admin/news/news.edit.php on line 204
[17-Aug-2017 14:50:06 America/Los_Angeles] PHP Warning:  Invalid argument supplied for foreach() in /home1/dbjranger/public_html/clients/sy-admin/news/news.edit.php on line 204
[17-Aug-2017 14:55:40 America/Los_Angeles] PHP Warning:  Invalid argument supplied for foreach() in /home1/dbjranger/public_html/clients/sy-admin/news/news.edit.php on line 204
[17-Aug-2017 15:08:02 America/Los_Angeles] PHP Warning:  imagecreatefromjpeg(): gd-jpeg: JPEG library reports unrecoverable error:  in /home1/dbjranger/public_html/clients/sy-admin/photo.process.functions.php on line 136
[17-Aug-2017 15:08:02 America/Los_Angeles] PHP Warning:  imagecreatefromjpeg(): '/home1/dbjranger/public_html/clients/sy-photos/2017/08/17/15/large_0e2681b58_Drake__N(5).jpg' is not a valid JPEG file in /home1/dbjranger/public_html/clients/sy-admin/photo.process.functions.php on line 136
[17-Aug-2017 15:08:02 America/Los_Angeles] PHP Warning:  imagesettile() expects parameter 1 to be resource, boolean given in /home1/dbjranger/public_html/clients/sy-admin/photo.process.functions.php on line 139
[17-Aug-2017 15:08:02 America/Los_Angeles] PHP Warning:  imagefilledrectangle() expects parameter 1 to be resource, boolean given in /home1/dbjranger/public_html/clients/sy-admin/photo.process.functions.php on line 140
[17-Aug-2017 15:08:02 America/Los_Angeles] PHP Warning:  imagejpeg() expects parameter 1 to be resource, boolean given in /home1/dbjranger/public_html/clients/sy-admin/photo.process.functions.php on line 172
[17-Aug-2017 15:08:03 America/Los_Angeles] PHP Warning:  imagecreatefromjpeg(): gd-jpeg: JPEG library reports unrecoverable error:  in /home1/dbjranger/public_html/clients/sy-admin/photo.process.functions.php on line 208
[17-Aug-2017 15:08:03 America/Los_Angeles] PHP Warning:  imagecreatefromjpeg(): '/home1/dbjranger/public_html/clients/sy-photos/2017/08/17/15/large_0e2681b58_Drake__N(5).jpg' is not a valid JPEG file in /home1/dbjranger/public_html/clients/sy-admin/photo.process.functions.php on line 208
[17-Aug-2017 15:08:03 America/Los_Angeles] PHP Warning:  imagecopy() expects parameter 1 to be resource, boolean given in /home1/dbjranger/public_html/clients/sy-admin/photo.process.functions.php on line 223
[17-Aug-2017 15:08:03 America/Los_Angeles] PHP Warning:  imagejpeg() expects parameter 1 to be resource, boolean given in /home1/dbjranger/public_html/clients/sy-admin/photo.process.functions.php on line 246
[17-Aug-2017 15:08:03 America/Los_Angeles] PHP Warning:  imagecreatefromjpeg(): gd-jpeg: JPEG library reports unrecoverable error:  in /home1/dbjranger/public_html/clients/sy-admin/photo.process.functions.php on line 253
[17-Aug-2017 15:08:03 America/Los_Angeles] PHP Warning:  imagecreatefromjpeg(): '/home1/dbjranger/public_html/clients/sy-photos/2017/08/17/15/large_0e2681b58_Drake__N(5).jpg' is not a valid JPEG file in /home1/dbjranger/public_html/clients/sy-admin/photo.process.functions.php on line 253
[17-Aug-2017 15:08:03 America/Los_Angeles] PHP Warning:  imagesx() expects parameter 1 to be resource, boolean given in /home1/dbjranger/public_html/clients/sy-admin/photo.process.functions.php on line 254
[17-Aug-2017 15:08:03 America/Los_Angeles] PHP Warning:  imagesy() expects parameter 1 to be resource, boolean given in /home1/dbjranger/public_html/clients/sy-admin/photo.process.functions.php on line 255
[17-Aug-2017 15:08:03 America/Los_Angeles] PHP Warning:  imagejpeg() expects parameter 1 to be resource, boolean given in /home1/dbjranger/public_html/clients/sy-admin/photo.process.functions.php on line 288
[17-Aug-2017 15:08:03 America/Los_Angeles] PHP Warning:  imagedestroy() expects parameter 1 to be resource, boolean given in /home1/dbjranger/public_html/clients/sy-admin/photo.process.functions.php on line 290
[17-Aug-2017 15:08:03 America/Los_Angeles] PHP Warning:  imagecreatefromjpeg(/home1/dbjranger/public_html/clients/sy-photos/2017/08/17/15/small_c5f559_Drake__N(5).jpg): failed to open stream: No such file or directory in /home1/dbjranger/public_html/clients/sy-admin/photo.process.functions.php on line 253
[17-Aug-2017 15:08:03 America/Los_Angeles] PHP Warning:  imagesx() expects parameter 1 to be resource, boolean given in /home1/dbjranger/public_html/clients/sy-admin/photo.process.functions.php on line 254
[17-Aug-2017 15:08:03 America/Los_Angeles] PHP Warning:  imagesy() expects parameter 1 to be resource, boolean given in /home1/dbjranger/public_html/clients/sy-admin/photo.process.functions.php on line 255
[17-Aug-2017 15:08:03 America/Los_Angeles] PHP Warning:  imagejpeg() expects parameter 1 to be resource, boolean given in /home1/dbjranger/public_html/clients/sy-admin/photo.process.functions.php on line 288
[17-Aug-2017 15:08:03 America/Los_Angeles] PHP Warning:  imagedestroy() expects parameter 1 to be resource, boolean given in /home1/dbjranger/public_html/clients/sy-admin/photo.process.functions.php on line 290
[17-Aug-2017 15:08:03 America/Los_Angeles] PHP Warning:  imagecreatefromjpeg(/home1/dbjranger/public_html/clients/sy-photos/2017/08/17/15/th_cc0_Drake__N(5).jpg): failed to open stream: No such file or directory in /home1/dbjranger/public_html/clients/sy-admin/photo.process.functions.php on line 253
[17-Aug-2017 15:08:03 America/Los_Angeles] PHP Warning:  imagesx() expects parameter 1 to be resource, boolean given in /home1/dbjranger/public_html/clients/sy-admin/photo.process.functions.php on line 254
[17-Aug-2017 15:08:03 America/Los_Angeles] PHP Warning:  imagesy() expects parameter 1 to be resource, boolean given in /home1/dbjranger/public_html/clients/sy-admin/photo.process.functions.php on line 255
[17-Aug-2017 15:08:03 America/Los_Angeles] PHP Warning:  imagejpeg() expects parameter 1 to be resource, boolean given in /home1/dbjranger/public_html/clients/sy-admin/photo.process.functions.php on line 288
[17-Aug-2017 15:08:03 America/Los_Angeles] PHP Warning:  imagedestroy() expects parameter 1 to be resource, boolean given in /home1/dbjranger/public_html/clients/sy-admin/photo.process.functions.php on line 290
[17-Aug-2017 15:08:03 America/Los_Angeles] PHP Warning:  imagecreatefromjpeg(/home1/dbjranger/public_html/clients/sy-photos/2017/08/17/15/mini_cc0_Drake__N(5).jpg): failed to open stream: No such file or directory in /home1/dbjranger/public_html/clients/sy-admin/photo.process.functions.php on line 584
[17-Aug-2017 15:08:03 America/Los_Angeles] PHP Warning:  imagecopy() expects parameter 2 to be resource, boolean given in /home1/dbjranger/public_html/clients/sy-admin/photo.process.functions.php on line 587
[17-Aug-2017 15:08:05 America/Los_Angeles] PHP Warning:  imagecreatefromjpeg(): gd-jpeg: JPEG library reports unrecoverable error:  in /home1/dbjranger/public_html/clients/sy-admin/photo.process.functions.php on line 136
[17-Aug-2017 15:08:05 America/Los_Angeles] PHP Warning:  imagecreatefromjpeg(): '/home1/dbjranger/public_html/clients/sy-photos/2017/08/17/15/large_db4234e13_Drake__N(5).jpg' is not a valid JPEG file in /home1/dbjranger/public_html/clients/sy-admin/photo.process.functions.php on line 136
[17-Aug-2017 15:08:05 America/Los_Angeles] PHP Warning:  imagesettile() expects parameter 1 to be resource, boolean given in /home1/dbjranger/public_html/clients/sy-admin/photo.process.functions.php on line 139
[17-Aug-2017 15:08:05 America/Los_Angeles] PHP Warning:  imagefilledrectangle() expects parameter 1 to be resource, boolean given in /home1/dbjranger/public_html/clients/sy-admin/photo.process.functions.php on line 140
[17-Aug-2017 15:08:05 America/Los_Angeles] PHP Warning:  imagejpeg() expects parameter 1 to be resource, boolean given in /home1/dbjranger/public_html/clients/sy-admin/photo.process.functions.php on line 172
[17-Aug-2017 15:08:07 America/Los_Angeles] PHP Warning:  imagecreatefromjpeg(): gd-jpeg: JPEG library reports unrecoverable error:  in /home1/dbjranger/public_html/clients/sy-admin/photo.process.functions.php on line 208
[17-Aug-2017 15:08:07 America/Los_Angeles] PHP Warning:  imagecreatefromjpeg(): '/home1/dbjranger/public_html/clients/sy-photos/2017/08/17/15/large_db4234e13_Drake__N(5).jpg' is not a valid JPEG file in /home1/dbjranger/public_html/clients/sy-admin/photo.process.functions.php on line 208
[17-Aug-2017 15:08:07 America/Los_Angeles] PHP Warning:  imagecopy() expects parameter 1 to be resource, boolean given in /home1/dbjranger/public_html/clients/sy-admin/photo.process.functions.php on line 223
[17-Aug-2017 15:08:07 America/Los_Angeles] PHP Warning:  imagejpeg() expects parameter 1 to be resource, boolean given in /home1/dbjranger/public_html/clients/sy-admin/photo.process.functions.php on line 246
[17-Aug-2017 15:08:07 America/Los_Angeles] PHP Warning:  imagecreatefromjpeg(): gd-jpeg: JPEG library reports unrecoverable error:  in /home1/dbjranger/public_html/clients/sy-admin/photo.process.functions.php on line 253
[17-Aug-2017 15:08:07 America/Los_Angeles] PHP Warning:  imagecreatefromjpeg(): '/home1/dbjranger/public_html/clients/sy-photos/2017/08/17/15/large_db4234e13_Drake__N(5).jpg' is not a valid JPEG file in /home1/dbjranger/public_html/clients/sy-admin/photo.process.functions.php on line 253
[17-Aug-2017 15:08:07 America/Los_Angeles] PHP Warning:  imagesx() expects parameter 1 to be resource, boolean given in /home1/dbjranger/public_html/clients/sy-admin/photo.process.functions.php on line 254
[17-Aug-2017 15:08:07 America/Los_Angeles] PHP Warning:  imagesy() expects parameter 1 to be resource, boolean given in /home1/dbjranger/public_html/clients/sy-admin/photo.process.functions.php on line 255
[17-Aug-2017 15:08:07 America/Los_Angeles] PHP Warning:  imagejpeg() expects parameter 1 to be resource, boolean given in /home1/dbjranger/public_html/clients/sy-admin/photo.process.functions.php on line 288
[17-Aug-2017 15:08:07 America/Los_Angeles] PHP Warning:  imagedestroy() expects parameter 1 to be resource, boolean given in /home1/dbjranger/public_html/clients/sy-admin/photo.process.functions.php on line 290
[17-Aug-2017 15:08:07 America/Los_Angeles] PHP Warning:  imagecreatefromjpeg(/home1/dbjranger/public_html/clients/sy-photos/2017/08/17/15/small_fcc732_Drake__N(5).jpg): failed to open stream: No such file or directory in /home1/dbjranger/public_html/clients/sy-admin/photo.process.functions.php on line 253
[17-Aug-2017 15:08:07 America/Los_Angeles] PHP Warning:  imagesx() expects parameter 1 to be resource, boolean given in /home1/dbjranger/public_html/clients/sy-admin/photo.process.functions.php on line 254
[17-Aug-2017 15:08:07 America/Los_Angeles] PHP Warning:  imagesy() expects parameter 1 to be resource, boolean given in /home1/dbjranger/public_html/clients/sy-admin/photo.process.functions.php on line 255
[17-Aug-2017 15:08:07 America/Los_Angeles] PHP Warning:  imagejpeg() expects parameter 1 to be resource, boolean given in /home1/dbjranger/public_html/clients/sy-admin/photo.process.functions.php on line 288
[17-Aug-2017 15:08:07 America/Los_Angeles] PHP Warning:  imagedestroy() expects parameter 1 to be resource, boolean given in /home1/dbjranger/public_html/clients/sy-admin/photo.process.functions.php on line 290
[17-Aug-2017 15:08:07 America/Los_Angeles] PHP Warning:  imagecreatefromjpeg(/home1/dbjranger/public_html/clients/sy-photos/2017/08/17/15/th_1fb_Drake__N(5).jpg): failed to open stream: No such file or directory in /home1/dbjranger/public_html/clients/sy-admin/photo.process.functions.php on line 253
[17-Aug-2017 15:08:07 America/Los_Angeles] PHP Warning:  imagesx() expects parameter 1 to be resource, boolean given in /home1/dbjranger/public_html/clients/sy-admin/photo.process.functions.php on line 254
[17-Aug-2017 15:08:07 America/Los_Angeles] PHP Warning:  imagesy() expects parameter 1 to be resource, boolean given in /home1/dbjranger/public_html/clients/sy-admin/photo.process.functions.php on line 255
[17-Aug-2017 15:08:07 America/Los_Angeles] PHP Warning:  imagejpeg() expects parameter 1 to be resource, boolean given in /home1/dbjranger/public_html/clients/sy-admin/photo.process.functions.php on line 288
[17-Aug-2017 15:08:07 America/Los_Angeles] PHP Warning:  imagedestroy() expects parameter 1 to be resource, boolean given in /home1/dbjranger/public_html/clients/sy-admin/photo.process.functions.php on line 290
[17-Aug-2017 15:08:07 America/Los_Angeles] PHP Warning:  imagecreatefromjpeg(/home1/dbjranger/public_html/clients/sy-photos/2017/08/17/15/mini_1fb_Drake__N(5).jpg): failed to open stream: No such file or directory in /home1/dbjranger/public_html/clients/sy-admin/photo.process.functions.php on line 584
[17-Aug-2017 15:08:07 America/Los_Angeles] PHP Warning:  imagecopy() expects parameter 2 to be resource, boolean given in /home1/dbjranger/public_html/clients/sy-admin/photo.process.functions.php on line 587
[17-Aug-2017 15:08:09 America/Los_Angeles] PHP Warning:  imagecreatefromjpeg(): gd-jpeg: JPEG library reports unrecoverable error:  in /home1/dbjranger/public_html/clients/sy-admin/photo.process.functions.php on line 136
[17-Aug-2017 15:08:09 America/Los_Angeles] PHP Warning:  imagecreatefromjpeg(): '/home1/dbjranger/public_html/clients/sy-photos/2017/08/17/15/large_7365cd982_Drake__N(5).jpg' is not a valid JPEG file in /home1/dbjranger/public_html/clients/sy-admin/photo.process.functions.php on line 136
[17-Aug-2017 15:08:09 America/Los_Angeles] PHP Warning:  imagesettile() expects parameter 1 to be resource, boolean given in /home1/dbjranger/public_html/clients/sy-admin/photo.process.functions.php on line 139
[17-Aug-2017 15:08:09 America/Los_Angeles] PHP Warning:  imagefilledrectangle() expects parameter 1 to be resource, boolean given in /home1/dbjranger/public_html/clients/sy-admin/photo.process.functions.php on line 140
[17-Aug-2017 15:08:09 America/Los_Angeles] PHP Warning:  imagejpeg() expects parameter 1 to be resource, boolean given in /home1/dbjranger/public_html/clients/sy-admin/photo.process.functions.php on line 172
[17-Aug-2017 15:08:10 America/Los_Angeles] PHP Warning:  imagecreatefromjpeg(): gd-jpeg: JPEG library reports unrecoverable error:  in /home1/dbjranger/public_html/clients/sy-admin/photo.process.functions.php on line 208
[17-Aug-2017 15:08:10 America/Los_Angeles] PHP Warning:  imagecreatefromjpeg(): '/home1/dbjranger/public_html/clients/sy-photos/2017/08/17/15/large_7365cd982_Drake__N(5).jpg' is not a valid JPEG file in /home1/dbjranger/public_html/clients/sy-admin/photo.process.functions.php on line 208
[17-Aug-2017 15:08:10 America/Los_Angeles] PHP Warning:  imagecopy() expects parameter 1 to be resource, boolean given in /home1/dbjranger/public_html/clients/sy-admin/photo.process.functions.php on line 223
[17-Aug-2017 15:08:10 America/Los_Angeles] PHP Warning:  imagejpeg() expects parameter 1 to be resource, boolean given in /home1/dbjranger/public_html/clients/sy-admin/photo.process.functions.php on line 246
[17-Aug-2017 15:08:10 America/Los_Angeles] PHP Warning:  imagecreatefromjpeg(): gd-jpeg: JPEG library reports unrecoverable error:  in /home1/dbjranger/public_html/clients/sy-admin/photo.process.functions.php on line 253
[17-Aug-2017 15:08:10 America/Los_Angeles] PHP Warning:  imagecreatefromjpeg(): '/home1/dbjranger/public_html/clients/sy-photos/2017/08/17/15/large_7365cd982_Drake__N(5).jpg' is not a valid JPEG file in /home1/dbjranger/public_html/clients/sy-admin/photo.process.functions.php on line 253
[17-Aug-2017 15:08:10 America/Los_Angeles] PHP Warning:  imagesx() expects parameter 1 to be resource, boolean given in /home1/dbjranger/public_html/clients/sy-admin/photo.process.functions.php on line 254
[17-Aug-2017 15:08:10 America/Los_Angeles] PHP Warning:  imagesy() expects parameter 1 to be resource, boolean given in /home1/dbjranger/public_html/clients/sy-admin/photo.process.functions.php on line 255
[17-Aug-2017 15:08:10 America/Los_Angeles] PHP Warning:  imagejpeg() expects parameter 1 to be resource, boolean given in /home1/dbjranger/public_html/clients/sy-admin/photo.process.functions.php on line 288
[17-Aug-2017 15:08:10 America/Los_Angeles] PHP Warning:  imagedestroy() expects parameter 1 to be resource, boolean given in /home1/dbjranger/public_html/clients/sy-admin/photo.process.functions.php on line 290
[17-Aug-2017 15:08:10 America/Los_Angeles] PHP Warning:  imagecreatefromjpeg(/home1/dbjranger/public_html/clients/sy-photos/2017/08/17/15/small_42cc4a_Drake__N(5).jpg): failed to open stream: No such file or directory in /home1/dbjranger/public_html/clients/sy-admin/photo.process.functions.php on line 253
[17-Aug-2017 15:08:10 America/Los_Angeles] PHP Warning:  imagesx() expects parameter 1 to be resource, boolean given in /home1/dbjranger/public_html/clients/sy-admin/photo.process.functions.php on line 254
[17-Aug-2017 15:08:10 America/Los_Angeles] PHP Warning:  imagesy() expects parameter 1 to be resource, boolean given in /home1/dbjranger/public_html/clients/sy-admin/photo.process.functions.php on line 255
[17-Aug-2017 15:08:10 America/Los_Angeles] PHP Warning:  imagejpeg() expects parameter 1 to be resource, boolean given in /home1/dbjranger/public_html/clients/sy-admin/photo.process.functions.php on line 288
[17-Aug-2017 15:08:10 America/Los_Angeles] PHP Warning:  imagedestroy() expects parameter 1 to be resource, boolean given in /home1/dbjranger/public_html/clients/sy-admin/photo.process.functions.php on line 290
[17-Aug-2017 15:08:10 America/Los_Angeles] PHP Warning:  imagecreatefromjpeg(/home1/dbjranger/public_html/clients/sy-photos/2017/08/17/15/th_ddf_Drake__N(5).jpg): failed to open stream: No such file or directory in /home1/dbjranger/public_html/clients/sy-admin/photo.process.functions.php on line 253
[17-Aug-2017 15:08:10 America/Los_Angeles] PHP Warning:  imagesx() expects parameter 1 to be resource, boolean given in /home1/dbjranger/public_html/clients/sy-admin/photo.process.functions.php on line 254
[17-Aug-2017 15:08:10 America/Los_Angeles] PHP Warning:  imagesy() expects parameter 1 to be resource, boolean given in /home1/dbjranger/public_html/clients/sy-admin/photo.process.functions.php on line 255
[17-Aug-2017 15:08:10 America/Los_Angeles] PHP Warning:  imagejpeg() expects parameter 1 to be resource, boolean given in /home1/dbjranger/public_html/clients/sy-admin/photo.process.functions.php on line 288
[17-Aug-2017 15:08:10 America/Los_Angeles] PHP Warning:  imagedestroy() expects parameter 1 to be resource, boolean given in /home1/dbjranger/public_html/clients/sy-admin/photo.process.functions.php on line 290
[17-Aug-2017 15:08:10 America/Los_Angeles] PHP Warning:  imagecreatefromjpeg(/home1/dbjranger/public_html/clients/sy-photos/2017/08/17/15/mini_ddf_Drake__N(5).jpg): failed to open stream: No such file or directory in /home1/dbjranger/public_html/clients/sy-admin/photo.process.functions.php on line 584
[17-Aug-2017 15:08:10 America/Los_Angeles] PHP Warning:  imagecopy() expects parameter 2 to be resource, boolean given in /home1/dbjranger/public_html/clients/sy-admin/photo.process.functions.php on line 587
[17-Aug-2017 15:08:33 America/Los_Angeles] PHP Warning:  imagecreatefromjpeg(): gd-jpeg: JPEG library reports unrecoverable error:  in /home1/dbjranger/public_html/clients/sy-admin/photo.process.functions.php on line 136
[17-Aug-2017 15:08:33 America/Los_Angeles] PHP Warning:  imagecreatefromjpeg(): '/home1/dbjranger/public_html/clients/sy-photos/2017/08/17/15/large_2c98d013c_Drake__N(1).jpg' is not a valid JPEG file in /home1/dbjranger/public_html/clients/sy-admin/photo.process.functions.php on line 136
[17-Aug-2017 15:08:33 America/Los_Angeles] PHP Warning:  imagesettile() expects parameter 1 to be resource, boolean given in /home1/dbjranger/public_html/clients/sy-admin/photo.process.functions.php on line 139
[17-Aug-2017 15:08:33 America/Los_Angeles] PHP Warning:  imagefilledrectangle() expects parameter 1 to be resource, boolean given in /home1/dbjranger/public_html/clients/sy-admin/photo.process.functions.php on line 140
[17-Aug-2017 15:08:33 America/Los_Angeles] PHP Warning:  imagejpeg() expects parameter 1 to be resource, boolean given in /home1/dbjranger/public_html/clients/sy-admin/photo.process.functions.php on line 172
[17-Aug-2017 15:08:34 America/Los_Angeles] PHP Warning:  imagecreatefromjpeg(): gd-jpeg: JPEG library reports unrecoverable error:  in /home1/dbjranger/public_html/clients/sy-admin/photo.process.functions.php on line 208
[17-Aug-2017 15:08:34 America/Los_Angeles] PHP Warning:  imagecreatefromjpeg(): '/home1/dbjranger/public_html/clients/sy-photos/2017/08/17/15/large_2c98d013c_Drake__N(1).jpg' is not a valid JPEG file in /home1/dbjranger/public_html/clients/sy-admin/photo.process.functions.php on line 208
[17-Aug-2017 15:08:34 America/Los_Angeles] PHP Warning:  imagecopy() expects parameter 1 to be resource, boolean given in /home1/dbjranger/public_html/clients/sy-admin/photo.process.functions.php on line 223
[17-Aug-2017 15:08:34 America/Los_Angeles] PHP Warning:  imagejpeg() expects parameter 1 to be resource, boolean given in /home1/dbjranger/public_html/clients/sy-admin/photo.process.functions.php on line 246
[17-Aug-2017 15:08:34 America/Los_Angeles] PHP Warning:  imagecreatefromjpeg(): gd-jpeg: JPEG library reports unrecoverable error:  in /home1/dbjranger/public_html/clients/sy-admin/photo.process.functions.php on line 253
[17-Aug-2017 15:08:34 America/Los_Angeles] PHP Warning:  imagecreatefromjpeg(): '/home1/dbjranger/public_html/clients/sy-photos/2017/08/17/15/large_2c98d013c_Drake__N(1).jpg' is not a valid JPEG file in /home1/dbjranger/public_html/clients/sy-admin/photo.process.functions.php on line 253
[17-Aug-2017 15:08:34 America/Los_Angeles] PHP Warning:  imagesx() expects parameter 1 to be resource, boolean given in /home1/dbjranger/public_html/clients/sy-admin/photo.process.functions.php on line 254
[17-Aug-2017 15:08:34 America/Los_Angeles] PHP Warning:  imagesy() expects parameter 1 to be resource, boolean given in /home1/dbjranger/public_html/clients/sy-admin/photo.process.functions.php on line 255
[17-Aug-2017 15:08:34 America/Los_Angeles] PHP Warning:  imagejpeg() expects parameter 1 to be resource, boolean given in /home1/dbjranger/public_html/clients/sy-admin/photo.process.functions.php on line 288
[17-Aug-2017 15:08:34 America/Los_Angeles] PHP Warning:  imagedestroy() expects parameter 1 to be resource, boolean given in /home1/dbjranger/public_html/clients/sy-admin/photo.process.functions.php on line 290
[17-Aug-2017 15:08:34 America/Los_Angeles] PHP Warning:  imagecreatefromjpeg(/home1/dbjranger/public_html/clients/sy-photos/2017/08/17/15/small_01d209_Drake__N(1).jpg): failed to open stream: No such file or directory in /home1/dbjranger/public_html/clients/sy-admin/photo.process.functions.php on line 253
[17-Aug-2017 15:08:34 America/Los_Angeles] PHP Warning:  imagesx() expects parameter 1 to be resource, boolean given in /home1/dbjranger/public_html/clients/sy-admin/photo.process.functions.php on line 254
[17-Aug-2017 15:08:34 America/Los_Angeles] PHP Warning:  imagesy() expects parameter 1 to be resource, boolean given in /home1/dbjranger/public_html/clients/sy-admin/photo.process.functions.php on line 255
[17-Aug-2017 15:08:34 America/Los_Angeles] PHP Warning:  imagejpeg() expects parameter 1 to be resource, boolean given in /home1/dbjranger/public_html/clients/sy-admin/photo.process.functions.php on line 288
[17-Aug-2017 15:08:34 America/Los_Angeles] PHP Warning:  imagedestroy() expects parameter 1 to be resource, boolean given in /home1/dbjranger/public_html/clients/sy-admin/photo.process.functions.php on line 290
[17-Aug-2017 15:08:34 America/Los_Angeles] PHP Warning:  imagecreatefromjpeg(/home1/dbjranger/public_html/clients/sy-photos/2017/08/17/15/th_310_Drake__N(1).jpg): failed to open stream: No such file or directory in /home1/dbjranger/public_html/clients/sy-admin/photo.process.functions.php on line 253
[17-Aug-2017 15:08:34 America/Los_Angeles] PHP Warning:  imagesx() expects parameter 1 to be resource, boolean given in /home1/dbjranger/public_html/clients/sy-admin/photo.process.functions.php on line 254
[17-Aug-2017 15:08:34 America/Los_Angeles] PHP Warning:  imagesy() expects parameter 1 to be resource, boolean given in /home1/dbjranger/public_html/clients/sy-admin/photo.process.functions.php on line 255
[17-Aug-2017 15:08:34 America/Los_Angeles] PHP Warning:  imagejpeg() expects parameter 1 to be resource, boolean given in /home1/dbjranger/public_html/clients/sy-admin/photo.process.functions.php on line 288
[17-Aug-2017 15:08:34 America/Los_Angeles] PHP Warning:  imagedestroy() expects parameter 1 to be resource, boolean given in /home1/dbjranger/public_html/clients/sy-admin/photo.process.functions.php on line 290
[17-Aug-2017 15:08:34 America/Los_Angeles] PHP Warning:  imagecreatefromjpeg(/home1/dbjranger/public_html/clients/sy-photos/2017/08/17/15/mini_310_Drake__N(1).jpg): failed to open stream: No such file or directory in /home1/dbjranger/public_html/clients/sy-admin/photo.process.functions.php on line 584
[17-Aug-2017 15:08:34 America/Los_Angeles] PHP Warning:  imagecopy() expects parameter 2 to be resource, boolean given in /home1/dbjranger/public_html/clients/sy-admin/photo.process.functions.php on line 587
[17-Aug-2017 15:08:34 America/Los_Angeles] PHP Warning:  imagecreatefromjpeg(): gd-jpeg: JPEG library reports unrecoverable error:  in /home1/dbjranger/public_html/clients/sy-admin/photo.process.functions.php on line 136
[17-Aug-2017 15:08:34 America/Los_Angeles] PHP Warning:  imagecreatefromjpeg(): '/home1/dbjranger/public_html/clients/sy-photos/2017/08/17/15/large_04cb8dd27_Drake__N(2).jpg' is not a valid JPEG file in /home1/dbjranger/public_html/clients/sy-admin/photo.process.functions.php on line 136
[17-Aug-2017 15:08:34 America/Los_Angeles] PHP Warning:  imagesettile() expects parameter 1 to be resource, boolean given in /home1/dbjranger/public_html/clients/sy-admin/photo.process.functions.php on line 139
[17-Aug-2017 15:08:34 America/Los_Angeles] PHP Warning:  imagefilledrectangle() expects parameter 1 to be resource, boolean given in /home1/dbjranger/public_html/clients/sy-admin/photo.process.functions.php on line 140
[17-Aug-2017 15:08:34 America/Los_Angeles] PHP Warning:  imagejpeg() expects parameter 1 to be resource, boolean given in /home1/dbjranger/public_html/clients/sy-admin/photo.process.functions.php on line 172
[17-Aug-2017 15:08:35 America/Los_Angeles] PHP Warning:  imagecreatefromjpeg(): gd-jpeg: JPEG library reports unrecoverable error:  in /home1/dbjranger/public_html/clients/sy-admin/photo.process.functions.php on line 208
[17-Aug-2017 15:08:35 America/Los_Angeles] PHP Warning:  imagecreatefromjpeg(): '/home1/dbjranger/public_html/clients/sy-photos/2017/08/17/15/large_04cb8dd27_Drake__N(2).jpg' is not a valid JPEG file in /home1/dbjranger/public_html/clients/sy-admin/photo.process.functions.php on line 208
[17-Aug-2017 15:08:35 America/Los_Angeles] PHP Warning:  imagecopy() expects parameter 1 to be resource, boolean given in /home1/dbjranger/public_html/clients/sy-admin/photo.process.functions.php on line 223
[17-Aug-2017 15:08:35 America/Los_Angeles] PHP Warning:  imagejpeg() expects parameter 1 to be resource, boolean given in /home1/dbjranger/public_html/clients/sy-admin/photo.process.functions.php on line 246
[17-Aug-2017 15:08:35 America/Los_Angeles] PHP Warning:  imagecreatefromjpeg(): gd-jpeg: JPEG library reports unrecoverable error:  in /home1/dbjranger/public_html/clients/sy-admin/photo.process.functions.php on line 253
[17-Aug-2017 15:08:35 America/Los_Angeles] PHP Warning:  imagecreatefromjpeg(): '/home1/dbjranger/public_html/clients/sy-photos/2017/08/17/15/large_04cb8dd27_Drake__N(2).jpg' is not a valid JPEG file in /home1/dbjranger/public_html/clients/sy-admin/photo.process.functions.php on line 253
[17-Aug-2017 15:08:35 America/Los_Angeles] PHP Warning:  imagesx() expects parameter 1 to be resource, boolean given in /home1/dbjranger/public_html/clients/sy-admin/photo.process.functions.php on line 254
[17-Aug-2017 15:08:35 America/Los_Angeles] PHP Warning:  imagesy() expects parameter 1 to be resource, boolean given in /home1/dbjranger/public_html/clients/sy-admin/photo.process.functions.php on line 255
[17-Aug-2017 15:08:35 America/Los_Angeles] PHP Warning:  imagejpeg() expects parameter 1 to be resource, boolean given in /home1/dbjranger/public_html/clients/sy-admin/photo.process.functions.php on line 288
[17-Aug-2017 15:08:35 America/Los_Angeles] PHP Warning:  imagedestroy() expects parameter 1 to be resource, boolean given in /home1/dbjranger/public_html/clients/sy-admin/photo.process.functions.php on line 290
[17-Aug-2017 15:08:35 America/Los_Angeles] PHP Warning:  imagecreatefromjpeg(/home1/dbjranger/public_html/clients/sy-photos/2017/08/17/15/small_e29d49_Drake__N(2).jpg): failed to open stream: No such file or directory in /home1/dbjranger/public_html/clients/sy-admin/photo.process.functions.php on line 253
[17-Aug-2017 15:08:35 America/Los_Angeles] PHP Warning:  imagesx() expects parameter 1 to be resource, boolean given in /home1/dbjranger/public_html/clients/sy-admin/photo.process.functions.php on line 254
[17-Aug-2017 15:08:35 America/Los_Angeles] PHP Warning:  imagesy() expects parameter 1 to be resource, boolean given in /home1/dbjranger/public_html/clients/sy-admin/photo.process.functions.php on line 255
[17-Aug-2017 15:08:35 America/Los_Angeles] PHP Warning:  imagejpeg() expects parameter 1 to be resource, boolean given in /home1/dbjranger/public_html/clients/sy-admin/photo.process.functions.php on line 288
[17-Aug-2017 15:08:35 America/Los_Angeles] PHP Warning:  imagedestroy() expects parameter 1 to be resource, boolean given in /home1/dbjranger/public_html/clients/sy-admin/photo.process.functions.php on line 290
[17-Aug-2017 15:08:35 America/Los_Angeles] PHP Warning:  imagecreatefromjpeg(/home1/dbjranger/public_html/clients/sy-photos/2017/08/17/15/th_7bf_Drake__N(2).jpg): failed to open stream: No such file or directory in /home1/dbjranger/public_html/clients/sy-admin/photo.process.functions.php on line 253
[17-Aug-2017 15:08:35 America/Los_Angeles] PHP Warning:  imagesx() expects parameter 1 to be resource, boolean given in /home1/dbjranger/public_html/clients/sy-admin/photo.process.functions.php on line 254
[17-Aug-2017 15:08:35 America/Los_Angeles] PHP Warning:  imagesy() expects parameter 1 to be resource, boolean given in /home1/dbjranger/public_html/clients/sy-admin/photo.process.functions.php on line 255
[17-Aug-2017 15:08:35 America/Los_Angeles] PHP Warning:  imagejpeg() expects parameter 1 to be resource, boolean given in /home1/dbjranger/public_html/clients/sy-admin/photo.process.functions.php on line 288
[17-Aug-2017 15:08:35 America/Los_Angeles] PHP Warning:  imagedestroy() expects parameter 1 to be resource, boolean given in /home1/dbjranger/public_html/clients/sy-admin/photo.process.functions.php on line 290
[17-Aug-2017 15:08:35 America/Los_Angeles] PHP Warning:  imagecreatefromjpeg(/home1/dbjranger/public_html/clients/sy-photos/2017/08/17/15/mini_7bf_Drake__N(2).jpg): failed to open stream: No such file or directory in /home1/dbjranger/public_html/clients/sy-admin/photo.process.functions.php on line 584
[17-Aug-2017 15:08:35 America/Los_Angeles] PHP Warning:  imagecopy() expects parameter 2 to be resource, boolean given in /home1/dbjranger/public_html/clients/sy-admin/photo.process.functions.php on line 587
[17-Aug-2017 15:08:38 America/Los_Angeles] PHP Warning:  imagecreatefromjpeg(): gd-jpeg: JPEG library reports unrecoverable error:  in /home1/dbjranger/public_html/clients/sy-admin/photo.process.functions.php on line 136
[17-Aug-2017 15:08:38 America/Los_Angeles] PHP Warning:  imagecreatefromjpeg(): '/home1/dbjranger/public_html/clients/sy-photos/2017/08/17/15/large_72d592d16_Drake__N(5).jpg' is not a valid JPEG file in /home1/dbjranger/public_html/clients/sy-admin/photo.process.functions.php on line 136
[17-Aug-2017 15:08:38 America/Los_Angeles] PHP Warning:  imagesettile() expects parameter 1 to be resource, boolean given in /home1/dbjranger/public_html/clients/sy-admin/photo.process.functions.php on line 139
[17-Aug-2017 15:08:38 America/Los_Angeles] PHP Warning:  imagefilledrectangle() expects parameter 1 to be resource, boolean given in /home1/dbjranger/public_html/clients/sy-admin/photo.process.functions.php on line 140
[17-Aug-2017 15:08:38 America/Los_Angeles] PHP Warning:  imagejpeg() expects parameter 1 to be resource, boolean given in /home1/dbjranger/public_html/clients/sy-admin/photo.process.functions.php on line 172
[17-Aug-2017 15:08:39 America/Los_Angeles] PHP Warning:  imagecreatefromjpeg(): gd-jpeg: JPEG library reports unrecoverable error:  in /home1/dbjranger/public_html/clients/sy-admin/photo.process.functions.php on line 208
[17-Aug-2017 15:08:39 America/Los_Angeles] PHP Warning:  imagecreatefromjpeg(): '/home1/dbjranger/public_html/clients/sy-photos/2017/08/17/15/large_72d592d16_Drake__N(5).jpg' is not a valid JPEG file in /home1/dbjranger/public_html/clients/sy-admin/photo.process.functions.php on line 208
[17-Aug-2017 15:08:39 America/Los_Angeles] PHP Warning:  imagecopy() expects parameter 1 to be resource, boolean given in /home1/dbjranger/public_html/clients/sy-admin/photo.process.functions.php on line 223
[17-Aug-2017 15:08:39 America/Los_Angeles] PHP Warning:  imagejpeg() expects parameter 1 to be resource, boolean given in /home1/dbjranger/public_html/clients/sy-admin/photo.process.functions.php on line 246
[17-Aug-2017 15:08:39 America/Los_Angeles] PHP Warning:  imagecreatefromjpeg(): gd-jpeg: JPEG library reports unrecoverable error:  in /home1/dbjranger/public_html/clients/sy-admin/photo.process.functions.php on line 253
[17-Aug-2017 15:08:39 America/Los_Angeles] PHP Warning:  imagecreatefromjpeg(): '/home1/dbjranger/public_html/clients/sy-photos/2017/08/17/15/large_72d592d16_Drake__N(5).jpg' is not a valid JPEG file in /home1/dbjranger/public_html/clients/sy-admin/photo.process.functions.php on line 253
[17-Aug-2017 15:08:39 America/Los_Angeles] PHP Warning:  imagesx() expects parameter 1 to be resource, boolean given in /home1/dbjranger/public_html/clients/sy-admin/photo.process.functions.php on line 254
[17-Aug-2017 15:08:39 America/Los_Angeles] PHP Warning:  imagesy() expects parameter 1 to be resource, boolean given in /home1/dbjranger/public_html/clients/sy-admin/photo.process.functions.php on line 255
[17-Aug-2017 15:08:39 America/Los_Angeles] PHP Warning:  imagejpeg() expects parameter 1 to be resource, boolean given in /home1/dbjranger/public_html/clients/sy-admin/photo.process.functions.php on line 288
[17-Aug-2017 15:08:39 America/Los_Angeles] PHP Warning:  imagedestroy() expects parameter 1 to be resource, boolean given in /home1/dbjranger/public_html/clients/sy-admin/photo.process.functions.php on line 290
[17-Aug-2017 15:08:39 America/Los_Angeles] PHP Warning:  imagecreatefromjpeg(/home1/dbjranger/public_html/clients/sy-photos/2017/08/17/15/small_fd41b3_Drake__N(5).jpg): failed to open stream: No such file or directory in /home1/dbjranger/public_html/clients/sy-admin/photo.process.functions.php on line 253
[17-Aug-2017 15:08:39 America/Los_Angeles] PHP Warning:  imagesx() expects parameter 1 to be resource, boolean given in /home1/dbjranger/public_html/clients/sy-admin/photo.process.functions.php on line 254
[17-Aug-2017 15:08:39 America/Los_Angeles] PHP Warning:  imagesy() expects parameter 1 to be resource, boolean given in /home1/dbjranger/public_html/clients/sy-admin/photo.process.functions.php on line 255
[17-Aug-2017 15:08:39 America/Los_Angeles] PHP Warning:  imagejpeg() expects parameter 1 to be resource, boolean given in /home1/dbjranger/public_html/clients/sy-admin/photo.process.functions.php on line 288
[17-Aug-2017 15:08:39 America/Los_Angeles] PHP Warning:  imagedestroy() expects parameter 1 to be resource, boolean given in /home1/dbjranger/public_html/clients/sy-admin/photo.process.functions.php on line 290
[17-Aug-2017 15:08:39 America/Los_Angeles] PHP Warning:  imagecreatefromjpeg(/home1/dbjranger/public_html/clients/sy-photos/2017/08/17/15/th_c7e_Drake__N(5).jpg): failed to open stream: No such file or directory in /home1/dbjranger/public_html/clients/sy-admin/photo.process.functions.php on line 253
[17-Aug-2017 15:08:39 America/Los_Angeles] PHP Warning:  imagesx() expects parameter 1 to be resource, boolean given in /home1/dbjranger/public_html/clients/sy-admin/photo.process.functions.php on line 254
[17-Aug-2017 15:08:39 America/Los_Angeles] PHP Warning:  imagesy() expects parameter 1 to be resource, boolean given in /home1/dbjranger/public_html/clients/sy-admin/photo.process.functions.php on line 255
[17-Aug-2017 15:08:39 America/Los_Angeles] PHP Warning:  imagejpeg() expects parameter 1 to be resource, boolean given in /home1/dbjranger/public_html/clients/sy-admin/photo.process.functions.php on line 288
[17-Aug-2017 15:08:39 America/Los_Angeles] PHP Warning:  imagedestroy() expects parameter 1 to be resource, boolean given in /home1/dbjranger/public_html/clients/sy-admin/photo.process.functions.php on line 290
[17-Aug-2017 15:08:39 America/Los_Angeles] PHP Warning:  imagecreatefromjpeg(/home1/dbjranger/public_html/clients/sy-photos/2017/08/17/15/mini_c7e_Drake__N(5).jpg): failed to open stream: No such file or directory in /home1/dbjranger/public_html/clients/sy-admin/photo.process.functions.php on line 584
[17-Aug-2017 15:08:39 America/Los_Angeles] PHP Warning:  imagecopy() expects parameter 2 to be resource, boolean given in /home1/dbjranger/public_html/clients/sy-admin/photo.process.functions.php on line 587
[17-Aug-2017 15:12:57 America/Los_Angeles] PHP Warning:  imagecreatefromjpeg(): gd-jpeg: JPEG library reports unrecoverable error:  in /home1/dbjranger/public_html/clients/sy-admin/photo.process.functions.php on line 136
[17-Aug-2017 15:12:57 America/Los_Angeles] PHP Warning:  imagecreatefromjpeg(): '/home1/dbjranger/public_html/clients/sy-photos/2017/08/17/15/large_6d835bc68_Drake__N(5).jpg' is not a valid JPEG file in /home1/dbjranger/public_html/clients/sy-admin/photo.process.functions.php on line 136
[17-Aug-2017 15:12:57 America/Los_Angeles] PHP Warning:  imagesettile() expects parameter 1 to be resource, boolean given in /home1/dbjranger/public_html/clients/sy-admin/photo.process.functions.php on line 139
[17-Aug-2017 15:12:57 America/Los_Angeles] PHP Warning:  imagefilledrectangle() expects parameter 1 to be resource, boolean given in /home1/dbjranger/public_html/clients/sy-admin/photo.process.functions.php on line 140
[17-Aug-2017 15:12:57 America/Los_Angeles] PHP Warning:  imagejpeg() expects parameter 1 to be resource, boolean given in /home1/dbjranger/public_html/clients/sy-admin/photo.process.functions.php on line 172
[17-Aug-2017 15:12:58 America/Los_Angeles] PHP Warning:  imagecreatefromjpeg(): gd-jpeg: JPEG library reports unrecoverable error:  in /home1/dbjranger/public_html/clients/sy-admin/photo.process.functions.php on line 208
[17-Aug-2017 15:12:58 America/Los_Angeles] PHP Warning:  imagecreatefromjpeg(): '/home1/dbjranger/public_html/clients/sy-photos/2017/08/17/15/large_6d835bc68_Drake__N(5).jpg' is not a valid JPEG file in /home1/dbjranger/public_html/clients/sy-admin/photo.process.functions.php on line 208
[17-Aug-2017 15:12:58 America/Los_Angeles] PHP Warning:  imagecopy() expects parameter 1 to be resource, boolean given in /home1/dbjranger/public_html/clients/sy-admin/photo.process.functions.php on line 223
[17-Aug-2017 15:12:58 America/Los_Angeles] PHP Warning:  imagejpeg() expects parameter 1 to be resource, boolean given in /home1/dbjranger/public_html/clients/sy-admin/photo.process.functions.php on line 246
[17-Aug-2017 15:12:58 America/Los_Angeles] PHP Warning:  imagecreatefromjpeg(): gd-jpeg: JPEG library reports unrecoverable error:  in /home1/dbjranger/public_html/clients/sy-admin/photo.process.functions.php on line 253
[17-Aug-2017 15:12:58 America/Los_Angeles] PHP Warning:  imagecreatefromjpeg(): '/home1/dbjranger/public_html/clients/sy-photos/2017/08/17/15/large_6d835bc68_Drake__N(5).jpg' is not a valid JPEG file in /home1/dbjranger/public_html/clients/sy-admin/photo.process.functions.php on line 253
[17-Aug-2017 15:12:58 America/Los_Angeles] PHP Warning:  imagesx() expects parameter 1 to be resource, boolean given in /home1/dbjranger/public_html/clients/sy-admin/photo.process.functions.php on line 254
[17-Aug-2017 15:12:58 America/Los_Angeles] PHP Warning:  imagesy() expects parameter 1 to be resource, boolean given in /home1/dbjranger/public_html/clients/sy-admin/photo.process.functions.php on line 255
[17-Aug-2017 15:12:58 America/Los_Angeles] PHP Warning:  imagejpeg() expects parameter 1 to be resource, boolean given in /home1/dbjranger/public_html/clients/sy-admin/photo.process.functions.php on line 288
[17-Aug-2017 15:12:58 America/Los_Angeles] PHP Warning:  imagedestroy() expects parameter 1 to be resource, boolean given in /home1/dbjranger/public_html/clients/sy-admin/photo.process.functions.php on line 290
[17-Aug-2017 15:12:58 America/Los_Angeles] PHP Warning:  imagecreatefromjpeg(/home1/dbjranger/public_html/clients/sy-photos/2017/08/17/15/small_0ef749_Drake__N(5).jpg): failed to open stream: No such file or directory in /home1/dbjranger/public_html/clients/sy-admin/photo.process.functions.php on line 253
[17-Aug-2017 15:12:58 America/Los_Angeles] PHP Warning:  imagesx() expects parameter 1 to be resource, boolean given in /home1/dbjranger/public_html/clients/sy-admin/photo.process.functions.php on line 254
[17-Aug-2017 15:12:58 America/Los_Angeles] PHP Warning:  imagesy() expects parameter 1 to be resource, boolean given in /home1/dbjranger/public_html/clients/sy-admin/photo.process.functions.php on line 255
[17-Aug-2017 15:12:58 America/Los_Angeles] PHP Warning:  imagejpeg() expects parameter 1 to be resource, boolean given in /home1/dbjranger/public_html/clients/sy-admin/photo.process.functions.php on line 288
[17-Aug-2017 15:12:58 America/Los_Angeles] PHP Warning:  imagedestroy() expects parameter 1 to be resource, boolean given in /home1/dbjranger/public_html/clients/sy-admin/photo.process.functions.php on line 290
[17-Aug-2017 15:12:58 America/Los_Angeles] PHP Warning:  imagecreatefromjpeg(/home1/dbjranger/public_html/clients/sy-photos/2017/08/17/15/th_83b_Drake__N(5).jpg): failed to open stream: No such file or directory in /home1/dbjranger/public_html/clients/sy-admin/photo.process.functions.php on line 253
[17-Aug-2017 15:12:58 America/Los_Angeles] PHP Warning:  imagesx() expects parameter 1 to be resource, boolean given in /home1/dbjranger/public_html/clients/sy-admin/photo.process.functions.php on line 254
[17-Aug-2017 15:12:58 America/Los_Angeles] PHP Warning:  imagesy() expects parameter 1 to be resource, boolean given in /home1/dbjranger/public_html/clients/sy-admin/photo.process.functions.php on line 255
[17-Aug-2017 15:12:58 America/Los_Angeles] PHP Warning:  imagejpeg() expects parameter 1 to be resource, boolean given in /home1/dbjranger/public_html/clients/sy-admin/photo.process.functions.php on line 288
[17-Aug-2017 15:12:58 America/Los_Angeles] PHP Warning:  imagedestroy() expects parameter 1 to be resource, boolean given in /home1/dbjranger/public_html/clients/sy-admin/photo.process.functions.php on line 290
[17-Aug-2017 15:12:58 America/Los_Angeles] PHP Warning:  imagecreatefromjpeg(/home1/dbjranger/public_html/clients/sy-photos/2017/08/17/15/mini_83b_Drake__N(5).jpg): failed to open stream: No such file or directory in /home1/dbjranger/public_html/clients/sy-admin/photo.process.functions.php on line 584
[17-Aug-2017 15:12:58 America/Los_Angeles] PHP Warning:  imagecopy() expects parameter 2 to be resource, boolean given in /home1/dbjranger/public_html/clients/sy-admin/photo.process.functions.php on line 587
[17-Aug-2017 15:13:01 America/Los_Angeles] PHP Warning:  imagecreatefromjpeg(): gd-jpeg: JPEG library reports unrecoverable error:  in /home1/dbjranger/public_html/clients/sy-admin/photo.process.functions.php on line 136
[17-Aug-2017 15:13:01 America/Los_Angeles] PHP Warning:  imagecreatefromjpeg(): '/home1/dbjranger/public_html/clients/sy-photos/2017/08/17/15/large_7943dbce5_Drake__N(5).jpg' is not a valid JPEG file in /home1/dbjranger/public_html/clients/sy-admin/photo.process.functions.php on line 136
[17-Aug-2017 15:13:01 America/Los_Angeles] PHP Warning:  imagesettile() expects parameter 1 to be resource, boolean given in /home1/dbjranger/public_html/clients/sy-admin/photo.process.functions.php on line 139
[17-Aug-2017 15:13:01 America/Los_Angeles] PHP Warning:  imagefilledrectangle() expects parameter 1 to be resource, boolean given in /home1/dbjranger/public_html/clients/sy-admin/photo.process.functions.php on line 140
[17-Aug-2017 15:13:01 America/Los_Angeles] PHP Warning:  imagejpeg() expects parameter 1 to be resource, boolean given in /home1/dbjranger/public_html/clients/sy-admin/photo.process.functions.php on line 172
[17-Aug-2017 15:13:02 America/Los_Angeles] PHP Warning:  imagecreatefromjpeg(): gd-jpeg: JPEG library reports unrecoverable error:  in /home1/dbjranger/public_html/clients/sy-admin/photo.process.functions.php on line 208
[17-Aug-2017 15:13:02 America/Los_Angeles] PHP Warning:  imagecreatefromjpeg(): '/home1/dbjranger/public_html/clients/sy-photos/2017/08/17/15/large_7943dbce5_Drake__N(5).jpg' is not a valid JPEG file in /home1/dbjranger/public_html/clients/sy-admin/photo.process.functions.php on line 208
[17-Aug-2017 15:13:02 America/Los_Angeles] PHP Warning:  imagecopy() expects parameter 1 to be resource, boolean given in /home1/dbjranger/public_html/clients/sy-admin/photo.process.functions.php on line 223
[17-Aug-2017 15:13:02 America/Los_Angeles] PHP Warning:  imagejpeg() expects parameter 1 to be resource, boolean given in /home1/dbjranger/public_html/clients/sy-admin/photo.process.functions.php on line 246
[17-Aug-2017 15:13:02 America/Los_Angeles] PHP Warning:  imagecreatefromjpeg(): gd-jpeg: JPEG library reports unrecoverable error:  in /home1/dbjranger/public_html/clients/sy-admin/photo.process.functions.php on line 253
[17-Aug-2017 15:13:02 America/Los_Angeles] PHP Warning:  imagecreatefromjpeg(): '/home1/dbjranger/public_html/clients/sy-photos/2017/08/17/15/large_7943dbce5_Drake__N(5).jpg' is not a valid JPEG file in /home1/dbjranger/public_html/clients/sy-admin/photo.process.functions.php on line 253
[17-Aug-2017 15:13:02 America/Los_Angeles] PHP Warning:  imagesx() expects parameter 1 to be resource, boolean given in /home1/dbjranger/public_html/clients/sy-admin/photo.process.functions.php on line 254
[17-Aug-2017 15:13:02 America/Los_Angeles] PHP Warning:  imagesy() expects parameter 1 to be resource, boolean given in /home1/dbjranger/public_html/clients/sy-admin/photo.process.functions.php on line 255
[17-Aug-2017 15:13:02 America/Los_Angeles] PHP Warning:  imagejpeg() expects parameter 1 to be resource, boolean given in /home1/dbjranger/public_html/clients/sy-admin/photo.process.functions.php on line 288
[17-Aug-2017 15:13:02 America/Los_Angeles] PHP Warning:  imagedestroy() expects parameter 1 to be resource, boolean given in /home1/dbjranger/public_html/clients/sy-admin/photo.process.functions.php on line 290
[17-Aug-2017 15:13:02 America/Los_Angeles] PHP Warning:  imagecreatefromjpeg(/home1/dbjranger/public_html/clients/sy-photos/2017/08/17/15/small_160476_Drake__N(5).jpg): failed to open stream: No such file or directory in /home1/dbjranger/public_html/clients/sy-admin/photo.process.functions.php on line 253
[17-Aug-2017 15:13:02 America/Los_Angeles] PHP Warning:  imagesx() expects parameter 1 to be resource, boolean given in /home1/dbjranger/public_html/clients/sy-admin/photo.process.functions.php on line 254
[17-Aug-2017 15:13:02 America/Los_Angeles] PHP Warning:  imagesy() expects parameter 1 to be resource, boolean given in /home1/dbjranger/public_html/clients/sy-admin/photo.process.functions.php on line 255
[17-Aug-2017 15:13:02 America/Los_Angeles] PHP Warning:  imagejpeg() expects parameter 1 to be resource, boolean given in /home1/dbjranger/public_html/clients/sy-admin/photo.process.functions.php on line 288
[17-Aug-2017 15:13:02 America/Los_Angeles] PHP Warning:  imagedestroy() expects parameter 1 to be resource, boolean given in /home1/dbjranger/public_html/clients/sy-admin/photo.process.functions.php on line 290
[17-Aug-2017 15:13:02 America/Los_Angeles] PHP Warning:  imagecreatefromjpeg(/home1/dbjranger/public_html/clients/sy-photos/2017/08/17/15/th_a88_Drake__N(5).jpg): failed to open stream: No such file or directory in /home1/dbjranger/public_html/clients/sy-admin/photo.process.functions.php on line 253
[17-Aug-2017 15:13:02 America/Los_Angeles] PHP Warning:  imagesx() expects parameter 1 to be resource, boolean given in /home1/dbjranger/public_html/clients/sy-admin/photo.process.functions.php on line 254
[17-Aug-2017 15:13:02 America/Los_Angeles] PHP Warning:  imagesy() expects parameter 1 to be resource, boolean given in /home1/dbjranger/public_html/clients/sy-admin/photo.process.functions.php on line 255
[17-Aug-2017 15:13:02 America/Los_Angeles] PHP Warning:  imagejpeg() expects parameter 1 to be resource, boolean given in /home1/dbjranger/public_html/clients/sy-admin/photo.process.functions.php on line 288
[17-Aug-2017 15:13:02 America/Los_Angeles] PHP Warning:  imagedestroy() expects parameter 1 to be resource, boolean given in /home1/dbjranger/public_html/clients/sy-admin/photo.process.functions.php on line 290
[17-Aug-2017 15:13:02 America/Los_Angeles] PHP Warning:  imagecreatefromjpeg(/home1/dbjranger/public_html/clients/sy-photos/2017/08/17/15/mini_a88_Drake__N(5).jpg): failed to open stream: No such file or directory in /home1/dbjranger/public_html/clients/sy-admin/photo.process.functions.php on line 584
[17-Aug-2017 15:13:02 America/Los_Angeles] PHP Warning:  imagecopy() expects parameter 2 to be resource, boolean given in /home1/dbjranger/public_html/clients/sy-admin/photo.process.functions.php on line 587
[17-Aug-2017 15:13:04 America/Los_Angeles] PHP Warning:  imagecreatefromjpeg(): gd-jpeg: JPEG library reports unrecoverable error:  in /home1/dbjranger/public_html/clients/sy-admin/photo.process.functions.php on line 136
[17-Aug-2017 15:13:04 America/Los_Angeles] PHP Warning:  imagecreatefromjpeg(): '/home1/dbjranger/public_html/clients/sy-photos/2017/08/17/15/large_515b96a88_Drake__N(5).jpg' is not a valid JPEG file in /home1/dbjranger/public_html/clients/sy-admin/photo.process.functions.php on line 136
[17-Aug-2017 15:13:04 America/Los_Angeles] PHP Warning:  imagesettile() expects parameter 1 to be resource, boolean given in /home1/dbjranger/public_html/clients/sy-admin/photo.process.functions.php on line 139
[17-Aug-2017 15:13:04 America/Los_Angeles] PHP Warning:  imagefilledrectangle() expects parameter 1 to be resource, boolean given in /home1/dbjranger/public_html/clients/sy-admin/photo.process.functions.php on line 140
[17-Aug-2017 15:13:04 America/Los_Angeles] PHP Warning:  imagejpeg() expects parameter 1 to be resource, boolean given in /home1/dbjranger/public_html/clients/sy-admin/photo.process.functions.php on line 172
[17-Aug-2017 15:13:05 America/Los_Angeles] PHP Warning:  imagecreatefromjpeg(): gd-jpeg: JPEG library reports unrecoverable error:  in /home1/dbjranger/public_html/clients/sy-admin/photo.process.functions.php on line 208
[17-Aug-2017 15:13:05 America/Los_Angeles] PHP Warning:  imagecreatefromjpeg(): '/home1/dbjranger/public_html/clients/sy-photos/2017/08/17/15/large_515b96a88_Drake__N(5).jpg' is not a valid JPEG file in /home1/dbjranger/public_html/clients/sy-admin/photo.process.functions.php on line 208
[17-Aug-2017 15:13:05 America/Los_Angeles] PHP Warning:  imagecopy() expects parameter 1 to be resource, boolean given in /home1/dbjranger/public_html/clients/sy-admin/photo.process.functions.php on line 223
[17-Aug-2017 15:13:05 America/Los_Angeles] PHP Warning:  imagejpeg() expects parameter 1 to be resource, boolean given in /home1/dbjranger/public_html/clients/sy-admin/photo.process.functions.php on line 246
[17-Aug-2017 15:13:05 America/Los_Angeles] PHP Warning:  imagecreatefromjpeg(): gd-jpeg: JPEG library reports unrecoverable error:  in /home1/dbjranger/public_html/clients/sy-admin/photo.process.functions.php on line 253
[17-Aug-2017 15:13:05 America/Los_Angeles] PHP Warning:  imagecreatefromjpeg(): '/home1/dbjranger/public_html/clients/sy-photos/2017/08/17/15/large_515b96a88_Drake__N(5).jpg' is not a valid JPEG file in /home1/dbjranger/public_html/clients/sy-admin/photo.process.functions.php on line 253
[17-Aug-2017 15:13:05 America/Los_Angeles] PHP Warning:  imagesx() expects parameter 1 to be resource, boolean given in /home1/dbjranger/public_html/clients/sy-admin/photo.process.functions.php on line 254
[17-Aug-2017 15:13:05 America/Los_Angeles] PHP Warning:  imagesy() expects parameter 1 to be resource, boolean given in /home1/dbjranger/public_html/clients/sy-admin/photo.process.functions.php on line 255
[17-Aug-2017 15:13:05 America/Los_Angeles] PHP Warning:  imagejpeg() expects parameter 1 to be resource, boolean given in /home1/dbjranger/public_html/clients/sy-admin/photo.process.functions.php on line 288
[17-Aug-2017 15:13:05 America/Los_Angeles] PHP Warning:  imagedestroy() expects parameter 1 to be resource, boolean given in /home1/dbjranger/public_html/clients/sy-admin/photo.process.functions.php on line 290
[17-Aug-2017 15:13:05 America/Los_Angeles] PHP Warning:  imagecreatefromjpeg(/home1/dbjranger/public_html/clients/sy-photos/2017/08/17/15/small_dbb53c_Drake__N(5).jpg): failed to open stream: No such file or directory in /home1/dbjranger/public_html/clients/sy-admin/photo.process.functions.php on line 253
[17-Aug-2017 15:13:05 America/Los_Angeles] PHP Warning:  imagesx() expects parameter 1 to be resource, boolean given in /home1/dbjranger/public_html/clients/sy-admin/photo.process.functions.php on line 254
[17-Aug-2017 15:13:05 America/Los_Angeles] PHP Warning:  imagesy() expects parameter 1 to be resource, boolean given in /home1/dbjranger/public_html/clients/sy-admin/photo.process.functions.php on line 255
[17-Aug-2017 15:13:05 America/Los_Angeles] PHP Warning:  imagejpeg() expects parameter 1 to be resource, boolean given in /home1/dbjranger/public_html/clients/sy-admin/photo.process.functions.php on line 288
[17-Aug-2017 15:13:05 America/Los_Angeles] PHP Warning:  imagedestroy() expects parameter 1 to be resource, boolean given in /home1/dbjranger/public_html/clients/sy-admin/photo.process.functions.php on line 290
[17-Aug-2017 15:13:05 America/Los_Angeles] PHP Warning:  imagecreatefromjpeg(/home1/dbjranger/public_html/clients/sy-photos/2017/08/17/15/th_69e_Drake__N(5).jpg): failed to open stream: No such file or directory in /home1/dbjranger/public_html/clients/sy-admin/photo.process.functions.php on line 253
[17-Aug-2017 15:13:05 America/Los_Angeles] PHP Warning:  imagesx() expects parameter 1 to be resource, boolean given in /home1/dbjranger/public_html/clients/sy-admin/photo.process.functions.php on line 254
[17-Aug-2017 15:13:05 America/Los_Angeles] PHP Warning:  imagesy() expects parameter 1 to be resource, boolean given in /home1/dbjranger/public_html/clients/sy-admin/photo.process.functions.php on line 255
[17-Aug-2017 15:13:05 America/Los_Angeles] PHP Warning:  imagejpeg() expects parameter 1 to be resource, boolean given in /home1/dbjranger/public_html/clients/sy-admin/photo.process.functions.php on line 288
[17-Aug-2017 15:13:05 America/Los_Angeles] PHP Warning:  imagedestroy() expects parameter 1 to be resource, boolean given in /home1/dbjranger/public_html/clients/sy-admin/photo.process.functions.php on line 290
[17-Aug-2017 15:13:05 America/Los_Angeles] PHP Warning:  imagecreatefromjpeg(/home1/dbjranger/public_html/clients/sy-photos/2017/08/17/15/mini_69e_Drake__N(5).jpg): failed to open stream: No such file or directory in /home1/dbjranger/public_html/clients/sy-admin/photo.process.functions.php on line 584
[17-Aug-2017 15:13:05 America/Los_Angeles] PHP Warning:  imagecopy() expects parameter 2 to be resource, boolean given in /home1/dbjranger/public_html/clients/sy-admin/photo.process.functions.php on line 587
[17-Aug-2017 15:13:28 America/Los_Angeles] PHP Warning:  imagecreatefromjpeg(): gd-jpeg: JPEG library reports unrecoverable error:  in /home1/dbjranger/public_html/clients/sy-admin/photo.process.functions.php on line 136
[17-Aug-2017 15:13:28 America/Los_Angeles] PHP Warning:  imagecreatefromjpeg(): '/home1/dbjranger/public_html/clients/sy-photos/2017/08/17/15/large_404ff4b68_Drake__N(1).jpg' is not a valid JPEG file in /home1/dbjranger/public_html/clients/sy-admin/photo.process.functions.php on line 136
[17-Aug-2017 15:13:28 America/Los_Angeles] PHP Warning:  imagesettile() expects parameter 1 to be resource, boolean given in /home1/dbjranger/public_html/clients/sy-admin/photo.process.functions.php on line 139
[17-Aug-2017 15:13:28 America/Los_Angeles] PHP Warning:  imagefilledrectangle() expects parameter 1 to be resource, boolean given in /home1/dbjranger/public_html/clients/sy-admin/photo.process.functions.php on line 140
[17-Aug-2017 15:13:28 America/Los_Angeles] PHP Warning:  imagejpeg() expects parameter 1 to be resource, boolean given in /home1/dbjranger/public_html/clients/sy-admin/photo.process.functions.php on line 172
[17-Aug-2017 15:13:29 America/Los_Angeles] PHP Warning:  imagecreatefromjpeg(): gd-jpeg: JPEG library reports unrecoverable error:  in /home1/dbjranger/public_html/clients/sy-admin/photo.process.functions.php on line 208
[17-Aug-2017 15:13:29 America/Los_Angeles] PHP Warning:  imagecreatefromjpeg(): '/home1/dbjranger/public_html/clients/sy-photos/2017/08/17/15/large_404ff4b68_Drake__N(1).jpg' is not a valid JPEG file in /home1/dbjranger/public_html/clients/sy-admin/photo.process.functions.php on line 208
[17-Aug-2017 15:13:29 America/Los_Angeles] PHP Warning:  imagecopy() expects parameter 1 to be resource, boolean given in /home1/dbjranger/public_html/clients/sy-admin/photo.process.functions.php on line 223
[17-Aug-2017 15:13:29 America/Los_Angeles] PHP Warning:  imagejpeg() expects parameter 1 to be resource, boolean given in /home1/dbjranger/public_html/clients/sy-admin/photo.process.functions.php on line 246
[17-Aug-2017 15:13:29 America/Los_Angeles] PHP Warning:  imagecreatefromjpeg(): gd-jpeg: JPEG library reports unrecoverable error:  in /home1/dbjranger/public_html/clients/sy-admin/photo.process.functions.php on line 253
[17-Aug-2017 15:13:29 America/Los_Angeles] PHP Warning:  imagecreatefromjpeg(): '/home1/dbjranger/public_html/clients/sy-photos/2017/08/17/15/large_404ff4b68_Drake__N(1).jpg' is not a valid JPEG file in /home1/dbjranger/public_html/clients/sy-admin/photo.process.functions.php on line 253
[17-Aug-2017 15:13:29 America/Los_Angeles] PHP Warning:  imagesx() expects parameter 1 to be resource, boolean given in /home1/dbjranger/public_html/clients/sy-admin/photo.process.functions.php on line 254
[17-Aug-2017 15:13:29 America/Los_Angeles] PHP Warning:  imagesy() expects parameter 1 to be resource, boolean given in /home1/dbjranger/public_html/clients/sy-admin/photo.process.functions.php on line 255
[17-Aug-2017 15:13:29 America/Los_Angeles] PHP Warning:  imagejpeg() expects parameter 1 to be resource, boolean given in /home1/dbjranger/public_html/clients/sy-admin/photo.process.functions.php on line 288
[17-Aug-2017 15:13:29 America/Los_Angeles] PHP Warning:  imagedestroy() expects parameter 1 to be resource, boolean given in /home1/dbjranger/public_html/clients/sy-admin/photo.process.functions.php on line 290
[17-Aug-2017 15:13:29 America/Los_Angeles] PHP Warning:  imagecreatefromjpeg(/home1/dbjranger/public_html/clients/sy-photos/2017/08/17/15/small_5415c0_Drake__N(1).jpg): failed to open stream: No such file or directory in /home1/dbjranger/public_html/clients/sy-admin/photo.process.functions.php on line 253
[17-Aug-2017 15:13:29 America/Los_Angeles] PHP Warning:  imagesx() expects parameter 1 to be resource, boolean given in /home1/dbjranger/public_html/clients/sy-admin/photo.process.functions.php on line 254
[17-Aug-2017 15:13:29 America/Los_Angeles] PHP Warning:  imagesy() expects parameter 1 to be resource, boolean given in /home1/dbjranger/public_html/clients/sy-admin/photo.process.functions.php on line 255
[17-Aug-2017 15:13:29 America/Los_Angeles] PHP Warning:  imagejpeg() expects parameter 1 to be resource, boolean given in /home1/dbjranger/public_html/clients/sy-admin/photo.process.functions.php on line 288
[17-Aug-2017 15:13:29 America/Los_Angeles] PHP Warning:  imagedestroy() expects parameter 1 to be resource, boolean given in /home1/dbjranger/public_html/clients/sy-admin/photo.process.functions.php on line 290
[17-Aug-2017 15:13:29 America/Los_Angeles] PHP Warning:  imagecreatefromjpeg(/home1/dbjranger/public_html/clients/sy-photos/2017/08/17/15/th_7d8_Drake__N(1).jpg): failed to open stream: No such file or directory in /home1/dbjranger/public_html/clients/sy-admin/photo.process.functions.php on line 253
[17-Aug-2017 15:13:29 America/Los_Angeles] PHP Warning:  imagesx() expects parameter 1 to be resource, boolean given in /home1/dbjranger/public_html/clients/sy-admin/photo.process.functions.php on line 254
[17-Aug-2017 15:13:29 America/Los_Angeles] PHP Warning:  imagesy() expects parameter 1 to be resource, boolean given in /home1/dbjranger/public_html/clients/sy-admin/photo.process.functions.php on line 255
[17-Aug-2017 15:13:29 America/Los_Angeles] PHP Warning:  imagejpeg() expects parameter 1 to be resource, boolean given in /home1/dbjranger/public_html/clients/sy-admin/photo.process.functions.php on line 288
[17-Aug-2017 15:13:29 America/Los_Angeles] PHP Warning:  imagedestroy() expects parameter 1 to be resource, boolean given in /home1/dbjranger/public_html/clients/sy-admin/photo.process.functions.php on line 290
[17-Aug-2017 15:13:29 America/Los_Angeles] PHP Warning:  imagecreatefromjpeg(/home1/dbjranger/public_html/clients/sy-photos/2017/08/17/15/mini_7d8_Drake__N(1).jpg): failed to open stream: No such file or directory in /home1/dbjranger/public_html/clients/sy-admin/photo.process.functions.php on line 584
[17-Aug-2017 15:13:29 America/Los_Angeles] PHP Warning:  imagecopy() expects parameter 2 to be resource, boolean given in /home1/dbjranger/public_html/clients/sy-admin/photo.process.functions.php on line 587
[17-Aug-2017 15:13:29 America/Los_Angeles] PHP Warning:  imagecreatefromjpeg(): gd-jpeg: JPEG library reports unrecoverable error:  in /home1/dbjranger/public_html/clients/sy-admin/photo.process.functions.php on line 136
[17-Aug-2017 15:13:29 America/Los_Angeles] PHP Warning:  imagecreatefromjpeg(): '/home1/dbjranger/public_html/clients/sy-photos/2017/08/17/15/large_b71b88bd1_Drake__N(2).jpg' is not a valid JPEG file in /home1/dbjranger/public_html/clients/sy-admin/photo.process.functions.php on line 136
[17-Aug-2017 15:13:29 America/Los_Angeles] PHP Warning:  imagesettile() expects parameter 1 to be resource, boolean given in /home1/dbjranger/public_html/clients/sy-admin/photo.process.functions.php on line 139
[17-Aug-2017 15:13:29 America/Los_Angeles] PHP Warning:  imagefilledrectangle() expects parameter 1 to be resource, boolean given in /home1/dbjranger/public_html/clients/sy-admin/photo.process.functions.php on line 140
[17-Aug-2017 15:13:29 America/Los_Angeles] PHP Warning:  imagejpeg() expects parameter 1 to be resource, boolean given in /home1/dbjranger/public_html/clients/sy-admin/photo.process.functions.php on line 172
[17-Aug-2017 15:13:31 America/Los_Angeles] PHP Warning:  imagecreatefromjpeg(): gd-jpeg: JPEG library reports unrecoverable error:  in /home1/dbjranger/public_html/clients/sy-admin/photo.process.functions.php on line 208
[17-Aug-2017 15:13:31 America/Los_Angeles] PHP Warning:  imagecreatefromjpeg(): '/home1/dbjranger/public_html/clients/sy-photos/2017/08/17/15/large_b71b88bd1_Drake__N(2).jpg' is not a valid JPEG file in /home1/dbjranger/public_html/clients/sy-admin/photo.process.functions.php on line 208
[17-Aug-2017 15:13:31 America/Los_Angeles] PHP Warning:  imagecopy() expects parameter 1 to be resource, boolean given in /home1/dbjranger/public_html/clients/sy-admin/photo.process.functions.php on line 223
[17-Aug-2017 15:13:31 America/Los_Angeles] PHP Warning:  imagejpeg() expects parameter 1 to be resource, boolean given in /home1/dbjranger/public_html/clients/sy-admin/photo.process.functions.php on line 246
[17-Aug-2017 15:13:31 America/Los_Angeles] PHP Warning:  imagecreatefromjpeg(): gd-jpeg: JPEG library reports unrecoverable error:  in /home1/dbjranger/public_html/clients/sy-admin/photo.process.functions.php on line 253
[17-Aug-2017 15:13:31 America/Los_Angeles] PHP Warning:  imagecreatefromjpeg(): '/home1/dbjranger/public_html/clients/sy-photos/2017/08/17/15/large_b71b88bd1_Drake__N(2).jpg' is not a valid JPEG file in /home1/dbjranger/public_html/clients/sy-admin/photo.process.functions.php on line 253
[17-Aug-2017 15:13:31 America/Los_Angeles] PHP Warning:  imagesx() expects parameter 1 to be resource, boolean given in /home1/dbjranger/public_html/clients/sy-admin/photo.process.functions.php on line 254
[17-Aug-2017 15:13:31 America/Los_Angeles] PHP Warning:  imagesy() expects parameter 1 to be resource, boolean given in /home1/dbjranger/public_html/clients/sy-admin/photo.process.functions.php on line 255
[17-Aug-2017 15:13:31 America/Los_Angeles] PHP Warning:  imagejpeg() expects parameter 1 to be resource, boolean given in /home1/dbjranger/public_html/clients/sy-admin/photo.process.functions.php on line 288
[17-Aug-2017 15:13:31 America/Los_Angeles] PHP Warning:  imagedestroy() expects parameter 1 to be resource, boolean given in /home1/dbjranger/public_html/clients/sy-admin/photo.process.functions.php on line 290
[17-Aug-2017 15:13:31 America/Los_Angeles] PHP Warning:  imagecreatefromjpeg(/home1/dbjranger/public_html/clients/sy-photos/2017/08/17/15/small_c73af0_Drake__N(2).jpg): failed to open stream: No such file or directory in /home1/dbjranger/public_html/clients/sy-admin/photo.process.functions.php on line 253
[17-Aug-2017 15:13:31 America/Los_Angeles] PHP Warning:  imagesx() expects parameter 1 to be resource, boolean given in /home1/dbjranger/public_html/clients/sy-admin/photo.process.functions.php on line 254
[17-Aug-2017 15:13:31 America/Los_Angeles] PHP Warning:  imagesy() expects parameter 1 to be resource, boolean given in /home1/dbjranger/public_html/clients/sy-admin/photo.process.functions.php on line 255
[17-Aug-2017 15:13:31 America/Los_Angeles] PHP Warning:  imagejpeg() expects parameter 1 to be resource, boolean given in /home1/dbjranger/public_html/clients/sy-admin/photo.process.functions.php on line 288
[17-Aug-2017 15:13:31 America/Los_Angeles] PHP Warning:  imagedestroy() expects parameter 1 to be resource, boolean given in /home1/dbjranger/public_html/clients/sy-admin/photo.process.functions.php on line 290
[17-Aug-2017 15:13:31 America/Los_Angeles] PHP Warning:  imagecreatefromjpeg(/home1/dbjranger/public_html/clients/sy-photos/2017/08/17/15/th_414_Drake__N(2).jpg): failed to open stream: No such file or directory in /home1/dbjranger/public_html/clients/sy-admin/photo.process.functions.php on line 253
[17-Aug-2017 15:13:31 America/Los_Angeles] PHP Warning:  imagesx() expects parameter 1 to be resource, boolean given in /home1/dbjranger/public_html/clients/sy-admin/photo.process.functions.php on line 254
[17-Aug-2017 15:13:31 America/Los_Angeles] PHP Warning:  imagesy() expects parameter 1 to be resource, boolean given in /home1/dbjranger/public_html/clients/sy-admin/photo.process.functions.php on line 255
[17-Aug-2017 15:13:31 America/Los_Angeles] PHP Warning:  imagejpeg() expects parameter 1 to be resource, boolean given in /home1/dbjranger/public_html/clients/sy-admin/photo.process.functions.php on line 288
[17-Aug-2017 15:13:31 America/Los_Angeles] PHP Warning:  imagedestroy() expects parameter 1 to be resource, boolean given in /home1/dbjranger/public_html/clients/sy-admin/photo.process.functions.php on line 290
[17-Aug-2017 15:13:31 America/Los_Angeles] PHP Warning:  imagecreatefromjpeg(/home1/dbjranger/public_html/clients/sy-photos/2017/08/17/15/mini_414_Drake__N(2).jpg): failed to open stream: No such file or directory in /home1/dbjranger/public_html/clients/sy-admin/photo.process.functions.php on line 584
[17-Aug-2017 15:13:31 America/Los_Angeles] PHP Warning:  imagecopy() expects parameter 2 to be resource, boolean given in /home1/dbjranger/public_html/clients/sy-admin/photo.process.functions.php on line 587
[17-Aug-2017 15:13:34 America/Los_Angeles] PHP Warning:  imagecreatefromjpeg(): gd-jpeg: JPEG library reports unrecoverable error:  in /home1/dbjranger/public_html/clients/sy-admin/photo.process.functions.php on line 136
[17-Aug-2017 15:13:34 America/Los_Angeles] PHP Warning:  imagecreatefromjpeg(): '/home1/dbjranger/public_html/clients/sy-photos/2017/08/17/15/large_35e8a31ef_Drake__N(5).jpg' is not a valid JPEG file in /home1/dbjranger/public_html/clients/sy-admin/photo.process.functions.php on line 136
[17-Aug-2017 15:13:34 America/Los_Angeles] PHP Warning:  imagesettile() expects parameter 1 to be resource, boolean given in /home1/dbjranger/public_html/clients/sy-admin/photo.process.functions.php on line 139
[17-Aug-2017 15:13:34 America/Los_Angeles] PHP Warning:  imagefilledrectangle() expects parameter 1 to be resource, boolean given in /home1/dbjranger/public_html/clients/sy-admin/photo.process.functions.php on line 140
[17-Aug-2017 15:13:34 America/Los_Angeles] PHP Warning:  imagejpeg() expects parameter 1 to be resource, boolean given in /home1/dbjranger/public_html/clients/sy-admin/photo.process.functions.php on line 172
[17-Aug-2017 15:13:35 America/Los_Angeles] PHP Warning:  imagecreatefromjpeg(): gd-jpeg: JPEG library reports unrecoverable error:  in /home1/dbjranger/public_html/clients/sy-admin/photo.process.functions.php on line 208
[17-Aug-2017 15:13:35 America/Los_Angeles] PHP Warning:  imagecreatefromjpeg(): '/home1/dbjranger/public_html/clients/sy-photos/2017/08/17/15/large_35e8a31ef_Drake__N(5).jpg' is not a valid JPEG file in /home1/dbjranger/public_html/clients/sy-admin/photo.process.functions.php on line 208
[17-Aug-2017 15:13:35 America/Los_Angeles] PHP Warning:  imagecopy() expects parameter 1 to be resource, boolean given in /home1/dbjranger/public_html/clients/sy-admin/photo.process.functions.php on line 223
[17-Aug-2017 15:13:35 America/Los_Angeles] PHP Warning:  imagejpeg() expects parameter 1 to be resource, boolean given in /home1/dbjranger/public_html/clients/sy-admin/photo.process.functions.php on line 246
[17-Aug-2017 15:13:35 America/Los_Angeles] PHP Warning:  imagecreatefromjpeg(): gd-jpeg: JPEG library reports unrecoverable error:  in /home1/dbjranger/public_html/clients/sy-admin/photo.process.functions.php on line 253
[17-Aug-2017 15:13:35 America/Los_Angeles] PHP Warning:  imagecreatefromjpeg(): '/home1/dbjranger/public_html/clients/sy-photos/2017/08/17/15/large_35e8a31ef_Drake__N(5).jpg' is not a valid JPEG file in /home1/dbjranger/public_html/clients/sy-admin/photo.process.functions.php on line 253
[17-Aug-2017 15:13:35 America/Los_Angeles] PHP Warning:  imagesx() expects parameter 1 to be resource, boolean given in /home1/dbjranger/public_html/clients/sy-admin/photo.process.functions.php on line 254
[17-Aug-2017 15:13:35 America/Los_Angeles] PHP Warning:  imagesy() expects parameter 1 to be resource, boolean given in /home1/dbjranger/public_html/clients/sy-admin/photo.process.functions.php on line 255
[17-Aug-2017 15:13:35 America/Los_Angeles] PHP Warning:  imagejpeg() expects parameter 1 to be resource, boolean given in /home1/dbjranger/public_html/clients/sy-admin/photo.process.functions.php on line 288
[17-Aug-2017 15:13:35 America/Los_Angeles] PHP Warning:  imagedestroy() expects parameter 1 to be resource, boolean given in /home1/dbjranger/public_html/clients/sy-admin/photo.process.functions.php on line 290
[17-Aug-2017 15:13:35 America/Los_Angeles] PHP Warning:  imagecreatefromjpeg(/home1/dbjranger/public_html/clients/sy-photos/2017/08/17/15/small_240e52_Drake__N(5).jpg): failed to open stream: No such file or directory in /home1/dbjranger/public_html/clients/sy-admin/photo.process.functions.php on line 253
[17-Aug-2017 15:13:35 America/Los_Angeles] PHP Warning:  imagesx() expects parameter 1 to be resource, boolean given in /home1/dbjranger/public_html/clients/sy-admin/photo.process.functions.php on line 254
[17-Aug-2017 15:13:35 America/Los_Angeles] PHP Warning:  imagesy() expects parameter 1 to be resource, boolean given in /home1/dbjranger/public_html/clients/sy-admin/photo.process.functions.php on line 255
[17-Aug-2017 15:13:35 America/Los_Angeles] PHP Warning:  imagejpeg() expects parameter 1 to be resource, boolean given in /home1/dbjranger/public_html/clients/sy-admin/photo.process.functions.php on line 288
[17-Aug-2017 15:13:35 America/Los_Angeles] PHP Warning:  imagedestroy() expects parameter 1 to be resource, boolean given in /home1/dbjranger/public_html/clients/sy-admin/photo.process.functions.php on line 290
[17-Aug-2017 15:13:35 America/Los_Angeles] PHP Warning:  imagecreatefromjpeg(/home1/dbjranger/public_html/clients/sy-photos/2017/08/17/15/th_8a7_Drake__N(5).jpg): failed to open stream: No such file or directory in /home1/dbjranger/public_html/clients/sy-admin/photo.process.functions.php on line 253
[17-Aug-2017 15:13:35 America/Los_Angeles] PHP Warning:  imagesx() expects parameter 1 to be resource, boolean given in /home1/dbjranger/public_html/clients/sy-admin/photo.process.functions.php on line 254
[17-Aug-2017 15:13:35 America/Los_Angeles] PHP Warning:  imagesy() expects parameter 1 to be resource, boolean given in /home1/dbjranger/public_html/clients/sy-admin/photo.process.functions.php on line 255
[17-Aug-2017 15:13:35 America/Los_Angeles] PHP Warning:  imagejpeg() expects parameter 1 to be resource, boolean given in /home1/dbjranger/public_html/clients/sy-admin/photo.process.functions.php on line 288
[17-Aug-2017 15:13:35 America/Los_Angeles] PHP Warning:  imagedestroy() expects parameter 1 to be resource, boolean given in /home1/dbjranger/public_html/clients/sy-admin/photo.process.functions.php on line 290
[17-Aug-2017 15:13:35 America/Los_Angeles] PHP Warning:  imagecreatefromjpeg(/home1/dbjranger/public_html/clients/sy-photos/2017/08/17/15/mini_8a7_Drake__N(5).jpg): failed to open stream: No such file or directory in /home1/dbjranger/public_html/clients/sy-admin/photo.process.functions.php on line 584
[17-Aug-2017 15:13:35 America/Los_Angeles] PHP Warning:  imagecopy() expects parameter 2 to be resource, boolean given in /home1/dbjranger/public_html/clients/sy-admin/photo.process.functions.php on line 587
[17-Aug-2017 15:16:06 America/Los_Angeles] PHP Warning:  Invalid argument supplied for foreach() in /home1/dbjranger/public_html/clients/sy-admin/news/news.edit.php on line 204
[17-Aug-2017 15:16:42 America/Los_Angeles] PHP Warning:  imagecreatefromjpeg(): gd-jpeg: JPEG library reports unrecoverable error:  in /home1/dbjranger/public_html/clients/sy-admin/photo.process.functions.php on line 136
[17-Aug-2017 15:16:42 America/Los_Angeles] PHP Warning:  imagecreatefromjpeg(): '/home1/dbjranger/public_html/clients/sy-photos/2017/08/17/15/large_880ad8e0f_Drake__N(5).jpg' is not a valid JPEG file in /home1/dbjranger/public_html/clients/sy-admin/photo.process.functions.php on line 136
[17-Aug-2017 15:16:42 America/Los_Angeles] PHP Warning:  imagesettile() expects parameter 1 to be resource, boolean given in /home1/dbjranger/public_html/clients/sy-admin/photo.process.functions.php on line 139
[17-Aug-2017 15:16:42 America/Los_Angeles] PHP Warning:  imagefilledrectangle() expects parameter 1 to be resource, boolean given in /home1/dbjranger/public_html/clients/sy-admin/photo.process.functions.php on line 140
[17-Aug-2017 15:16:42 America/Los_Angeles] PHP Warning:  imagejpeg() expects parameter 1 to be resource, boolean given in /home1/dbjranger/public_html/clients/sy-admin/photo.process.functions.php on line 172
[17-Aug-2017 15:16:43 America/Los_Angeles] PHP Warning:  imagecreatefromjpeg(): gd-jpeg: JPEG library reports unrecoverable error:  in /home1/dbjranger/public_html/clients/sy-admin/photo.process.functions.php on line 208
[17-Aug-2017 15:16:43 America/Los_Angeles] PHP Warning:  imagecreatefromjpeg(): '/home1/dbjranger/public_html/clients/sy-photos/2017/08/17/15/large_880ad8e0f_Drake__N(5).jpg' is not a valid JPEG file in /home1/dbjranger/public_html/clients/sy-admin/photo.process.functions.php on line 208
[17-Aug-2017 15:16:43 America/Los_Angeles] PHP Warning:  imagecopy() expects parameter 1 to be resource, boolean given in /home1/dbjranger/public_html/clients/sy-admin/photo.process.functions.php on line 223
[17-Aug-2017 15:16:43 America/Los_Angeles] PHP Warning:  imagejpeg() expects parameter 1 to be resource, boolean given in /home1/dbjranger/public_html/clients/sy-admin/photo.process.functions.php on line 246
[17-Aug-2017 15:16:43 America/Los_Angeles] PHP Warning:  imagecreatefromjpeg(): gd-jpeg: JPEG library reports unrecoverable error:  in /home1/dbjranger/public_html/clients/sy-admin/photo.process.functions.php on line 253
[17-Aug-2017 15:16:43 America/Los_Angeles] PHP Warning:  imagecreatefromjpeg(): '/home1/dbjranger/public_html/clients/sy-photos/2017/08/17/15/large_880ad8e0f_Drake__N(5).jpg' is not a valid JPEG file in /home1/dbjranger/public_html/clients/sy-admin/photo.process.functions.php on line 253
[17-Aug-2017 15:16:43 America/Los_Angeles] PHP Warning:  imagesx() expects parameter 1 to be resource, boolean given in /home1/dbjranger/public_html/clients/sy-admin/photo.process.functions.php on line 254
[17-Aug-2017 15:16:43 America/Los_Angeles] PHP Warning:  imagesy() expects parameter 1 to be resource, boolean given in /home1/dbjranger/public_html/clients/sy-admin/photo.process.functions.php on line 255
[17-Aug-2017 15:16:43 America/Los_Angeles] PHP Warning:  imagejpeg() expects parameter 1 to be resource, boolean given in /home1/dbjranger/public_html/clients/sy-admin/photo.process.functions.php on line 288
[17-Aug-2017 15:16:43 America/Los_Angeles] PHP Warning:  imagedestroy() expects parameter 1 to be resource, boolean given in /home1/dbjranger/public_html/clients/sy-admin/photo.process.functions.php on line 290
[17-Aug-2017 15:16:43 America/Los_Angeles] PHP Warning:  imagecreatefromjpeg(/home1/dbjranger/public_html/clients/sy-photos/2017/08/17/15/small_fbfd0b_Drake__N(5).jpg): failed to open stream: No such file or directory in /home1/dbjranger/public_html/clients/sy-admin/photo.process.functions.php on line 253
[17-Aug-2017 15:16:43 America/Los_Angeles] PHP Warning:  imagesx() expects parameter 1 to be resource, boolean given in /home1/dbjranger/public_html/clients/sy-admin/photo.process.functions.php on line 254
[17-Aug-2017 15:16:43 America/Los_Angeles] PHP Warning:  imagesy() expects parameter 1 to be resource, boolean given in /home1/dbjranger/public_html/clients/sy-admin/photo.process.functions.php on line 255
[17-Aug-2017 15:16:43 America/Los_Angeles] PHP Warning:  imagejpeg() expects parameter 1 to be resource, boolean given in /home1/dbjranger/public_html/clients/sy-admin/photo.process.functions.php on line 288
[17-Aug-2017 15:16:43 America/Los_Angeles] PHP Warning:  imagedestroy() expects parameter 1 to be resource, boolean given in /home1/dbjranger/public_html/clients/sy-admin/photo.process.functions.php on line 290
[17-Aug-2017 15:16:43 America/Los_Angeles] PHP Warning:  imagecreatefromjpeg(/home1/dbjranger/public_html/clients/sy-photos/2017/08/17/15/th_4c4_Drake__N(5).jpg): failed to open stream: No such file or directory in /home1/dbjranger/public_html/clients/sy-admin/photo.process.functions.php on line 253
[17-Aug-2017 15:16:43 America/Los_Angeles] PHP Warning:  imagesx() expects parameter 1 to be resource, boolean given in /home1/dbjranger/public_html/clients/sy-admin/photo.process.functions.php on line 254
[17-Aug-2017 15:16:43 America/Los_Angeles] PHP Warning:  imagesy() expects parameter 1 to be resource, boolean given in /home1/dbjranger/public_html/clients/sy-admin/photo.process.functions.php on line 255
[17-Aug-2017 15:16:43 America/Los_Angeles] PHP Warning:  imagejpeg() expects parameter 1 to be resource, boolean given in /home1/dbjranger/public_html/clients/sy-admin/photo.process.functions.php on line 288
[17-Aug-2017 15:16:43 America/Los_Angeles] PHP Warning:  imagedestroy() expects parameter 1 to be resource, boolean given in /home1/dbjranger/public_html/clients/sy-admin/photo.process.functions.php on line 290
[17-Aug-2017 15:16:43 America/Los_Angeles] PHP Warning:  imagecreatefromjpeg(/home1/dbjranger/public_html/clients/sy-photos/2017/08/17/15/mini_4c4_Drake__N(5).jpg): failed to open stream: No such file or directory in /home1/dbjranger/public_html/clients/sy-admin/photo.process.functions.php on line 584
[17-Aug-2017 15:16:43 America/Los_Angeles] PHP Warning:  imagecopy() expects parameter 2 to be resource, boolean given in /home1/dbjranger/public_html/clients/sy-admin/photo.process.functions.php on line 587
[17-Aug-2017 15:16:46 America/Los_Angeles] PHP Warning:  imagecreatefromjpeg(): gd-jpeg: JPEG library reports unrecoverable error:  in /home1/dbjranger/public_html/clients/sy-admin/photo.process.functions.php on line 136
[17-Aug-2017 15:16:46 America/Los_Angeles] PHP Warning:  imagecreatefromjpeg(): '/home1/dbjranger/public_html/clients/sy-photos/2017/08/17/15/large_7f0ce11f1_Drake__N(5).jpg' is not a valid JPEG file in /home1/dbjranger/public_html/clients/sy-admin/photo.process.functions.php on line 136
[17-Aug-2017 15:16:46 America/Los_Angeles] PHP Warning:  imagesettile() expects parameter 1 to be resource, boolean given in /home1/dbjranger/public_html/clients/sy-admin/photo.process.functions.php on line 139
[17-Aug-2017 15:16:46 America/Los_Angeles] PHP Warning:  imagefilledrectangle() expects parameter 1 to be resource, boolean given in /home1/dbjranger/public_html/clients/sy-admin/photo.process.functions.php on line 140
[17-Aug-2017 15:16:46 America/Los_Angeles] PHP Warning:  imagejpeg() expects parameter 1 to be resource, boolean given in /home1/dbjranger/public_html/clients/sy-admin/photo.process.functions.php on line 172
[17-Aug-2017 15:16:47 America/Los_Angeles] PHP Warning:  imagecreatefromjpeg(): gd-jpeg: JPEG library reports unrecoverable error:  in /home1/dbjranger/public_html/clients/sy-admin/photo.process.functions.php on line 208
[17-Aug-2017 15:16:47 America/Los_Angeles] PHP Warning:  imagecreatefromjpeg(): '/home1/dbjranger/public_html/clients/sy-photos/2017/08/17/15/large_7f0ce11f1_Drake__N(5).jpg' is not a valid JPEG file in /home1/dbjranger/public_html/clients/sy-admin/photo.process.functions.php on line 208
[17-Aug-2017 15:16:47 America/Los_Angeles] PHP Warning:  imagecopy() expects parameter 1 to be resource, boolean given in /home1/dbjranger/public_html/clients/sy-admin/photo.process.functions.php on line 223
[17-Aug-2017 15:16:47 America/Los_Angeles] PHP Warning:  imagejpeg() expects parameter 1 to be resource, boolean given in /home1/dbjranger/public_html/clients/sy-admin/photo.process.functions.php on line 246
[17-Aug-2017 15:16:47 America/Los_Angeles] PHP Warning:  imagecreatefromjpeg(): gd-jpeg: JPEG library reports unrecoverable error:  in /home1/dbjranger/public_html/clients/sy-admin/photo.process.functions.php on line 253
[17-Aug-2017 15:16:47 America/Los_Angeles] PHP Warning:  imagecreatefromjpeg(): '/home1/dbjranger/public_html/clients/sy-photos/2017/08/17/15/large_7f0ce11f1_Drake__N(5).jpg' is not a valid JPEG file in /home1/dbjranger/public_html/clients/sy-admin/photo.process.functions.php on line 253
[17-Aug-2017 15:16:47 America/Los_Angeles] PHP Warning:  imagesx() expects parameter 1 to be resource, boolean given in /home1/dbjranger/public_html/clients/sy-admin/photo.process.functions.php on line 254
[17-Aug-2017 15:16:47 America/Los_Angeles] PHP Warning:  imagesy() expects parameter 1 to be resource, boolean given in /home1/dbjranger/public_html/clients/sy-admin/photo.process.functions.php on line 255
[17-Aug-2017 15:16:47 America/Los_Angeles] PHP Warning:  imagejpeg() expects parameter 1 to be resource, boolean given in /home1/dbjranger/public_html/clients/sy-admin/photo.process.functions.php on line 288
[17-Aug-2017 15:16:47 America/Los_Angeles] PHP Warning:  imagedestroy() expects parameter 1 to be resource, boolean given in /home1/dbjranger/public_html/clients/sy-admin/photo.process.functions.php on line 290
[17-Aug-2017 15:16:47 America/Los_Angeles] PHP Warning:  imagecreatefromjpeg(/home1/dbjranger/public_html/clients/sy-photos/2017/08/17/15/small_95d415_Drake__N(5).jpg): failed to open stream: No such file or directory in /home1/dbjranger/public_html/clients/sy-admin/photo.process.functions.php on line 253
[17-Aug-2017 15:16:47 America/Los_Angeles] PHP Warning:  imagesx() expects parameter 1 to be resource, boolean given in /home1/dbjranger/public_html/clients/sy-admin/photo.process.functions.php on line 254
[17-Aug-2017 15:16:47 America/Los_Angeles] PHP Warning:  imagesy() expects parameter 1 to be resource, boolean given in /home1/dbjranger/public_html/clients/sy-admin/photo.process.functions.php on line 255
[17-Aug-2017 15:16:47 America/Los_Angeles] PHP Warning:  imagejpeg() expects parameter 1 to be resource, boolean given in /home1/dbjranger/public_html/clients/sy-admin/photo.process.functions.php on line 288
[17-Aug-2017 15:16:47 America/Los_Angeles] PHP Warning:  imagedestroy() expects parameter 1 to be resource, boolean given in /home1/dbjranger/public_html/clients/sy-admin/photo.process.functions.php on line 290
[17-Aug-2017 15:16:47 America/Los_Angeles] PHP Warning:  imagecreatefromjpeg(/home1/dbjranger/public_html/clients/sy-photos/2017/08/17/15/th_e23_Drake__N(5).jpg): failed to open stream: No such file or directory in /home1/dbjranger/public_html/clients/sy-admin/photo.process.functions.php on line 253
[17-Aug-2017 15:16:47 America/Los_Angeles] PHP Warning:  imagesx() expects parameter 1 to be resource, boolean given in /home1/dbjranger/public_html/clients/sy-admin/photo.process.functions.php on line 254
[17-Aug-2017 15:16:47 America/Los_Angeles] PHP Warning:  imagesy() expects parameter 1 to be resource, boolean given in /home1/dbjranger/public_html/clients/sy-admin/photo.process.functions.php on line 255
[17-Aug-2017 15:16:47 America/Los_Angeles] PHP Warning:  imagejpeg() expects parameter 1 to be resource, boolean given in /home1/dbjranger/public_html/clients/sy-admin/photo.process.functions.php on line 288
[17-Aug-2017 15:16:47 America/Los_Angeles] PHP Warning:  imagedestroy() expects parameter 1 to be resource, boolean given in /home1/dbjranger/public_html/clients/sy-admin/photo.process.functions.php on line 290
[17-Aug-2017 15:16:47 America/Los_Angeles] PHP Warning:  imagecreatefromjpeg(/home1/dbjranger/public_html/clients/sy-photos/2017/08/17/15/mini_e23_Drake__N(5).jpg): failed to open stream: No such file or directory in /home1/dbjranger/public_html/clients/sy-admin/photo.process.functions.php on line 584
[17-Aug-2017 15:16:47 America/Los_Angeles] PHP Warning:  imagecopy() expects parameter 2 to be resource, boolean given in /home1/dbjranger/public_html/clients/sy-admin/photo.process.functions.php on line 587
[17-Aug-2017 15:16:49 America/Los_Angeles] PHP Warning:  imagecreatefromjpeg(): gd-jpeg: JPEG library reports unrecoverable error:  in /home1/dbjranger/public_html/clients/sy-admin/photo.process.functions.php on line 136
[17-Aug-2017 15:16:49 America/Los_Angeles] PHP Warning:  imagecreatefromjpeg(): '/home1/dbjranger/public_html/clients/sy-photos/2017/08/17/15/large_072ada3ac_Drake__N(5).jpg' is not a valid JPEG file in /home1/dbjranger/public_html/clients/sy-admin/photo.process.functions.php on line 136
[17-Aug-2017 15:16:49 America/Los_Angeles] PHP Warning:  imagesettile() expects parameter 1 to be resource, boolean given in /home1/dbjranger/public_html/clients/sy-admin/photo.process.functions.php on line 139
[17-Aug-2017 15:16:49 America/Los_Angeles] PHP Warning:  imagefilledrectangle() expects parameter 1 to be resource, boolean given in /home1/dbjranger/public_html/clients/sy-admin/photo.process.functions.php on line 140
[17-Aug-2017 15:16:49 America/Los_Angeles] PHP Warning:  imagejpeg() expects parameter 1 to be resource, boolean given in /home1/dbjranger/public_html/clients/sy-admin/photo.process.functions.php on line 172
[17-Aug-2017 15:16:50 America/Los_Angeles] PHP Warning:  imagecreatefromjpeg(): gd-jpeg: JPEG library reports unrecoverable error:  in /home1/dbjranger/public_html/clients/sy-admin/photo.process.functions.php on line 208
[17-Aug-2017 15:16:50 America/Los_Angeles] PHP Warning:  imagecreatefromjpeg(): '/home1/dbjranger/public_html/clients/sy-photos/2017/08/17/15/large_072ada3ac_Drake__N(5).jpg' is not a valid JPEG file in /home1/dbjranger/public_html/clients/sy-admin/photo.process.functions.php on line 208
[17-Aug-2017 15:16:50 America/Los_Angeles] PHP Warning:  imagecopy() expects parameter 1 to be resource, boolean given in /home1/dbjranger/public_html/clients/sy-admin/photo.process.functions.php on line 223
[17-Aug-2017 15:16:50 America/Los_Angeles] PHP Warning:  imagejpeg() expects parameter 1 to be resource, boolean given in /home1/dbjranger/public_html/clients/sy-admin/photo.process.functions.php on line 246
[17-Aug-2017 15:16:50 America/Los_Angeles] PHP Warning:  imagecreatefromjpeg(): gd-jpeg: JPEG library reports unrecoverable error:  in /home1/dbjranger/public_html/clients/sy-admin/photo.process.functions.php on line 253
[17-Aug-2017 15:16:50 America/Los_Angeles] PHP Warning:  imagecreatefromjpeg(): '/home1/dbjranger/public_html/clients/sy-photos/2017/08/17/15/large_072ada3ac_Drake__N(5).jpg' is not a valid JPEG file in /home1/dbjranger/public_html/clients/sy-admin/photo.process.functions.php on line 253
[17-Aug-2017 15:16:50 America/Los_Angeles] PHP Warning:  imagesx() expects parameter 1 to be resource, boolean given in /home1/dbjranger/public_html/clients/sy-admin/photo.process.functions.php on line 254
[17-Aug-2017 15:16:50 America/Los_Angeles] PHP Warning:  imagesy() expects parameter 1 to be resource, boolean given in /home1/dbjranger/public_html/clients/sy-admin/photo.process.functions.php on line 255
[17-Aug-2017 15:16:50 America/Los_Angeles] PHP Warning:  imagejpeg() expects parameter 1 to be resource, boolean given in /home1/dbjranger/public_html/clients/sy-admin/photo.process.functions.php on line 288
[17-Aug-2017 15:16:50 America/Los_Angeles] PHP Warning:  imagedestroy() expects parameter 1 to be resource, boolean given in /home1/dbjranger/public_html/clients/sy-admin/photo.process.functions.php on line 290
[17-Aug-2017 15:16:50 America/Los_Angeles] PHP Warning:  imagecreatefromjpeg(/home1/dbjranger/public_html/clients/sy-photos/2017/08/17/15/small_14c16e_Drake__N(5).jpg): failed to open stream: No such file or directory in /home1/dbjranger/public_html/clients/sy-admin/photo.process.functions.php on line 253
[17-Aug-2017 15:16:50 America/Los_Angeles] PHP Warning:  imagesx() expects parameter 1 to be resource, boolean given in /home1/dbjranger/public_html/clients/sy-admin/photo.process.functions.php on line 254
[17-Aug-2017 15:16:50 America/Los_Angeles] PHP Warning:  imagesy() expects parameter 1 to be resource, boolean given in /home1/dbjranger/public_html/clients/sy-admin/photo.process.functions.php on line 255
[17-Aug-2017 15:16:50 America/Los_Angeles] PHP Warning:  imagejpeg() expects parameter 1 to be resource, boolean given in /home1/dbjranger/public_html/clients/sy-admin/photo.process.functions.php on line 288
[17-Aug-2017 15:16:50 America/Los_Angeles] PHP Warning:  imagedestroy() expects parameter 1 to be resource, boolean given in /home1/dbjranger/public_html/clients/sy-admin/photo.process.functions.php on line 290
[17-Aug-2017 15:16:50 America/Los_Angeles] PHP Warning:  imagecreatefromjpeg(/home1/dbjranger/public_html/clients/sy-photos/2017/08/17/15/th_5d1_Drake__N(5).jpg): failed to open stream: No such file or directory in /home1/dbjranger/public_html/clients/sy-admin/photo.process.functions.php on line 253
[17-Aug-2017 15:16:50 America/Los_Angeles] PHP Warning:  imagesx() expects parameter 1 to be resource, boolean given in /home1/dbjranger/public_html/clients/sy-admin/photo.process.functions.php on line 254
[17-Aug-2017 15:16:50 America/Los_Angeles] PHP Warning:  imagesy() expects parameter 1 to be resource, boolean given in /home1/dbjranger/public_html/clients/sy-admin/photo.process.functions.php on line 255
[17-Aug-2017 15:16:50 America/Los_Angeles] PHP Warning:  imagejpeg() expects parameter 1 to be resource, boolean given in /home1/dbjranger/public_html/clients/sy-admin/photo.process.functions.php on line 288
[17-Aug-2017 15:16:50 America/Los_Angeles] PHP Warning:  imagedestroy() expects parameter 1 to be resource, boolean given in /home1/dbjranger/public_html/clients/sy-admin/photo.process.functions.php on line 290
[17-Aug-2017 15:16:50 America/Los_Angeles] PHP Warning:  imagecreatefromjpeg(/home1/dbjranger/public_html/clients/sy-photos/2017/08/17/15/mini_5d1_Drake__N(5).jpg): failed to open stream: No such file or directory in /home1/dbjranger/public_html/clients/sy-admin/photo.process.functions.php on line 584
[17-Aug-2017 15:16:50 America/Los_Angeles] PHP Warning:  imagecopy() expects parameter 2 to be resource, boolean given in /home1/dbjranger/public_html/clients/sy-admin/photo.process.functions.php on line 587
[17-Aug-2017 15:17:13 America/Los_Angeles] PHP Warning:  imagecreatefromjpeg(): gd-jpeg: JPEG library reports unrecoverable error:  in /home1/dbjranger/public_html/clients/sy-admin/photo.process.functions.php on line 136
[17-Aug-2017 15:17:13 America/Los_Angeles] PHP Warning:  imagecreatefromjpeg(): '/home1/dbjranger/public_html/clients/sy-photos/2017/08/17/15/large_10ca04048_Drake__N(1).jpg' is not a valid JPEG file in /home1/dbjranger/public_html/clients/sy-admin/photo.process.functions.php on line 136
[17-Aug-2017 15:17:13 America/Los_Angeles] PHP Warning:  imagesettile() expects parameter 1 to be resource, boolean given in /home1/dbjranger/public_html/clients/sy-admin/photo.process.functions.php on line 139
[17-Aug-2017 15:17:13 America/Los_Angeles] PHP Warning:  imagefilledrectangle() expects parameter 1 to be resource, boolean given in /home1/dbjranger/public_html/clients/sy-admin/photo.process.functions.php on line 140
[17-Aug-2017 15:17:13 America/Los_Angeles] PHP Warning:  imagejpeg() expects parameter 1 to be resource, boolean given in /home1/dbjranger/public_html/clients/sy-admin/photo.process.functions.php on line 172
[17-Aug-2017 15:17:14 America/Los_Angeles] PHP Warning:  imagecreatefromjpeg(): gd-jpeg: JPEG library reports unrecoverable error:  in /home1/dbjranger/public_html/clients/sy-admin/photo.process.functions.php on line 208
[17-Aug-2017 15:17:14 America/Los_Angeles] PHP Warning:  imagecreatefromjpeg(): '/home1/dbjranger/public_html/clients/sy-photos/2017/08/17/15/large_10ca04048_Drake__N(1).jpg' is not a valid JPEG file in /home1/dbjranger/public_html/clients/sy-admin/photo.process.functions.php on line 208
[17-Aug-2017 15:17:14 America/Los_Angeles] PHP Warning:  imagecopy() expects parameter 1 to be resource, boolean given in /home1/dbjranger/public_html/clients/sy-admin/photo.process.functions.php on line 223
[17-Aug-2017 15:17:14 America/Los_Angeles] PHP Warning:  imagejpeg() expects parameter 1 to be resource, boolean given in /home1/dbjranger/public_html/clients/sy-admin/photo.process.functions.php on line 246
[17-Aug-2017 15:17:14 America/Los_Angeles] PHP Warning:  imagecreatefromjpeg(): gd-jpeg: JPEG library reports unrecoverable error:  in /home1/dbjranger/public_html/clients/sy-admin/photo.process.functions.php on line 253
[17-Aug-2017 15:17:14 America/Los_Angeles] PHP Warning:  imagecreatefromjpeg(): '/home1/dbjranger/public_html/clients/sy-photos/2017/08/17/15/large_10ca04048_Drake__N(1).jpg' is not a valid JPEG file in /home1/dbjranger/public_html/clients/sy-admin/photo.process.functions.php on line 253
[17-Aug-2017 15:17:14 America/Los_Angeles] PHP Warning:  imagesx() expects parameter 1 to be resource, boolean given in /home1/dbjranger/public_html/clients/sy-admin/photo.process.functions.php on line 254
[17-Aug-2017 15:17:14 America/Los_Angeles] PHP Warning:  imagesy() expects parameter 1 to be resource, boolean given in /home1/dbjranger/public_html/clients/sy-admin/photo.process.functions.php on line 255
[17-Aug-2017 15:17:14 America/Los_Angeles] PHP Warning:  imagejpeg() expects parameter 1 to be resource, boolean given in /home1/dbjranger/public_html/clients/sy-admin/photo.process.functions.php on line 288
[17-Aug-2017 15:17:14 America/Los_Angeles] PHP Warning:  imagedestroy() expects parameter 1 to be resource, boolean given in /home1/dbjranger/public_html/clients/sy-admin/photo.process.functions.php on line 290
[17-Aug-2017 15:17:14 America/Los_Angeles] PHP Warning:  imagecreatefromjpeg(/home1/dbjranger/public_html/clients/sy-photos/2017/08/17/15/small_694b56_Drake__N(1).jpg): failed to open stream: No such file or directory in /home1/dbjranger/public_html/clients/sy-admin/photo.process.functions.php on line 253
[17-Aug-2017 15:17:14 America/Los_Angeles] PHP Warning:  imagesx() expects parameter 1 to be resource, boolean given in /home1/dbjranger/public_html/clients/sy-admin/photo.process.functions.php on line 254
[17-Aug-2017 15:17:14 America/Los_Angeles] PHP Warning:  imagesy() expects parameter 1 to be resource, boolean given in /home1/dbjranger/public_html/clients/sy-admin/photo.process.functions.php on line 255
[17-Aug-2017 15:17:14 America/Los_Angeles] PHP Warning:  imagejpeg() expects parameter 1 to be resource, boolean given in /home1/dbjranger/public_html/clients/sy-admin/photo.process.functions.php on line 288
[17-Aug-2017 15:17:14 America/Los_Angeles] PHP Warning:  imagedestroy() expects parameter 1 to be resource, boolean given in /home1/dbjranger/public_html/clients/sy-admin/photo.process.functions.php on line 290
[17-Aug-2017 15:17:14 America/Los_Angeles] PHP Warning:  imagecreatefromjpeg(/home1/dbjranger/public_html/clients/sy-photos/2017/08/17/15/th_dc1_Drake__N(1).jpg): failed to open stream: No such file or directory in /home1/dbjranger/public_html/clients/sy-admin/photo.process.functions.php on line 253
[17-Aug-2017 15:17:14 America/Los_Angeles] PHP Warning:  imagesx() expects parameter 1 to be resource, boolean given in /home1/dbjranger/public_html/clients/sy-admin/photo.process.functions.php on line 254
[17-Aug-2017 15:17:14 America/Los_Angeles] PHP Warning:  imagesy() expects parameter 1 to be resource, boolean given in /home1/dbjranger/public_html/clients/sy-admin/photo.process.functions.php on line 255
[17-Aug-2017 15:17:14 America/Los_Angeles] PHP Warning:  imagejpeg() expects parameter 1 to be resource, boolean given in /home1/dbjranger/public_html/clients/sy-admin/photo.process.functions.php on line 288
[17-Aug-2017 15:17:14 America/Los_Angeles] PHP Warning:  imagedestroy() expects parameter 1 to be resource, boolean given in /home1/dbjranger/public_html/clients/sy-admin/photo.process.functions.php on line 290
[17-Aug-2017 15:17:14 America/Los_Angeles] PHP Warning:  imagecreatefromjpeg(/home1/dbjranger/public_html/clients/sy-photos/2017/08/17/15/mini_dc1_Drake__N(1).jpg): failed to open stream: No such file or directory in /home1/dbjranger/public_html/clients/sy-admin/photo.process.functions.php on line 584
[17-Aug-2017 15:17:14 America/Los_Angeles] PHP Warning:  imagecopy() expects parameter 2 to be resource, boolean given in /home1/dbjranger/public_html/clients/sy-admin/photo.process.functions.php on line 587
[17-Aug-2017 15:17:14 America/Los_Angeles] PHP Warning:  imagecreatefromjpeg(): gd-jpeg: JPEG library reports unrecoverable error:  in /home1/dbjranger/public_html/clients/sy-admin/photo.process.functions.php on line 136
[17-Aug-2017 15:17:14 America/Los_Angeles] PHP Warning:  imagecreatefromjpeg(): '/home1/dbjranger/public_html/clients/sy-photos/2017/08/17/15/large_fba4fcbe4_Drake__N(2).jpg' is not a valid JPEG file in /home1/dbjranger/public_html/clients/sy-admin/photo.process.functions.php on line 136
[17-Aug-2017 15:17:14 America/Los_Angeles] PHP Warning:  imagesettile() expects parameter 1 to be resource, boolean given in /home1/dbjranger/public_html/clients/sy-admin/photo.process.functions.php on line 139
[17-Aug-2017 15:17:14 America/Los_Angeles] PHP Warning:  imagefilledrectangle() expects parameter 1 to be resource, boolean given in /home1/dbjranger/public_html/clients/sy-admin/photo.process.functions.php on line 140
[17-Aug-2017 15:17:14 America/Los_Angeles] PHP Warning:  imagejpeg() expects parameter 1 to be resource, boolean given in /home1/dbjranger/public_html/clients/sy-admin/photo.process.functions.php on line 172
[17-Aug-2017 15:17:16 America/Los_Angeles] PHP Warning:  imagecreatefromjpeg(): gd-jpeg: JPEG library reports unrecoverable error:  in /home1/dbjranger/public_html/clients/sy-admin/photo.process.functions.php on line 208
[17-Aug-2017 15:17:16 America/Los_Angeles] PHP Warning:  imagecreatefromjpeg(): '/home1/dbjranger/public_html/clients/sy-photos/2017/08/17/15/large_fba4fcbe4_Drake__N(2).jpg' is not a valid JPEG file in /home1/dbjranger/public_html/clients/sy-admin/photo.process.functions.php on line 208
[17-Aug-2017 15:17:16 America/Los_Angeles] PHP Warning:  imagecopy() expects parameter 1 to be resource, boolean given in /home1/dbjranger/public_html/clients/sy-admin/photo.process.functions.php on line 223
[17-Aug-2017 15:17:16 America/Los_Angeles] PHP Warning:  imagejpeg() expects parameter 1 to be resource, boolean given in /home1/dbjranger/public_html/clients/sy-admin/photo.process.functions.php on line 246
[17-Aug-2017 15:17:16 America/Los_Angeles] PHP Warning:  imagecreatefromjpeg(): gd-jpeg: JPEG library reports unrecoverable error:  in /home1/dbjranger/public_html/clients/sy-admin/photo.process.functions.php on line 253
[17-Aug-2017 15:17:16 America/Los_Angeles] PHP Warning:  imagecreatefromjpeg(): '/home1/dbjranger/public_html/clients/sy-photos/2017/08/17/15/large_fba4fcbe4_Drake__N(2).jpg' is not a valid JPEG file in /home1/dbjranger/public_html/clients/sy-admin/photo.process.functions.php on line 253
[17-Aug-2017 15:17:16 America/Los_Angeles] PHP Warning:  imagesx() expects parameter 1 to be resource, boolean given in /home1/dbjranger/public_html/clients/sy-admin/photo.process.functions.php on line 254
[17-Aug-2017 15:17:16 America/Los_Angeles] PHP Warning:  imagesy() expects parameter 1 to be resource, boolean given in /home1/dbjranger/public_html/clients/sy-admin/photo.process.functions.php on line 255
[17-Aug-2017 15:17:16 America/Los_Angeles] PHP Warning:  imagejpeg() expects parameter 1 to be resource, boolean given in /home1/dbjranger/public_html/clients/sy-admin/photo.process.functions.php on line 288
[17-Aug-2017 15:17:16 America/Los_Angeles] PHP Warning:  imagedestroy() expects parameter 1 to be resource, boolean given in /home1/dbjranger/public_html/clients/sy-admin/photo.process.functions.php on line 290
[17-Aug-2017 15:17:16 America/Los_Angeles] PHP Warning:  imagecreatefromjpeg(/home1/dbjranger/public_html/clients/sy-photos/2017/08/17/15/small_eeab49_Drake__N(2).jpg): failed to open stream: No such file or directory in /home1/dbjranger/public_html/clients/sy-admin/photo.process.functions.php on line 253
[17-Aug-2017 15:17:16 America/Los_Angeles] PHP Warning:  imagesx() expects parameter 1 to be resource, boolean given in /home1/dbjranger/public_html/clients/sy-admin/photo.process.functions.php on line 254
[17-Aug-2017 15:17:16 America/Los_Angeles] PHP Warning:  imagesy() expects parameter 1 to be resource, boolean given in /home1/dbjranger/public_html/clients/sy-admin/photo.process.functions.php on line 255
[17-Aug-2017 15:17:16 America/Los_Angeles] PHP Warning:  imagejpeg() expects parameter 1 to be resource, boolean given in /home1/dbjranger/public_html/clients/sy-admin/photo.process.functions.php on line 288
[17-Aug-2017 15:17:16 America/Los_Angeles] PHP Warning:  imagedestroy() expects parameter 1 to be resource, boolean given in /home1/dbjranger/public_html/clients/sy-admin/photo.process.functions.php on line 290
[17-Aug-2017 15:17:16 America/Los_Angeles] PHP Warning:  imagecreatefromjpeg(/home1/dbjranger/public_html/clients/sy-photos/2017/08/17/15/th_aec_Drake__N(2).jpg): failed to open stream: No such file or directory in /home1/dbjranger/public_html/clients/sy-admin/photo.process.functions.php on line 253
[17-Aug-2017 15:17:16 America/Los_Angeles] PHP Warning:  imagesx() expects parameter 1 to be resource, boolean given in /home1/dbjranger/public_html/clients/sy-admin/photo.process.functions.php on line 254
[17-Aug-2017 15:17:16 America/Los_Angeles] PHP Warning:  imagesy() expects parameter 1 to be resource, boolean given in /home1/dbjranger/public_html/clients/sy-admin/photo.process.functions.php on line 255
[17-Aug-2017 15:17:16 America/Los_Angeles] PHP Warning:  imagejpeg() expects parameter 1 to be resource, boolean given in /home1/dbjranger/public_html/clients/sy-admin/photo.process.functions.php on line 288
[17-Aug-2017 15:17:16 America/Los_Angeles] PHP Warning:  imagedestroy() expects parameter 1 to be resource, boolean given in /home1/dbjranger/public_html/clients/sy-admin/photo.process.functions.php on line 290
[17-Aug-2017 15:17:16 America/Los_Angeles] PHP Warning:  imagecreatefromjpeg(/home1/dbjranger/public_html/clients/sy-photos/2017/08/17/15/mini_aec_Drake__N(2).jpg): failed to open stream: No such file or directory in /home1/dbjranger/public_html/clients/sy-admin/photo.process.functions.php on line 584
[17-Aug-2017 15:17:16 America/Los_Angeles] PHP Warning:  imagecopy() expects parameter 2 to be resource, boolean given in /home1/dbjranger/public_html/clients/sy-admin/photo.process.functions.php on line 587
[17-Aug-2017 15:17:19 America/Los_Angeles] PHP Warning:  imagecreatefromjpeg(): gd-jpeg: JPEG library reports unrecoverable error:  in /home1/dbjranger/public_html/clients/sy-admin/photo.process.functions.php on line 136
[17-Aug-2017 15:17:19 America/Los_Angeles] PHP Warning:  imagecreatefromjpeg(): '/home1/dbjranger/public_html/clients/sy-photos/2017/08/17/15/large_9018d5cee_Drake__N(5).jpg' is not a valid JPEG file in /home1/dbjranger/public_html/clients/sy-admin/photo.process.functions.php on line 136
[17-Aug-2017 15:17:19 America/Los_Angeles] PHP Warning:  imagesettile() expects parameter 1 to be resource, boolean given in /home1/dbjranger/public_html/clients/sy-admin/photo.process.functions.php on line 139
[17-Aug-2017 15:17:19 America/Los_Angeles] PHP Warning:  imagefilledrectangle() expects parameter 1 to be resource, boolean given in /home1/dbjranger/public_html/clients/sy-admin/photo.process.functions.php on line 140
[17-Aug-2017 15:17:19 America/Los_Angeles] PHP Warning:  imagejpeg() expects parameter 1 to be resource, boolean given in /home1/dbjranger/public_html/clients/sy-admin/photo.process.functions.php on line 172
[17-Aug-2017 15:17:20 America/Los_Angeles] PHP Warning:  imagecreatefromjpeg(): gd-jpeg: JPEG library reports unrecoverable error:  in /home1/dbjranger/public_html/clients/sy-admin/photo.process.functions.php on line 208
[17-Aug-2017 15:17:20 America/Los_Angeles] PHP Warning:  imagecreatefromjpeg(): '/home1/dbjranger/public_html/clients/sy-photos/2017/08/17/15/large_9018d5cee_Drake__N(5).jpg' is not a valid JPEG file in /home1/dbjranger/public_html/clients/sy-admin/photo.process.functions.php on line 208
[17-Aug-2017 15:17:20 America/Los_Angeles] PHP Warning:  imagecopy() expects parameter 1 to be resource, boolean given in /home1/dbjranger/public_html/clients/sy-admin/photo.process.functions.php on line 223
[17-Aug-2017 15:17:20 America/Los_Angeles] PHP Warning:  imagejpeg() expects parameter 1 to be resource, boolean given in /home1/dbjranger/public_html/clients/sy-admin/photo.process.functions.php on line 246
[17-Aug-2017 15:17:20 America/Los_Angeles] PHP Warning:  imagecreatefromjpeg(): gd-jpeg: JPEG library reports unrecoverable error:  in /home1/dbjranger/public_html/clients/sy-admin/photo.process.functions.php on line 253
[17-Aug-2017 15:17:20 America/Los_Angeles] PHP Warning:  imagecreatefromjpeg(): '/home1/dbjranger/public_html/clients/sy-photos/2017/08/17/15/large_9018d5cee_Drake__N(5).jpg' is not a valid JPEG file in /home1/dbjranger/public_html/clients/sy-admin/photo.process.functions.php on line 253
[17-Aug-2017 15:17:20 America/Los_Angeles] PHP Warning:  imagesx() expects parameter 1 to be resource, boolean given in /home1/dbjranger/public_html/clients/sy-admin/photo.process.functions.php on line 254
[17-Aug-2017 15:17:20 America/Los_Angeles] PHP Warning:  imagesy() expects parameter 1 to be resource, boolean given in /home1/dbjranger/public_html/clients/sy-admin/photo.process.functions.php on line 255
[17-Aug-2017 15:17:20 America/Los_Angeles] PHP Warning:  imagejpeg() expects parameter 1 to be resource, boolean given in /home1/dbjranger/public_html/clients/sy-admin/photo.process.functions.php on line 288
[17-Aug-2017 15:17:20 America/Los_Angeles] PHP Warning:  imagedestroy() expects parameter 1 to be resource, boolean given in /home1/dbjranger/public_html/clients/sy-admin/photo.process.functions.php on line 290
[17-Aug-2017 15:17:20 America/Los_Angeles] PHP Warning:  imagecreatefromjpeg(/home1/dbjranger/public_html/clients/sy-photos/2017/08/17/15/small_9cb68c_Drake__N(5).jpg): failed to open stream: No such file or directory in /home1/dbjranger/public_html/clients/sy-admin/photo.process.functions.php on line 253
[17-Aug-2017 15:17:20 America/Los_Angeles] PHP Warning:  imagesx() expects parameter 1 to be resource, boolean given in /home1/dbjranger/public_html/clients/sy-admin/photo.process.functions.php on line 254
[17-Aug-2017 15:17:20 America/Los_Angeles] PHP Warning:  imagesy() expects parameter 1 to be resource, boolean given in /home1/dbjranger/public_html/clients/sy-admin/photo.process.functions.php on line 255
[17-Aug-2017 15:17:20 America/Los_Angeles] PHP Warning:  imagejpeg() expects parameter 1 to be resource, boolean given in /home1/dbjranger/public_html/clients/sy-admin/photo.process.functions.php on line 288
[17-Aug-2017 15:17:20 America/Los_Angeles] PHP Warning:  imagedestroy() expects parameter 1 to be resource, boolean given in /home1/dbjranger/public_html/clients/sy-admin/photo.process.functions.php on line 290
[17-Aug-2017 15:17:20 America/Los_Angeles] PHP Warning:  imagecreatefromjpeg(/home1/dbjranger/public_html/clients/sy-photos/2017/08/17/15/th_ce1_Drake__N(5).jpg): failed to open stream: No such file or directory in /home1/dbjranger/public_html/clients/sy-admin/photo.process.functions.php on line 253
[17-Aug-2017 15:17:20 America/Los_Angeles] PHP Warning:  imagesx() expects parameter 1 to be resource, boolean given in /home1/dbjranger/public_html/clients/sy-admin/photo.process.functions.php on line 254
[17-Aug-2017 15:17:20 America/Los_Angeles] PHP Warning:  imagesy() expects parameter 1 to be resource, boolean given in /home1/dbjranger/public_html/clients/sy-admin/photo.process.functions.php on line 255
[17-Aug-2017 15:17:20 America/Los_Angeles] PHP Warning:  imagejpeg() expects parameter 1 to be resource, boolean given in /home1/dbjranger/public_html/clients/sy-admin/photo.process.functions.php on line 288
[17-Aug-2017 15:17:20 America/Los_Angeles] PHP Warning:  imagedestroy() expects parameter 1 to be resource, boolean given in /home1/dbjranger/public_html/clients/sy-admin/photo.process.functions.php on line 290
[17-Aug-2017 15:17:20 America/Los_Angeles] PHP Warning:  imagecreatefromjpeg(/home1/dbjranger/public_html/clients/sy-photos/2017/08/17/15/mini_ce1_Drake__N(5).jpg): failed to open stream: No such file or directory in /home1/dbjranger/public_html/clients/sy-admin/photo.process.functions.php on line 584
[17-Aug-2017 15:17:20 America/Los_Angeles] PHP Warning:  imagecopy() expects parameter 2 to be resource, boolean given in /home1/dbjranger/public_html/clients/sy-admin/photo.process.functions.php on line 587
[17-Aug-2017 15:20:14 America/Los_Angeles] PHP Warning:  Invalid argument supplied for foreach() in /home1/dbjranger/public_html/clients/sy-admin/news/news.edit.php on line 204
[17-Aug-2017 15:22:18 America/Los_Angeles] PHP Warning:  imagecreatefromjpeg(): gd-jpeg: JPEG library reports unrecoverable error:  in /home1/dbjranger/public_html/clients/sy-admin/photo.process.functions.php on line 136
[17-Aug-2017 15:22:18 America/Los_Angeles] PHP Warning:  imagecreatefromjpeg(): '/home1/dbjranger/public_html/clients/sy-photos/2017/08/17/15/large_0ed40c8d5_Mary_(1).jpg' is not a valid JPEG file in /home1/dbjranger/public_html/clients/sy-admin/photo.process.functions.php on line 136
[17-Aug-2017 15:22:18 America/Los_Angeles] PHP Warning:  imagesettile() expects parameter 1 to be resource, boolean given in /home1/dbjranger/public_html/clients/sy-admin/photo.process.functions.php on line 139
[17-Aug-2017 15:22:18 America/Los_Angeles] PHP Warning:  imagefilledrectangle() expects parameter 1 to be resource, boolean given in /home1/dbjranger/public_html/clients/sy-admin/photo.process.functions.php on line 140
[17-Aug-2017 15:22:18 America/Los_Angeles] PHP Warning:  imagejpeg() expects parameter 1 to be resource, boolean given in /home1/dbjranger/public_html/clients/sy-admin/photo.process.functions.php on line 172
[17-Aug-2017 15:22:19 America/Los_Angeles] PHP Warning:  imagecreatefromjpeg(): gd-jpeg: JPEG library reports unrecoverable error:  in /home1/dbjranger/public_html/clients/sy-admin/photo.process.functions.php on line 208
[17-Aug-2017 15:22:19 America/Los_Angeles] PHP Warning:  imagecreatefromjpeg(): '/home1/dbjranger/public_html/clients/sy-photos/2017/08/17/15/large_0ed40c8d5_Mary_(1).jpg' is not a valid JPEG file in /home1/dbjranger/public_html/clients/sy-admin/photo.process.functions.php on line 208
[17-Aug-2017 15:22:19 America/Los_Angeles] PHP Warning:  imagecopy() expects parameter 1 to be resource, boolean given in /home1/dbjranger/public_html/clients/sy-admin/photo.process.functions.php on line 223
[17-Aug-2017 15:22:19 America/Los_Angeles] PHP Warning:  imagejpeg() expects parameter 1 to be resource, boolean given in /home1/dbjranger/public_html/clients/sy-admin/photo.process.functions.php on line 246
[17-Aug-2017 15:22:19 America/Los_Angeles] PHP Warning:  imagecreatefromjpeg(): gd-jpeg: JPEG library reports unrecoverable error:  in /home1/dbjranger/public_html/clients/sy-admin/photo.process.functions.php on line 253
[17-Aug-2017 15:22:19 America/Los_Angeles] PHP Warning:  imagecreatefromjpeg(): '/home1/dbjranger/public_html/clients/sy-photos/2017/08/17/15/large_0ed40c8d5_Mary_(1).jpg' is not a valid JPEG file in /home1/dbjranger/public_html/clients/sy-admin/photo.process.functions.php on line 253
[17-Aug-2017 15:22:19 America/Los_Angeles] PHP Warning:  imagesx() expects parameter 1 to be resource, boolean given in /home1/dbjranger/public_html/clients/sy-admin/photo.process.functions.php on line 254
[17-Aug-2017 15:22:19 America/Los_Angeles] PHP Warning:  imagesy() expects parameter 1 to be resource, boolean given in /home1/dbjranger/public_html/clients/sy-admin/photo.process.functions.php on line 255
[17-Aug-2017 15:22:19 America/Los_Angeles] PHP Warning:  imagejpeg() expects parameter 1 to be resource, boolean given in /home1/dbjranger/public_html/clients/sy-admin/photo.process.functions.php on line 288
[17-Aug-2017 15:22:19 America/Los_Angeles] PHP Warning:  imagedestroy() expects parameter 1 to be resource, boolean given in /home1/dbjranger/public_html/clients/sy-admin/photo.process.functions.php on line 290
[17-Aug-2017 15:22:19 America/Los_Angeles] PHP Warning:  imagecreatefromjpeg(/home1/dbjranger/public_html/clients/sy-photos/2017/08/17/15/small_797370_Mary_(1).jpg): failed to open stream: No such file or directory in /home1/dbjranger/public_html/clients/sy-admin/photo.process.functions.php on line 253
[17-Aug-2017 15:22:19 America/Los_Angeles] PHP Warning:  imagesx() expects parameter 1 to be resource, boolean given in /home1/dbjranger/public_html/clients/sy-admin/photo.process.functions.php on line 254
[17-Aug-2017 15:22:19 America/Los_Angeles] PHP Warning:  imagesy() expects parameter 1 to be resource, boolean given in /home1/dbjranger/public_html/clients/sy-admin/photo.process.functions.php on line 255
[17-Aug-2017 15:22:19 America/Los_Angeles] PHP Warning:  imagejpeg() expects parameter 1 to be resource, boolean given in /home1/dbjranger/public_html/clients/sy-admin/photo.process.functions.php on line 288
[17-Aug-2017 15:22:19 America/Los_Angeles] PHP Warning:  imagedestroy() expects parameter 1 to be resource, boolean given in /home1/dbjranger/public_html/clients/sy-admin/photo.process.functions.php on line 290
[17-Aug-2017 15:22:19 America/Los_Angeles] PHP Warning:  imagecreatefromjpeg(/home1/dbjranger/public_html/clients/sy-photos/2017/08/17/15/th_601_Mary_(1).jpg): failed to open stream: No such file or directory in /home1/dbjranger/public_html/clients/sy-admin/photo.process.functions.php on line 253
[17-Aug-2017 15:22:19 America/Los_Angeles] PHP Warning:  imagesx() expects parameter 1 to be resource, boolean given in /home1/dbjranger/public_html/clients/sy-admin/photo.process.functions.php on line 254
[17-Aug-2017 15:22:19 America/Los_Angeles] PHP Warning:  imagesy() expects parameter 1 to be resource, boolean given in /home1/dbjranger/public_html/clients/sy-admin/photo.process.functions.php on line 255
[17-Aug-2017 15:22:19 America/Los_Angeles] PHP Warning:  imagejpeg() expects parameter 1 to be resource, boolean given in /home1/dbjranger/public_html/clients/sy-admin/photo.process.functions.php on line 288
[17-Aug-2017 15:22:19 America/Los_Angeles] PHP Warning:  imagedestroy() expects parameter 1 to be resource, boolean given in /home1/dbjranger/public_html/clients/sy-admin/photo.process.functions.php on line 290
[17-Aug-2017 15:22:19 America/Los_Angeles] PHP Warning:  imagecreatefromjpeg(/home1/dbjranger/public_html/clients/sy-photos/2017/08/17/15/mini_601_Mary_(1).jpg): failed to open stream: No such file or directory in /home1/dbjranger/public_html/clients/sy-admin/photo.process.functions.php on line 584
[17-Aug-2017 15:22:19 America/Los_Angeles] PHP Warning:  imagecopy() expects parameter 2 to be resource, boolean given in /home1/dbjranger/public_html/clients/sy-admin/photo.process.functions.php on line 587
[17-Aug-2017 15:22:22 America/Los_Angeles] PHP Warning:  imagecreatefromjpeg(): gd-jpeg: JPEG library reports unrecoverable error:  in /home1/dbjranger/public_html/clients/sy-admin/photo.process.functions.php on line 136
[17-Aug-2017 15:22:22 America/Los_Angeles] PHP Warning:  imagecreatefromjpeg(): '/home1/dbjranger/public_html/clients/sy-photos/2017/08/17/15/large_3c120f21a_Don_(1).jpg' is not a valid JPEG file in /home1/dbjranger/public_html/clients/sy-admin/photo.process.functions.php on line 136
[17-Aug-2017 15:22:22 America/Los_Angeles] PHP Warning:  imagesettile() expects parameter 1 to be resource, boolean given in /home1/dbjranger/public_html/clients/sy-admin/photo.process.functions.php on line 139
[17-Aug-2017 15:22:22 America/Los_Angeles] PHP Warning:  imagefilledrectangle() expects parameter 1 to be resource, boolean given in /home1/dbjranger/public_html/clients/sy-admin/photo.process.functions.php on line 140
[17-Aug-2017 15:22:22 America/Los_Angeles] PHP Warning:  imagejpeg() expects parameter 1 to be resource, boolean given in /home1/dbjranger/public_html/clients/sy-admin/photo.process.functions.php on line 172
[17-Aug-2017 15:22:23 America/Los_Angeles] PHP Warning:  imagecreatefromjpeg(): gd-jpeg: JPEG library reports unrecoverable error:  in /home1/dbjranger/public_html/clients/sy-admin/photo.process.functions.php on line 208
[17-Aug-2017 15:22:23 America/Los_Angeles] PHP Warning:  imagecreatefromjpeg(): '/home1/dbjranger/public_html/clients/sy-photos/2017/08/17/15/large_3c120f21a_Don_(1).jpg' is not a valid JPEG file in /home1/dbjranger/public_html/clients/sy-admin/photo.process.functions.php on line 208
[17-Aug-2017 15:22:23 America/Los_Angeles] PHP Warning:  imagecopy() expects parameter 1 to be resource, boolean given in /home1/dbjranger/public_html/clients/sy-admin/photo.process.functions.php on line 223
[17-Aug-2017 15:22:23 America/Los_Angeles] PHP Warning:  imagejpeg() expects parameter 1 to be resource, boolean given in /home1/dbjranger/public_html/clients/sy-admin/photo.process.functions.php on line 246
[17-Aug-2017 15:22:23 America/Los_Angeles] PHP Warning:  imagecreatefromjpeg(): gd-jpeg: JPEG library reports unrecoverable error:  in /home1/dbjranger/public_html/clients/sy-admin/photo.process.functions.php on line 253
[17-Aug-2017 15:22:23 America/Los_Angeles] PHP Warning:  imagecreatefromjpeg(): '/home1/dbjranger/public_html/clients/sy-photos/2017/08/17/15/large_3c120f21a_Don_(1).jpg' is not a valid JPEG file in /home1/dbjranger/public_html/clients/sy-admin/photo.process.functions.php on line 253
[17-Aug-2017 15:22:23 America/Los_Angeles] PHP Warning:  imagesx() expects parameter 1 to be resource, boolean given in /home1/dbjranger/public_html/clients/sy-admin/photo.process.functions.php on line 254
[17-Aug-2017 15:22:23 America/Los_Angeles] PHP Warning:  imagesy() expects parameter 1 to be resource, boolean given in /home1/dbjranger/public_html/clients/sy-admin/photo.process.functions.php on line 255
[17-Aug-2017 15:22:23 America/Los_Angeles] PHP Warning:  imagejpeg() expects parameter 1 to be resource, boolean given in /home1/dbjranger/public_html/clients/sy-admin/photo.process.functions.php on line 288
[17-Aug-2017 15:22:23 America/Los_Angeles] PHP Warning:  imagedestroy() expects parameter 1 to be resource, boolean given in /home1/dbjranger/public_html/clients/sy-admin/photo.process.functions.php on line 290
[17-Aug-2017 15:22:23 America/Los_Angeles] PHP Warning:  imagecreatefromjpeg(/home1/dbjranger/public_html/clients/sy-photos/2017/08/17/15/small_da593c_Don_(1).jpg): failed to open stream: No such file or directory in /home1/dbjranger/public_html/clients/sy-admin/photo.process.functions.php on line 253
[17-Aug-2017 15:22:23 America/Los_Angeles] PHP Warning:  imagesx() expects parameter 1 to be resource, boolean given in /home1/dbjranger/public_html/clients/sy-admin/photo.process.functions.php on line 254
[17-Aug-2017 15:22:23 America/Los_Angeles] PHP Warning:  imagesy() expects parameter 1 to be resource, boolean given in /home1/dbjranger/public_html/clients/sy-admin/photo.process.functions.php on line 255
[17-Aug-2017 15:22:23 America/Los_Angeles] PHP Warning:  imagejpeg() expects parameter 1 to be resource, boolean given in /home1/dbjranger/public_html/clients/sy-admin/photo.process.functions.php on line 288
[17-Aug-2017 15:22:23 America/Los_Angeles] PHP Warning:  imagedestroy() expects parameter 1 to be resource, boolean given in /home1/dbjranger/public_html/clients/sy-admin/photo.process.functions.php on line 290
[17-Aug-2017 15:22:23 America/Los_Angeles] PHP Warning:  imagecreatefromjpeg(/home1/dbjranger/public_html/clients/sy-photos/2017/08/17/15/th_6d0_Don_(1).jpg): failed to open stream: No such file or directory in /home1/dbjranger/public_html/clients/sy-admin/photo.process.functions.php on line 253
[17-Aug-2017 15:22:23 America/Los_Angeles] PHP Warning:  imagesx() expects parameter 1 to be resource, boolean given in /home1/dbjranger/public_html/clients/sy-admin/photo.process.functions.php on line 254
[17-Aug-2017 15:22:23 America/Los_Angeles] PHP Warning:  imagesy() expects parameter 1 to be resource, boolean given in /home1/dbjranger/public_html/clients/sy-admin/photo.process.functions.php on line 255
[17-Aug-2017 15:22:23 America/Los_Angeles] PHP Warning:  imagejpeg() expects parameter 1 to be resource, boolean given in /home1/dbjranger/public_html/clients/sy-admin/photo.process.functions.php on line 288
[17-Aug-2017 15:22:23 America/Los_Angeles] PHP Warning:  imagedestroy() expects parameter 1 to be resource, boolean given in /home1/dbjranger/public_html/clients/sy-admin/photo.process.functions.php on line 290
[17-Aug-2017 15:22:23 America/Los_Angeles] PHP Warning:  imagecreatefromjpeg(/home1/dbjranger/public_html/clients/sy-photos/2017/08/17/15/mini_6d0_Don_(1).jpg): failed to open stream: No such file or directory in /home1/dbjranger/public_html/clients/sy-admin/photo.process.functions.php on line 584
[17-Aug-2017 15:22:23 America/Los_Angeles] PHP Warning:  imagecopy() expects parameter 2 to be resource, boolean given in /home1/dbjranger/public_html/clients/sy-admin/photo.process.functions.php on line 587
[17-Aug-2017 15:22:25 America/Los_Angeles] PHP Warning:  imagecreatefromjpeg(): gd-jpeg: JPEG library reports unrecoverable error:  in /home1/dbjranger/public_html/clients/sy-admin/photo.process.functions.php on line 136
[17-Aug-2017 15:22:25 America/Los_Angeles] PHP Warning:  imagecreatefromjpeg(): '/home1/dbjranger/public_html/clients/sy-photos/2017/08/17/15/large_980eb9533_Jay_(1).jpg' is not a valid JPEG file in /home1/dbjranger/public_html/clients/sy-admin/photo.process.functions.php on line 136
[17-Aug-2017 15:22:25 America/Los_Angeles] PHP Warning:  imagesettile() expects parameter 1 to be resource, boolean given in /home1/dbjranger/public_html/clients/sy-admin/photo.process.functions.php on line 139
[17-Aug-2017 15:22:25 America/Los_Angeles] PHP Warning:  imagefilledrectangle() expects parameter 1 to be resource, boolean given in /home1/dbjranger/public_html/clients/sy-admin/photo.process.functions.php on line 140
[17-Aug-2017 15:22:25 America/Los_Angeles] PHP Warning:  imagejpeg() expects parameter 1 to be resource, boolean given in /home1/dbjranger/public_html/clients/sy-admin/photo.process.functions.php on line 172
[17-Aug-2017 15:22:26 America/Los_Angeles] PHP Warning:  imagecreatefromjpeg(): gd-jpeg: JPEG library reports unrecoverable error:  in /home1/dbjranger/public_html/clients/sy-admin/photo.process.functions.php on line 208
[17-Aug-2017 15:22:26 America/Los_Angeles] PHP Warning:  imagecreatefromjpeg(): '/home1/dbjranger/public_html/clients/sy-photos/2017/08/17/15/large_980eb9533_Jay_(1).jpg' is not a valid JPEG file in /home1/dbjranger/public_html/clients/sy-admin/photo.process.functions.php on line 208
[17-Aug-2017 15:22:26 America/Los_Angeles] PHP Warning:  imagecopy() expects parameter 1 to be resource, boolean given in /home1/dbjranger/public_html/clients/sy-admin/photo.process.functions.php on line 223
[17-Aug-2017 15:22:26 America/Los_Angeles] PHP Warning:  imagejpeg() expects parameter 1 to be resource, boolean given in /home1/dbjranger/public_html/clients/sy-admin/photo.process.functions.php on line 246
[17-Aug-2017 15:22:26 America/Los_Angeles] PHP Warning:  imagecreatefromjpeg(): gd-jpeg: JPEG library reports unrecoverable error:  in /home1/dbjranger/public_html/clients/sy-admin/photo.process.functions.php on line 253
[17-Aug-2017 15:22:26 America/Los_Angeles] PHP Warning:  imagecreatefromjpeg(): '/home1/dbjranger/public_html/clients/sy-photos/2017/08/17/15/large_980eb9533_Jay_(1).jpg' is not a valid JPEG file in /home1/dbjranger/public_html/clients/sy-admin/photo.process.functions.php on line 253
[17-Aug-2017 15:22:26 America/Los_Angeles] PHP Warning:  imagesx() expects parameter 1 to be resource, boolean given in /home1/dbjranger/public_html/clients/sy-admin/photo.process.functions.php on line 254
[17-Aug-2017 15:22:26 America/Los_Angeles] PHP Warning:  imagesy() expects parameter 1 to be resource, boolean given in /home1/dbjranger/public_html/clients/sy-admin/photo.process.functions.php on line 255
[17-Aug-2017 15:22:26 America/Los_Angeles] PHP Warning:  imagejpeg() expects parameter 1 to be resource, boolean given in /home1/dbjranger/public_html/clients/sy-admin/photo.process.functions.php on line 288
[17-Aug-2017 15:22:26 America/Los_Angeles] PHP Warning:  imagedestroy() expects parameter 1 to be resource, boolean given in /home1/dbjranger/public_html/clients/sy-admin/photo.process.functions.php on line 290
[17-Aug-2017 15:22:26 America/Los_Angeles] PHP Warning:  imagecreatefromjpeg(/home1/dbjranger/public_html/clients/sy-photos/2017/08/17/15/small_edc31c_Jay_(1).jpg): failed to open stream: No such file or directory in /home1/dbjranger/public_html/clients/sy-admin/photo.process.functions.php on line 253
[17-Aug-2017 15:22:26 America/Los_Angeles] PHP Warning:  imagesx() expects parameter 1 to be resource, boolean given in /home1/dbjranger/public_html/clients/sy-admin/photo.process.functions.php on line 254
[17-Aug-2017 15:22:26 America/Los_Angeles] PHP Warning:  imagesy() expects parameter 1 to be resource, boolean given in /home1/dbjranger/public_html/clients/sy-admin/photo.process.functions.php on line 255
[17-Aug-2017 15:22:26 America/Los_Angeles] PHP Warning:  imagejpeg() expects parameter 1 to be resource, boolean given in /home1/dbjranger/public_html/clients/sy-admin/photo.process.functions.php on line 288
[17-Aug-2017 15:22:26 America/Los_Angeles] PHP Warning:  imagedestroy() expects parameter 1 to be resource, boolean given in /home1/dbjranger/public_html/clients/sy-admin/photo.process.functions.php on line 290
[17-Aug-2017 15:22:26 America/Los_Angeles] PHP Warning:  imagecreatefromjpeg(/home1/dbjranger/public_html/clients/sy-photos/2017/08/17/15/th_3ef_Jay_(1).jpg): failed to open stream: No such file or directory in /home1/dbjranger/public_html/clients/sy-admin/photo.process.functions.php on line 253
[17-Aug-2017 15:22:26 America/Los_Angeles] PHP Warning:  imagesx() expects parameter 1 to be resource, boolean given in /home1/dbjranger/public_html/clients/sy-admin/photo.process.functions.php on line 254
[17-Aug-2017 15:22:26 America/Los_Angeles] PHP Warning:  imagesy() expects parameter 1 to be resource, boolean given in /home1/dbjranger/public_html/clients/sy-admin/photo.process.functions.php on line 255
[17-Aug-2017 15:22:26 America/Los_Angeles] PHP Warning:  imagejpeg() expects parameter 1 to be resource, boolean given in /home1/dbjranger/public_html/clients/sy-admin/photo.process.functions.php on line 288
[17-Aug-2017 15:22:26 America/Los_Angeles] PHP Warning:  imagedestroy() expects parameter 1 to be resource, boolean given in /home1/dbjranger/public_html/clients/sy-admin/photo.process.functions.php on line 290
[17-Aug-2017 15:22:26 America/Los_Angeles] PHP Warning:  imagecreatefromjpeg(/home1/dbjranger/public_html/clients/sy-photos/2017/08/17/15/mini_3ef_Jay_(1).jpg): failed to open stream: No such file or directory in /home1/dbjranger/public_html/clients/sy-admin/photo.process.functions.php on line 584
[17-Aug-2017 15:22:26 America/Los_Angeles] PHP Warning:  imagecopy() expects parameter 2 to be resource, boolean given in /home1/dbjranger/public_html/clients/sy-admin/photo.process.functions.php on line 587
[17-Aug-2017 15:22:51 America/Los_Angeles] PHP Warning:  imagecreatefromjpeg(): gd-jpeg: JPEG library reports unrecoverable error:  in /home1/dbjranger/public_html/clients/sy-admin/photo.process.functions.php on line 136
[17-Aug-2017 15:22:51 America/Los_Angeles] PHP Warning:  imagecreatefromjpeg(): '/home1/dbjranger/public_html/clients/sy-photos/2017/08/17/15/large_deb449e31_Susan_(1).jpg' is not a valid JPEG file in /home1/dbjranger/public_html/clients/sy-admin/photo.process.functions.php on line 136
[17-Aug-2017 15:22:51 America/Los_Angeles] PHP Warning:  imagesettile() expects parameter 1 to be resource, boolean given in /home1/dbjranger/public_html/clients/sy-admin/photo.process.functions.php on line 139
[17-Aug-2017 15:22:51 America/Los_Angeles] PHP Warning:  imagefilledrectangle() expects parameter 1 to be resource, boolean given in /home1/dbjranger/public_html/clients/sy-admin/photo.process.functions.php on line 140
[17-Aug-2017 15:22:51 America/Los_Angeles] PHP Warning:  imagejpeg() expects parameter 1 to be resource, boolean given in /home1/dbjranger/public_html/clients/sy-admin/photo.process.functions.php on line 172
[17-Aug-2017 15:22:52 America/Los_Angeles] PHP Warning:  imagecreatefromjpeg(): gd-jpeg: JPEG library reports unrecoverable error:  in /home1/dbjranger/public_html/clients/sy-admin/photo.process.functions.php on line 208
[17-Aug-2017 15:22:52 America/Los_Angeles] PHP Warning:  imagecreatefromjpeg(): '/home1/dbjranger/public_html/clients/sy-photos/2017/08/17/15/large_deb449e31_Susan_(1).jpg' is not a valid JPEG file in /home1/dbjranger/public_html/clients/sy-admin/photo.process.functions.php on line 208
[17-Aug-2017 15:22:52 America/Los_Angeles] PHP Warning:  imagecopy() expects parameter 1 to be resource, boolean given in /home1/dbjranger/public_html/clients/sy-admin/photo.process.functions.php on line 223
[17-Aug-2017 15:22:52 America/Los_Angeles] PHP Warning:  imagejpeg() expects parameter 1 to be resource, boolean given in /home1/dbjranger/public_html/clients/sy-admin/photo.process.functions.php on line 246
[17-Aug-2017 15:22:52 America/Los_Angeles] PHP Warning:  imagecreatefromjpeg(): gd-jpeg: JPEG library reports unrecoverable error:  in /home1/dbjranger/public_html/clients/sy-admin/photo.process.functions.php on line 253
[17-Aug-2017 15:22:52 America/Los_Angeles] PHP Warning:  imagecreatefromjpeg(): '/home1/dbjranger/public_html/clients/sy-photos/2017/08/17/15/large_deb449e31_Susan_(1).jpg' is not a valid JPEG file in /home1/dbjranger/public_html/clients/sy-admin/photo.process.functions.php on line 253
[17-Aug-2017 15:22:52 America/Los_Angeles] PHP Warning:  imagesx() expects parameter 1 to be resource, boolean given in /home1/dbjranger/public_html/clients/sy-admin/photo.process.functions.php on line 254
[17-Aug-2017 15:22:52 America/Los_Angeles] PHP Warning:  imagesy() expects parameter 1 to be resource, boolean given in /home1/dbjranger/public_html/clients/sy-admin/photo.process.functions.php on line 255
[17-Aug-2017 15:22:52 America/Los_Angeles] PHP Warning:  imagejpeg() expects parameter 1 to be resource, boolean given in /home1/dbjranger/public_html/clients/sy-admin/photo.process.functions.php on line 288
[17-Aug-2017 15:22:52 America/Los_Angeles] PHP Warning:  imagedestroy() expects parameter 1 to be resource, boolean given in /home1/dbjranger/public_html/clients/sy-admin/photo.process.functions.php on line 290
[17-Aug-2017 15:22:52 America/Los_Angeles] PHP Warning:  imagecreatefromjpeg(/home1/dbjranger/public_html/clients/sy-photos/2017/08/17/15/small_633fb0_Susan_(1).jpg): failed to open stream: No such file or directory in /home1/dbjranger/public_html/clients/sy-admin/photo.process.functions.php on line 253
[17-Aug-2017 15:22:52 America/Los_Angeles] PHP Warning:  imagesx() expects parameter 1 to be resource, boolean given in /home1/dbjranger/public_html/clients/sy-admin/photo.process.functions.php on line 254
[17-Aug-2017 15:22:52 America/Los_Angeles] PHP Warning:  imagesy() expects parameter 1 to be resource, boolean given in /home1/dbjranger/public_html/clients/sy-admin/photo.process.functions.php on line 255
[17-Aug-2017 15:22:52 America/Los_Angeles] PHP Warning:  imagejpeg() expects parameter 1 to be resource, boolean given in /home1/dbjranger/public_html/clients/sy-admin/photo.process.functions.php on line 288
[17-Aug-2017 15:22:52 America/Los_Angeles] PHP Warning:  imagedestroy() expects parameter 1 to be resource, boolean given in /home1/dbjranger/public_html/clients/sy-admin/photo.process.functions.php on line 290
[17-Aug-2017 15:22:52 America/Los_Angeles] PHP Warning:  imagecreatefromjpeg(/home1/dbjranger/public_html/clients/sy-photos/2017/08/17/15/th_5f7_Susan_(1).jpg): failed to open stream: No such file or directory in /home1/dbjranger/public_html/clients/sy-admin/photo.process.functions.php on line 253
[17-Aug-2017 15:22:52 America/Los_Angeles] PHP Warning:  imagesx() expects parameter 1 to be resource, boolean given in /home1/dbjranger/public_html/clients/sy-admin/photo.process.functions.php on line 254
[17-Aug-2017 15:22:52 America/Los_Angeles] PHP Warning:  imagesy() expects parameter 1 to be resource, boolean given in /home1/dbjranger/public_html/clients/sy-admin/photo.process.functions.php on line 255
[17-Aug-2017 15:22:52 America/Los_Angeles] PHP Warning:  imagejpeg() expects parameter 1 to be resource, boolean given in /home1/dbjranger/public_html/clients/sy-admin/photo.process.functions.php on line 288
[17-Aug-2017 15:22:52 America/Los_Angeles] PHP Warning:  imagedestroy() expects parameter 1 to be resource, boolean given in /home1/dbjranger/public_html/clients/sy-admin/photo.process.functions.php on line 290
[17-Aug-2017 15:22:52 America/Los_Angeles] PHP Warning:  imagecreatefromjpeg(/home1/dbjranger/public_html/clients/sy-photos/2017/08/17/15/mini_5f7_Susan_(1).jpg): failed to open stream: No such file or directory in /home1/dbjranger/public_html/clients/sy-admin/photo.process.functions.php on line 584
[17-Aug-2017 15:22:52 America/Los_Angeles] PHP Warning:  imagecopy() expects parameter 2 to be resource, boolean given in /home1/dbjranger/public_html/clients/sy-admin/photo.process.functions.php on line 587
[17-Aug-2017 15:22:52 America/Los_Angeles] PHP Warning:  imagecreatefromjpeg(): gd-jpeg: JPEG library reports unrecoverable error:  in /home1/dbjranger/public_html/clients/sy-admin/photo.process.functions.php on line 136
[17-Aug-2017 15:22:52 America/Los_Angeles] PHP Warning:  imagecreatefromjpeg(): '/home1/dbjranger/public_html/clients/sy-photos/2017/08/17/15/large_c70aff64d_Susan_(2).jpg' is not a valid JPEG file in /home1/dbjranger/public_html/clients/sy-admin/photo.process.functions.php on line 136
[17-Aug-2017 15:22:52 America/Los_Angeles] PHP Warning:  imagesettile() expects parameter 1 to be resource, boolean given in /home1/dbjranger/public_html/clients/sy-admin/photo.process.functions.php on line 139
[17-Aug-2017 15:22:52 America/Los_Angeles] PHP Warning:  imagefilledrectangle() expects parameter 1 to be resource, boolean given in /home1/dbjranger/public_html/clients/sy-admin/photo.process.functions.php on line 140
[17-Aug-2017 15:22:52 America/Los_Angeles] PHP Warning:  imagejpeg() expects parameter 1 to be resource, boolean given in /home1/dbjranger/public_html/clients/sy-admin/photo.process.functions.php on line 172
[17-Aug-2017 15:22:53 America/Los_Angeles] PHP Warning:  imagecreatefromjpeg(): gd-jpeg: JPEG library reports unrecoverable error:  in /home1/dbjranger/public_html/clients/sy-admin/photo.process.functions.php on line 208
[17-Aug-2017 15:22:53 America/Los_Angeles] PHP Warning:  imagecreatefromjpeg(): '/home1/dbjranger/public_html/clients/sy-photos/2017/08/17/15/large_c70aff64d_Susan_(2).jpg' is not a valid JPEG file in /home1/dbjranger/public_html/clients/sy-admin/photo.process.functions.php on line 208
[17-Aug-2017 15:22:53 America/Los_Angeles] PHP Warning:  imagecopy() expects parameter 1 to be resource, boolean given in /home1/dbjranger/public_html/clients/sy-admin/photo.process.functions.php on line 223
[17-Aug-2017 15:22:53 America/Los_Angeles] PHP Warning:  imagejpeg() expects parameter 1 to be resource, boolean given in /home1/dbjranger/public_html/clients/sy-admin/photo.process.functions.php on line 246
[17-Aug-2017 15:22:53 America/Los_Angeles] PHP Warning:  imagecreatefromjpeg(): gd-jpeg: JPEG library reports unrecoverable error:  in /home1/dbjranger/public_html/clients/sy-admin/photo.process.functions.php on line 253
[17-Aug-2017 15:22:53 America/Los_Angeles] PHP Warning:  imagecreatefromjpeg(): '/home1/dbjranger/public_html/clients/sy-photos/2017/08/17/15/large_c70aff64d_Susan_(2).jpg' is not a valid JPEG file in /home1/dbjranger/public_html/clients/sy-admin/photo.process.functions.php on line 253
[17-Aug-2017 15:22:53 America/Los_Angeles] PHP Warning:  imagesx() expects parameter 1 to be resource, boolean given in /home1/dbjranger/public_html/clients/sy-admin/photo.process.functions.php on line 254
[17-Aug-2017 15:22:53 America/Los_Angeles] PHP Warning:  imagesy() expects parameter 1 to be resource, boolean given in /home1/dbjranger/public_html/clients/sy-admin/photo.process.functions.php on line 255
[17-Aug-2017 15:22:53 America/Los_Angeles] PHP Warning:  imagejpeg() expects parameter 1 to be resource, boolean given in /home1/dbjranger/public_html/clients/sy-admin/photo.process.functions.php on line 288
[17-Aug-2017 15:22:53 America/Los_Angeles] PHP Warning:  imagedestroy() expects parameter 1 to be resource, boolean given in /home1/dbjranger/public_html/clients/sy-admin/photo.process.functions.php on line 290
[17-Aug-2017 15:22:53 America/Los_Angeles] PHP Warning:  imagecreatefromjpeg(/home1/dbjranger/public_html/clients/sy-photos/2017/08/17/15/small_7f43e8_Susan_(2).jpg): failed to open stream: No such file or directory in /home1/dbjranger/public_html/clients/sy-admin/photo.process.functions.php on line 253
[17-Aug-2017 15:22:53 America/Los_Angeles] PHP Warning:  imagesx() expects parameter 1 to be resource, boolean given in /home1/dbjranger/public_html/clients/sy-admin/photo.process.functions.php on line 254
[17-Aug-2017 15:22:53 America/Los_Angeles] PHP Warning:  imagesy() expects parameter 1 to be resource, boolean given in /home1/dbjranger/public_html/clients/sy-admin/photo.process.functions.php on line 255
[17-Aug-2017 15:22:53 America/Los_Angeles] PHP Warning:  imagejpeg() expects parameter 1 to be resource, boolean given in /home1/dbjranger/public_html/clients/sy-admin/photo.process.functions.php on line 288
[17-Aug-2017 15:22:53 America/Los_Angeles] PHP Warning:  imagedestroy() expects parameter 1 to be resource, boolean given in /home1/dbjranger/public_html/clients/sy-admin/photo.process.functions.php on line 290
[17-Aug-2017 15:22:53 America/Los_Angeles] PHP Warning:  imagecreatefromjpeg(/home1/dbjranger/public_html/clients/sy-photos/2017/08/17/15/th_464_Susan_(2).jpg): failed to open stream: No such file or directory in /home1/dbjranger/public_html/clients/sy-admin/photo.process.functions.php on line 253
[17-Aug-2017 15:22:53 America/Los_Angeles] PHP Warning:  imagesx() expects parameter 1 to be resource, boolean given in /home1/dbjranger/public_html/clients/sy-admin/photo.process.functions.php on line 254
[17-Aug-2017 15:22:53 America/Los_Angeles] PHP Warning:  imagesy() expects parameter 1 to be resource, boolean given in /home1/dbjranger/public_html/clients/sy-admin/photo.process.functions.php on line 255
[17-Aug-2017 15:22:53 America/Los_Angeles] PHP Warning:  imagejpeg() expects parameter 1 to be resource, boolean given in /home1/dbjranger/public_html/clients/sy-admin/photo.process.functions.php on line 288
[17-Aug-2017 15:22:53 America/Los_Angeles] PHP Warning:  imagedestroy() expects parameter 1 to be resource, boolean given in /home1/dbjranger/public_html/clients/sy-admin/photo.process.functions.php on line 290
[17-Aug-2017 15:22:53 America/Los_Angeles] PHP Warning:  imagecreatefromjpeg(/home1/dbjranger/public_html/clients/sy-photos/2017/08/17/15/mini_464_Susan_(2).jpg): failed to open stream: No such file or directory in /home1/dbjranger/public_html/clients/sy-admin/photo.process.functions.php on line 584
[17-Aug-2017 15:22:53 America/Los_Angeles] PHP Warning:  imagecopy() expects parameter 2 to be resource, boolean given in /home1/dbjranger/public_html/clients/sy-admin/photo.process.functions.php on line 587
[17-Aug-2017 15:22:53 America/Los_Angeles] PHP Warning:  imagecreatefromjpeg(): gd-jpeg: JPEG library reports unrecoverable error:  in /home1/dbjranger/public_html/clients/sy-admin/photo.process.functions.php on line 136
[17-Aug-2017 15:22:53 America/Los_Angeles] PHP Warning:  imagecreatefromjpeg(): '/home1/dbjranger/public_html/clients/sy-photos/2017/08/17/15/large_9577ccfa3_Susan_(3).jpg' is not a valid JPEG file in /home1/dbjranger/public_html/clients/sy-admin/photo.process.functions.php on line 136
[17-Aug-2017 15:22:53 America/Los_Angeles] PHP Warning:  imagesettile() expects parameter 1 to be resource, boolean given in /home1/dbjranger/public_html/clients/sy-admin/photo.process.functions.php on line 139
[17-Aug-2017 15:22:53 America/Los_Angeles] PHP Warning:  imagefilledrectangle() expects parameter 1 to be resource, boolean given in /home1/dbjranger/public_html/clients/sy-admin/photo.process.functions.php on line 140
[17-Aug-2017 15:22:53 America/Los_Angeles] PHP Warning:  imagejpeg() expects parameter 1 to be resource, boolean given in /home1/dbjranger/public_html/clients/sy-admin/photo.process.functions.php on line 172
[17-Aug-2017 15:22:54 America/Los_Angeles] PHP Warning:  imagecreatefromjpeg(): gd-jpeg: JPEG library reports unrecoverable error:  in /home1/dbjranger/public_html/clients/sy-admin/photo.process.functions.php on line 208
[17-Aug-2017 15:22:54 America/Los_Angeles] PHP Warning:  imagecreatefromjpeg(): '/home1/dbjranger/public_html/clients/sy-photos/2017/08/17/15/large_9577ccfa3_Susan_(3).jpg' is not a valid JPEG file in /home1/dbjranger/public_html/clients/sy-admin/photo.process.functions.php on line 208
[17-Aug-2017 15:22:54 America/Los_Angeles] PHP Warning:  imagecopy() expects parameter 1 to be resource, boolean given in /home1/dbjranger/public_html/clients/sy-admin/photo.process.functions.php on line 223
[17-Aug-2017 15:22:54 America/Los_Angeles] PHP Warning:  imagejpeg() expects parameter 1 to be resource, boolean given in /home1/dbjranger/public_html/clients/sy-admin/photo.process.functions.php on line 246
[17-Aug-2017 15:22:54 America/Los_Angeles] PHP Warning:  imagecreatefromjpeg(): gd-jpeg: JPEG library reports unrecoverable error:  in /home1/dbjranger/public_html/clients/sy-admin/photo.process.functions.php on line 253
[17-Aug-2017 15:22:54 America/Los_Angeles] PHP Warning:  imagecreatefromjpeg(): '/home1/dbjranger/public_html/clients/sy-photos/2017/08/17/15/large_9577ccfa3_Susan_(3).jpg' is not a valid JPEG file in /home1/dbjranger/public_html/clients/sy-admin/photo.process.functions.php on line 253
[17-Aug-2017 15:22:54 America/Los_Angeles] PHP Warning:  imagesx() expects parameter 1 to be resource, boolean given in /home1/dbjranger/public_html/clients/sy-admin/photo.process.functions.php on line 254
[17-Aug-2017 15:22:54 America/Los_Angeles] PHP Warning:  imagesy() expects parameter 1 to be resource, boolean given in /home1/dbjranger/public_html/clients/sy-admin/photo.process.functions.php on line 255
[17-Aug-2017 15:22:54 America/Los_Angeles] PHP Warning:  imagejpeg() expects parameter 1 to be resource, boolean given in /home1/dbjranger/public_html/clients/sy-admin/photo.process.functions.php on line 288
[17-Aug-2017 15:22:54 America/Los_Angeles] PHP Warning:  imagedestroy() expects parameter 1 to be resource, boolean given in /home1/dbjranger/public_html/clients/sy-admin/photo.process.functions.php on line 290
[17-Aug-2017 15:22:54 America/Los_Angeles] PHP Warning:  imagecreatefromjpeg(/home1/dbjranger/public_html/clients/sy-photos/2017/08/17/15/small_53034a_Susan_(3).jpg): failed to open stream: No such file or directory in /home1/dbjranger/public_html/clients/sy-admin/photo.process.functions.php on line 253
[17-Aug-2017 15:22:54 America/Los_Angeles] PHP Warning:  imagesx() expects parameter 1 to be resource, boolean given in /home1/dbjranger/public_html/clients/sy-admin/photo.process.functions.php on line 254
[17-Aug-2017 15:22:54 America/Los_Angeles] PHP Warning:  imagesy() expects parameter 1 to be resource, boolean given in /home1/dbjranger/public_html/clients/sy-admin/photo.process.functions.php on line 255
[17-Aug-2017 15:22:54 America/Los_Angeles] PHP Warning:  imagejpeg() expects parameter 1 to be resource, boolean given in /home1/dbjranger/public_html/clients/sy-admin/photo.process.functions.php on line 288
[17-Aug-2017 15:22:54 America/Los_Angeles] PHP Warning:  imagedestroy() expects parameter 1 to be resource, boolean given in /home1/dbjranger/public_html/clients/sy-admin/photo.process.functions.php on line 290
[17-Aug-2017 15:22:54 America/Los_Angeles] PHP Warning:  imagecreatefromjpeg(/home1/dbjranger/public_html/clients/sy-photos/2017/08/17/15/th_242_Susan_(3).jpg): failed to open stream: No such file or directory in /home1/dbjranger/public_html/clients/sy-admin/photo.process.functions.php on line 253
[17-Aug-2017 15:22:54 America/Los_Angeles] PHP Warning:  imagesx() expects parameter 1 to be resource, boolean given in /home1/dbjranger/public_html/clients/sy-admin/photo.process.functions.php on line 254
[17-Aug-2017 15:22:54 America/Los_Angeles] PHP Warning:  imagesy() expects parameter 1 to be resource, boolean given in /home1/dbjranger/public_html/clients/sy-admin/photo.process.functions.php on line 255
[17-Aug-2017 15:22:54 America/Los_Angeles] PHP Warning:  imagejpeg() expects parameter 1 to be resource, boolean given in /home1/dbjranger/public_html/clients/sy-admin/photo.process.functions.php on line 288
[17-Aug-2017 15:22:54 America/Los_Angeles] PHP Warning:  imagedestroy() expects parameter 1 to be resource, boolean given in /home1/dbjranger/public_html/clients/sy-admin/photo.process.functions.php on line 290
[17-Aug-2017 15:22:54 America/Los_Angeles] PHP Warning:  imagecreatefromjpeg(/home1/dbjranger/public_html/clients/sy-photos/2017/08/17/15/mini_242_Susan_(3).jpg): failed to open stream: No such file or directory in /home1/dbjranger/public_html/clients/sy-admin/photo.process.functions.php on line 584
[17-Aug-2017 15:22:54 America/Los_Angeles] PHP Warning:  imagecopy() expects parameter 2 to be resource, boolean given in /home1/dbjranger/public_html/clients/sy-admin/photo.process.functions.php on line 587
[17-Aug-2017 15:28:25 America/Los_Angeles] PHP Warning:  Invalid argument supplied for foreach() in /home1/dbjranger/public_html/clients/sy-admin/news/news.edit.php on line 204
[17-Aug-2017 18:36:02 America/Los_Angeles] PHP Fatal error:  Call to undefined function cropphotoview4() in /home1/dbjranger/public_html/clients/sy-inc/store/store_photos_buy_v2_view_product.php on line 101
[17-Aug-2017 18:58:40 America/Los_Angeles] PHP Fatal error:  Call to undefined function cropphotoview4() in /home1/dbjranger/public_html/clients/sy-inc/store/store_photos_buy_v2_view_product.php on line 100
[17-Aug-2017 19:06:32 America/Los_Angeles] PHP Parse error:  syntax error, unexpected '}' in /home1/dbjranger/public_html/clients/sy-inc/store/store_functions.php on line 2398
[17-Aug-2017 19:08:29 America/Los_Angeles] PHP Parse error:  syntax error, unexpected '}' in /home1/dbjranger/public_html/clients/sy-inc/store/store_functions.php on line 2409
[17-Aug-2017 19:22:18 America/Los_Angeles] PHP Parse error:  syntax error, unexpected '}' in /home1/dbjranger/public_html/clients/sy-inc/store/store_functions.php on line 2409
[17-Aug-2017 19:34:08 America/Los_Angeles] PHP Parse error:  syntax error, unexpected '}' in /home1/dbjranger/public_html/clients/sy-inc/store/store_functions.php on line 2398
[17-Aug-2017 19:35:19 America/Los_Angeles] PHP Parse error:  syntax error, unexpected '}' in /home1/dbjranger/public_html/clients/sy-inc/store/store_functions.php on line 2409
[17-Aug-2017 19:37:43 America/Los_Angeles] PHP Parse error:  syntax error, unexpected '}' in /home1/dbjranger/public_html/clients/sy-inc/store/store_functions.php on line 2398
[17-Aug-2017 19:45:51 America/Los_Angeles] PHP Parse error:  syntax error, unexpected '}' in /home1/dbjranger/public_html/clients/sy-inc/store/store_functions.php on line 2398
[22-Aug-2017 19:50:24 America/Los_Angeles] PHP Catchable fatal error:  Object of class mysqli_result could not be converted to string in /home1/dbjranger/public_html/clients/sy-inc/store/store_package_photo.php on line 652
